Archive member included to satisfy reference by file (symbol)

.\CortexM3\ARM_GCC_541\Debug\ADC MK III.a(UART_1.o)
                              .\CortexM3\ARM_GCC_541\Debug\main.o (UART_1_Start)
.\CortexM3\ARM_GCC_541\Debug\ADC MK III.a(UART_1_IntClock.o)
                              .\CortexM3\ARM_GCC_541\Debug\ADC MK III.a(UART_1.o) (UART_1_IntClock_Start)
.\CortexM3\ARM_GCC_541\Debug\ADC MK III.a(CyDmac.o)
                              .\CortexM3\ARM_GCC_541\Debug\Cm3Start.o (CyDmacConfigure)
.\CortexM3\ARM_GCC_541\Debug\ADC MK III.a(CyLib.o)
                              .\CortexM3\ARM_GCC_541\Debug\Cm3Start.o (CyHalt)
.\CortexM3\ARM_GCC_541\Debug\ADC MK III.a(cyPm.o)
                              .\CortexM3\ARM_GCC_541\Debug\ADC MK III.a(CyLib.o) (CyPmReadStatus)
.\CortexM3\ARM_GCC_541\Debug\ADC MK III.a(DMA_1_dma.o)
                              .\CortexM3\ARM_GCC_541\Debug\main.o (DMA_1_DmaInitialize)
.\CortexM3\ARM_GCC_541\Debug\ADC MK III.a(ADC_DelSig.o)
                              .\CortexM3\ARM_GCC_541\Debug\main.o (ADC_DelSig_Start)
.\CortexM3\ARM_GCC_541\Debug\ADC MK III.a(ADC_DelSig_INT.o)
                              .\CortexM3\ARM_GCC_541\Debug\ADC MK III.a(ADC_DelSig.o) (ADC_DelSig_ISR1)
.\CortexM3\ARM_GCC_541\Debug\ADC MK III.a(ISR_DMA_Done.o)
                              .\CortexM3\ARM_GCC_541\Debug\main.o (ISR_DMA_Done_StartEx)
.\CortexM3\ARM_GCC_541\Debug\ADC MK III.a(ADC_DelSig_Ext_CP_Clk.o)
                              .\CortexM3\ARM_GCC_541\Debug\ADC MK III.a(ADC_DelSig.o) (ADC_DelSig_Ext_CP_Clk_SetModeRegister)
.\CortexM3\ARM_GCC_541\Debug\ADC MK III.a(ADC_DelSig_theACLK.o)
                              .\CortexM3\ARM_GCC_541\Debug\ADC MK III.a(ADC_DelSig.o) (ADC_DelSig_theACLK_SetModeRegister)
.\CortexM3\ARM_GCC_541\Debug\ADC MK III.a(Opamp_1.o)
                              .\CortexM3\ARM_GCC_541\Debug\main.o (Opamp_1_Start)
.\CortexM3\ARM_GCC_541\Debug\ADC MK III.a(FFT_Flag.o)
                              .\CortexM3\ARM_GCC_541\Debug\fft.o (FFT_Flag_Write)
.\CortexM3\ARM_GCC_541\Debug\ADC MK III.a(Hann_Flag.o)
                              .\CortexM3\ARM_GCC_541\Debug\fft.o (Hann_Flag_Write)
.\CortexM3\ARM_GCC_541\Debug\ADC MK III.a(Proc_done_test.o)
                              .\CortexM3\ARM_GCC_541\Debug\main.o (Proc_done_test_Write)
.\CortexM3\ARM_GCC_541\Debug\ADC MK III.a(CyBootAsmGnu.o)
                              .\CortexM3\ARM_GCC_541\Debug\cyfitter_cfg.o (CyDelayCycles)
.\CortexM3\ARM_GCC_541\Debug\ADC MK III.a(CyFlash.o)
                              .\CortexM3\ARM_GCC_541\Debug\ADC MK III.a(cyPm.o) (CyFlash_SetWaitCycles)
.\CortexM3\ARM_GCC_541\Debug\ADC MK III.a(CySpc.o)
                              .\CortexM3\ARM_GCC_541\Debug\ADC MK III.a(CyFlash.o) (CySpcStart)
c:/program files (x86)/cypress/psoc creator/4.3/psoc creator/import/gnu/arm/5.4.1/bin/../lib/gcc/arm-none-eabi/5.4.1/../../../../arm-none-eabi/lib/armv7-m\libm.a(lib_a-cabsf.o)
                              .\CortexM3\ARM_GCC_541\Debug\fft.o (cabsf)
c:/program files (x86)/cypress/psoc creator/4.3/psoc creator/import/gnu/arm/5.4.1/bin/../lib/gcc/arm-none-eabi/5.4.1/../../../../arm-none-eabi/lib/armv7-m\libm.a(lib_a-cimagf.o)
                              c:/program files (x86)/cypress/psoc creator/4.3/psoc creator/import/gnu/arm/5.4.1/bin/../lib/gcc/arm-none-eabi/5.4.1/../../../../arm-none-eabi/lib/armv7-m\libm.a(lib_a-cabsf.o) (cimagf)
c:/program files (x86)/cypress/psoc creator/4.3/psoc creator/import/gnu/arm/5.4.1/bin/../lib/gcc/arm-none-eabi/5.4.1/../../../../arm-none-eabi/lib/armv7-m\libm.a(lib_a-cpow.o)
                              .\CortexM3\ARM_GCC_541\Debug\fft.o (cpow)
c:/program files (x86)/cypress/psoc creator/4.3/psoc creator/import/gnu/arm/5.4.1/bin/../lib/gcc/arm-none-eabi/5.4.1/../../../../arm-none-eabi/lib/armv7-m\libm.a(lib_a-creal.o)
                              c:/program files (x86)/cypress/psoc creator/4.3/psoc creator/import/gnu/arm/5.4.1/bin/../lib/gcc/arm-none-eabi/5.4.1/../../../../arm-none-eabi/lib/armv7-m\libm.a(lib_a-cpow.o) (creal)
c:/program files (x86)/cypress/psoc creator/4.3/psoc creator/import/gnu/arm/5.4.1/bin/../lib/gcc/arm-none-eabi/5.4.1/../../../../arm-none-eabi/lib/armv7-m\libm.a(lib_a-crealf.o)
                              c:/program files (x86)/cypress/psoc creator/4.3/psoc creator/import/gnu/arm/5.4.1/bin/../lib/gcc/arm-none-eabi/5.4.1/../../../../arm-none-eabi/lib/armv7-m\libm.a(lib_a-cabsf.o) (crealf)
c:/program files (x86)/cypress/psoc creator/4.3/psoc creator/import/gnu/arm/5.4.1/bin/../lib/gcc/arm-none-eabi/5.4.1/../../../../arm-none-eabi/lib/armv7-m\libm.a(lib_a-s_cos.o)
                              c:/program files (x86)/cypress/psoc creator/4.3/psoc creator/import/gnu/arm/5.4.1/bin/../lib/gcc/arm-none-eabi/5.4.1/../../../../arm-none-eabi/lib/armv7-m\libm.a(lib_a-cpow.o) (cos)
[...]
Memory Configuration

Name             Origin             Length             Attributes
rom              0x00000000         0x00040000         xr
ram              0x1fff8000         0x00010000         xrw
*default*        0x00000000         0xffffffff

Linker script and memory map

LOAD c:/program files (x86)/cypress/psoc creator/4.3/psoc creator/import/gnu/arm/5.4.1/bin/../lib/gcc/arm-none-eabi/5.4.1/armv7-m/crti.o
LOAD c:/program files (x86)/cypress/psoc creator/4.3/psoc creator/import/gnu/arm/5.4.1/bin/../lib/gcc/arm-none-eabi/5.4.1/armv7-m/crtbegin.o
LOAD c:/program files (x86)/cypress/psoc creator/4.3/psoc creator/import/gnu/arm/5.4.1/bin/../lib/gcc/arm-none-eabi/5.4.1/../../../../arm-none-eabi/lib/armv7-m/crt0.o
START GROUP
LOAD .\CortexM3\ARM_GCC_541\Debug\main.o
LOAD .\CortexM3\ARM_GCC_541\Debug\fft.o
LOAD .\CortexM3\ARM_GCC_541\Debug\fir_filter1.o
LOAD .\CortexM3\ARM_GCC_541\Debug\cyfitter_cfg.o
LOAD .\CortexM3\ARM_GCC_541\Debug\cymetadata.o
LOAD .\CortexM3\ARM_GCC_541\Debug\Cm3Start.o
LOAD .\CortexM3\ARM_GCC_541\Debug\ADC MK III.a
LOAD C:\Program Files (x86)\Cypress\PSoC Creator\4.3\PSoC Creator\psoc\content\cycomponentlibrary\CyComponentLibrary.cylib\CortexM3\ARM_GCC_541\Debug\CyComponentLibrary.a
LOAD c:/program files (x86)/cypress/psoc creator/4.3/psoc creator/import/gnu/arm/5.4.1/bin/../lib/gcc/arm-none-eabi/5.4.1/../../../../arm-none-eabi/lib/armv7-m\libm.a
END GROUP
START GROUP
LOAD c:/program files (x86)/cypress/psoc creator/4.3/psoc creator/import/gnu/arm/5.4.1/bin/../lib/gcc/arm-none-eabi/5.4.1/armv7-m\libgcc.a
LOAD c:/program files (x86)/cypress/psoc creator/4.3/psoc creator/import/gnu/arm/5.4.1/bin/../lib/gcc/arm-none-eabi/5.4.1/../../../../arm-none-eabi/lib/armv7-m\libg_nano.a
LOAD c:/program files (x86)/cypress/psoc creator/4.3/psoc creator/import/gnu/arm/5.4.1/bin/../lib/gcc/arm-none-eabi/5.4.1/../../../../arm-none-eabi/lib/armv7-m\libc_nano.a
END GROUP
START GROUP
LOAD c:/program files (x86)/cypress/psoc creator/4.3/psoc creator/import/gnu/arm/5.4.1/bin/../lib/gcc/arm-none-eabi/5.4.1/armv7-m\libgcc.a
LOAD c:/program files (x86)/cypress/psoc creator/4.3/psoc creator/import/gnu/arm/5.4.1/bin/../lib/gcc/arm-none-eabi/5.4.1/../../../../arm-none-eabi/lib/armv7-m\libc_nano.a
END GROUP
LOAD c:/program files (x86)/cypress/psoc creator/4.3/psoc creator/import/gnu/arm/5.4.1/bin/../lib/gcc/arm-none-eabi/5.4.1/armv7-m/crtend.o
LOAD c:/program files (x86)/cypress/psoc creator/4.3/psoc creator/import/gnu/arm/5.4.1/bin/../lib/gcc/arm-none-eabi/5.4.1/armv7-m/crtn.o
START GROUP
LOAD c:/program files (x86)/cypress/psoc creator/4.3/psoc creator/import/gnu/arm/5.4.1/bin/../lib/gcc/arm-none-eabi/5.4.1/armv7-m\libgcc.a
LOAD c:/program files (x86)/cypress/psoc creator/4.3/psoc creator/import/gnu/arm/5.4.1/bin/../lib/gcc/arm-none-eabi/5.4.1/../../../../arm-none-eabi/lib/armv7-m\libc.a
LOAD c:/program files (x86)/cypress/psoc creator/4.3/psoc creator/import/gnu/arm/5.4.1/bin/../lib/gcc/arm-none-eabi/5.4.1/../../../../arm-none-eabi/lib/armv7-m\libnosys.a
END GROUP
                0x00000000                CY_APPL_ORIGIN = 0x0
                0x00000100                CY_FLASH_ROW_SIZE = 0x100
                0x00000020                CY_ECC_ROW_SIZE = 0x20
                0x00000000                CY_EE_IN_BTLDR = 0x0
                0x00000000                CY_APPL_LOADABLE = 0x0
                0x00000800                CY_EE_SIZE = 0x800
                0x00000001                CY_APPL_NUM = 0x1
                0x00000001                CY_APPL_MAX = 0x1
                0x00000040                CY_METADATA_SIZE = 0x40
                0x00000000                CY_APPL_LOADABLE = 0x0
                0x00000000                CY_CHECKSUM_EXCLUDE_SIZE = ALIGN (0x0, CY_FLASH_ROW_SIZE)
                [!provide]                PROVIDE (__cy_heap_start, _end)
                0x00000001                PROVIDE (__cy_region_num, ((__cy_regions_end - __cy_regions) / 0x10))
                0x20008000                PROVIDE (__cy_stack, (ORIGIN (ram) + LENGTH (ram)))
                [!provide]                PROVIDE (__cy_heap_end, (__cy_stack - 0x800))

.cybootloader   0x00000000        0x0
 *(.cybootloader)
                0x00000000                appl1_start = CY_APPL_ORIGIN?CY_APPL_ORIGIN:ALIGN (CY_FLASH_ROW_SIZE)
                0x0001ff00                appl2_start = (appl1_start + ALIGN ((((LENGTH (rom) - appl1_start) - (0x2 * CY_FLASH_ROW_SIZE)) / 0x2), CY_FLASH_ROW_SIZE))
                0x00000000                appl_start = (CY_APPL_NUM == 0x1)?appl1_start:appl2_start
                0x00000000                ecc_offset = ((appl_start / CY_FLASH_ROW_SIZE) * CY_ECC_ROW_SIZE)
                0x00000000                ee_offset = (CY_APPL_LOADABLE && ! (CY_EE_IN_BTLDR))?((CY_EE_SIZE / CY_APPL_MAX) * (CY_APPL_NUM - 0x1)):0x0
                0x00000800                ee_size = (CY_APPL_LOADABLE && ! (CY_EE_IN_BTLDR))?(CY_EE_SIZE / CY_APPL_MAX):CY_EE_SIZE
                [!provide]                PROVIDE (CY_ECC_OFFSET, ecc_offset)

.text           0x00000000     0x3cd0
 CREATE_OBJECT_SYMBOLS
                0x00000000                PROVIDE (__cy_interrupt_vector, RomVectors)
 *(.romvectors)
 .romvectors    0x00000000       0x10 .\CortexM3\ARM_GCC_541\Debug\Cm3Start.o
                0x00000000                RomVectors
                0x00000001                ASSERT ((. != __cy_interrupt_vector), No interrupt vector)
                0x00000001                ASSERT (CY_APPL_ORIGIN?(SIZEOF (.cybootloader) <= CY_APPL_ORIGIN):0x1, Wrong image location)
                0x00000010                PROVIDE (__cy_reset, Reset)
 *(.text.Reset)
 .text.Reset    0x00000010       0x18 .\CortexM3\ARM_GCC_541\Debug\Cm3Start.o
                0x00000010                Reset
                0x00000001                ASSERT ((. != __cy_reset), No reset code)
 *(.dma_init)
                0x00000001                ASSERT ((((appl_start + .) <= 0x10000) || 0x1), DMA Init must be within the first 64k of flash)
 *(.text .text.* .gnu.linkonce.t.*)
 .text          0x00000028       0x5c c:/program files (x86)/cypress/psoc creator/4.3/psoc creator/import/gnu/arm/5.4.1/bin/../lib/gcc/arm-none-eabi/5.4.1/armv7-m/crtbegin.o
 .text.ISR_DMA_Done
                0x00000084       0xa8 .\CortexM3\ARM_GCC_541\Debug\main.o
                0x00000084                ISR_DMA_Done
 .text.main     0x0000012c       0x70 .\CortexM3\ARM_GCC_541\Debug\main.o
                0x0000012c                main
 .text.firFixedInit
                0x0000019c       0x14 .\CortexM3\ARM_GCC_541\Debug\fir_filter1.o
                0x0000019c                firFixedInit
 .text.firStoreNewSamples
                0x000001b0       0x18 .\CortexM3\ARM_GCC_541\Debug\fir_filter1.o
                0x000001b0                firStoreNewSamples
 .text.firMoveProcSamples
                0x000001c8       0x18 .\CortexM3\ARM_GCC_541\Debug\fir_filter1.o
                0x000001c8                firMoveProcSamples
 .text.firFixed
                0x000001e0       0x64 .\CortexM3\ARM_GCC_541\Debug\fir_filter1.o
                0x000001e0                firFixed
 .text.CyClockStartupError
                0x00000244        0x4 .\CortexM3\ARM_GCC_541\Debug\cyfitter_cfg.o
 .text.cfg_write_bytes32
                0x00000248       0x34 .\CortexM3\ARM_GCC_541\Debug\cyfitter_cfg.o
 .text.AnalogSetDefault
                0x0000027c       0x80 .\CortexM3\ARM_GCC_541\Debug\cyfitter_cfg.o
 .text.CYMEMZERO
                0x000002fc        0xc .\CortexM3\ARM_GCC_541\Debug\cyfitter_cfg.o
 .text.CYCONFIGCPY
                0x00000308        0x8 .\CortexM3\ARM_GCC_541\Debug\cyfitter_cfg.o
 .text.ClockSetup
                0x00000310       0xfc .\CortexM3\ARM_GCC_541\Debug\cyfitter_cfg.o
 .text.cyfitter_cfg
                0x0000040c      0x15c .\CortexM3\ARM_GCC_541\Debug\cyfitter_cfg.o
                0x0000040c                cyfitter_cfg
 .text.IntDefaultHandler
                0x00000568       0x10 .\CortexM3\ARM_GCC_541\Debug\Cm3Start.o
                0x00000568                IntDefaultHandler
 .text._sbrk    0x00000578       0x30 .\CortexM3\ARM_GCC_541\Debug\Cm3Start.o
                0x00000578                _sbrk
 .text.Start_c  0x000005a8       0x4c .\CortexM3\ARM_GCC_541\Debug\Cm3Start.o
                0x000005a8                Start_c
 .text.initialize_psoc
                0x000005f4       0x6c .\CortexM3\ARM_GCC_541\Debug\Cm3Start.o
                0x000005f4                initialize_psoc
 .text.UART_1_Init
                0x00000660       0x24 .\CortexM3\ARM_GCC_541\Debug\ADC MK III.a(UART_1.o)
                0x00000660                UART_1_Init
 .text.UART_1_Enable
                0x00000684       0x38 .\CortexM3\ARM_GCC_541\Debug\ADC MK III.a(UART_1.o)
                0x00000684                UART_1_Enable
 .text.UART_1_Start
                0x000006bc       0x1c .\CortexM3\ARM_GCC_541\Debug\ADC MK III.a(UART_1.o)
                0x000006bc                UART_1_Start
 .text.UART_1_PutChar
                0x000006d8       0x18 .\CortexM3\ARM_GCC_541\Debug\ADC MK III.a(UART_1.o)
                0x000006d8                UART_1_PutChar
 .text.UART_1_PutString
                0x000006f0       0x24 .\CortexM3\ARM_GCC_541\Debug\ADC MK III.a(UART_1.o)
                0x000006f0                UART_1_PutString
 .text.UART_1_IntClock_Start
                0x00000714       0x1c .\CortexM3\ARM_GCC_541\Debug\ADC MK III.a(UART_1_IntClock.o)
                0x00000714                UART_1_IntClock_Start
 .text.CyDmacConfigure
                0x00000730       0x34 .\CortexM3\ARM_GCC_541\Debug\ADC MK III.a(CyDmac.o)
                0x00000730                CyDmacConfigure
 .text.CyDmaChEnable
                0x00000764       0x38 .\CortexM3\ARM_GCC_541\Debug\ADC MK III.a(CyDmac.o)
                0x00000764                CyDmaChEnable
 .text.CyDmaChPriority
                0x0000079c       0x24 .\CortexM3\ARM_GCC_541\Debug\ADC MK III.a(CyDmac.o)
                0x0000079c                CyDmaChPriority
 .text.CyDmaChSetExtendedAddress
                0x000007c0       0x34 .\CortexM3\ARM_GCC_541\Debug\ADC MK III.a(CyDmac.o)
                0x000007c0                CyDmaChSetExtendedAddress
 .text.CyDmaChSetInitialTd
                0x000007f4       0x18 .\CortexM3\ARM_GCC_541\Debug\ADC MK III.a(CyDmac.o)
                0x000007f4                CyDmaChSetInitialTd
 .text.CyDmaChSetConfiguration
                0x0000080c       0x44 .\CortexM3\ARM_GCC_541\Debug\ADC MK III.a(CyDmac.o)
                0x0000080c                CyDmaChSetConfiguration
 .text.CyDmaTdAllocate
                0x00000850       0x34 .\CortexM3\ARM_GCC_541\Debug\ADC MK III.a(CyDmac.o)
                0x00000850                CyDmaTdAllocate
 .text.CyDmaTdSetConfiguration
                0x00000884       0x28 .\CortexM3\ARM_GCC_541\Debug\ADC MK III.a(CyDmac.o)
                0x00000884                CyDmaTdSetConfiguration
 .text.CyDmaTdSetAddress
                0x000008ac       0x1c .\CortexM3\ARM_GCC_541\Debug\ADC MK III.a(CyDmac.o)
                0x000008ac                CyDmaTdSetAddress
 .text.CyHalt   0x000008c8        0x4 .\CortexM3\ARM_GCC_541\Debug\ADC MK III.a(CyLib.o)
                0x000008c8                CyHalt
 .text.CyDelayUs
                0x000008cc       0x14 .\CortexM3\ARM_GCC_541\Debug\ADC MK III.a(CyLib.o)
                0x000008cc                CyDelayUs
 .text.CyIntSetVector
                0x000008e0       0x28 .\CortexM3\ARM_GCC_541\Debug\ADC MK III.a(CyLib.o)
                0x000008e0                CyIntSetVector
 .text.CyIntSetPriority
                0x00000908       0x30 .\CortexM3\ARM_GCC_541\Debug\ADC MK III.a(CyLib.o)
                0x00000908                CyIntSetPriority
 .text.DMA_1_DmaInitialize
                0x00000938       0x3c .\CortexM3\ARM_GCC_541\Debug\ADC MK III.a(DMA_1_dma.o)
                0x00000938                DMA_1_DmaInitialize
 .text.ADC_DelSig_GainCompensation
                0x00000974       0xe0 .\CortexM3\ARM_GCC_541\Debug\ADC MK III.a(ADC_DelSig.o)
 .text.ADC_DelSig_SetDSMRef0Reg
                0x00000a54       0x4c .\CortexM3\ARM_GCC_541\Debug\ADC MK III.a(ADC_DelSig.o)
 .text.ADC_DelSig_InitConfig
                0x00000aa0      0x31c .\CortexM3\ARM_GCC_541\Debug\ADC MK III.a(ADC_DelSig.o)
 .text.ADC_DelSig_Init
                0x00000dbc      0x108 .\CortexM3\ARM_GCC_541\Debug\ADC MK III.a(ADC_DelSig.o)
                0x00000dbc                ADC_DelSig_Init
 .text.ADC_DelSig_Enable
                0x00000ec4       0xd8 .\CortexM3\ARM_GCC_541\Debug\ADC MK III.a(ADC_DelSig.o)
                0x00000ec4                ADC_DelSig_Enable
 .text.ADC_DelSig_Start
                0x00000f9c       0x28 .\CortexM3\ARM_GCC_541\Debug\ADC MK III.a(ADC_DelSig.o)
                0x00000f9c                ADC_DelSig_Start
 .text.ADC_DelSig_StartConvert
                0x00000fc4       0x10 .\CortexM3\ARM_GCC_541\Debug\ADC MK III.a(ADC_DelSig.o)
                0x00000fc4                ADC_DelSig_StartConvert
 .text.ADC_DelSig_ISR1
                0x00000fd4        0x4 .\CortexM3\ARM_GCC_541\Debug\ADC MK III.a(ADC_DelSig_INT.o)
                0x00000fd4                ADC_DelSig_ISR1
 .text.ADC_DelSig_ISR2
                0x00000fd8        0x4 .\CortexM3\ARM_GCC_541\Debug\ADC MK III.a(ADC_DelSig_INT.o)
                0x00000fd8                ADC_DelSig_ISR2
 .text.ADC_DelSig_ISR3
                0x00000fdc        0x4 .\CortexM3\ARM_GCC_541\Debug\ADC MK III.a(ADC_DelSig_INT.o)
                0x00000fdc                ADC_DelSig_ISR3
 .text.ADC_DelSig_ISR4
                0x00000fe0        0x4 .\CortexM3\ARM_GCC_541\Debug\ADC MK III.a(ADC_DelSig_INT.o)
                0x00000fe0                ADC_DelSig_ISR4
 .text.ISR_DMA_Done_SetVector
                0x00000fe4        0xc .\CortexM3\ARM_GCC_541\Debug\ADC MK III.a(ISR_DMA_Done.o)
                0x00000fe4                ISR_DMA_Done_SetVector
 .text.ISR_DMA_Done_SetPriority
                0x00000ff0       0x10 .\CortexM3\ARM_GCC_541\Debug\ADC MK III.a(ISR_DMA_Done.o)
                0x00000ff0                ISR_DMA_Done_SetPriority
 .text.ISR_DMA_Done_Enable
                0x00001000        0xc .\CortexM3\ARM_GCC_541\Debug\ADC MK III.a(ISR_DMA_Done.o)
                0x00001000                ISR_DMA_Done_Enable
 .text.ISR_DMA_Done_Disable
                0x0000100c        0xc .\CortexM3\ARM_GCC_541\Debug\ADC MK III.a(ISR_DMA_Done.o)
                0x0000100c                ISR_DMA_Done_Disable
 .text.ISR_DMA_Done_StartEx
                0x00001018       0x1c .\CortexM3\ARM_GCC_541\Debug\ADC MK III.a(ISR_DMA_Done.o)
                0x00001018                ISR_DMA_Done_StartEx
 .text.ADC_DelSig_Ext_CP_Clk_GetDividerRegister
                0x00001034        0xc .\CortexM3\ARM_GCC_541\Debug\ADC MK III.a(ADC_DelSig_Ext_CP_Clk.o)
                0x00001034                ADC_DelSig_Ext_CP_Clk_GetDividerRegister
 .text.ADC_DelSig_Ext_CP_Clk_SetModeRegister
                0x00001040       0x14 .\CortexM3\ARM_GCC_541\Debug\ADC MK III.a(ADC_DelSig_Ext_CP_Clk.o)
                0x00001040                ADC_DelSig_Ext_CP_Clk_SetModeRegister
 .text.ADC_DelSig_Ext_CP_Clk_GetSourceRegister
                0x00001054       0x10 .\CortexM3\ARM_GCC_541\Debug\ADC MK III.a(ADC_DelSig_Ext_CP_Clk.o)
                0x00001054                ADC_DelSig_Ext_CP_Clk_GetSourceRegister
 .text.ADC_DelSig_Ext_CP_Clk_SetDividerRegister
                0x00001064       0xd8 .\CortexM3\ARM_GCC_541\Debug\ADC MK III.a(ADC_DelSig_Ext_CP_Clk.o)
                0x00001064                ADC_DelSig_Ext_CP_Clk_SetDividerRegister
 .text.ADC_DelSig_theACLK_GetDividerRegister
                0x0000113c        0xc .\CortexM3\ARM_GCC_541\Debug\ADC MK III.a(ADC_DelSig_theACLK.o)
                0x0000113c                ADC_DelSig_theACLK_GetDividerRegister
 .text.ADC_DelSig_theACLK_SetModeRegister
                0x00001148       0x14 .\CortexM3\ARM_GCC_541\Debug\ADC MK III.a(ADC_DelSig_theACLK.o)
                0x00001148                ADC_DelSig_theACLK_SetModeRegister
 .text.ADC_DelSig_theACLK_GetSourceRegister
                0x0000115c       0x10 .\CortexM3\ARM_GCC_541\Debug\ADC MK III.a(ADC_DelSig_theACLK.o)
                0x0000115c                ADC_DelSig_theACLK_GetSourceRegister
 .text.ADC_DelSig_theACLK_SetDividerRegister
                0x0000116c       0xd8 .\CortexM3\ARM_GCC_541\Debug\ADC MK III.a(ADC_DelSig_theACLK.o)
                0x0000116c                ADC_DelSig_theACLK_SetDividerRegister
 .text.Opamp_1_Enable
                0x00001244       0x28 .\CortexM3\ARM_GCC_541\Debug\ADC MK III.a(Opamp_1.o)
                0x00001244                Opamp_1_Enable
 .text.Opamp_1_SetPower
                0x0000126c       0x1c .\CortexM3\ARM_GCC_541\Debug\ADC MK III.a(Opamp_1.o)
                0x0000126c                Opamp_1_SetPower
 .text.Opamp_1_Init
                0x00001288        0xc .\CortexM3\ARM_GCC_541\Debug\ADC MK III.a(Opamp_1.o)
                0x00001288                Opamp_1_Init
 .text.Opamp_1_Start
                0x00001294       0x1c .\CortexM3\ARM_GCC_541\Debug\ADC MK III.a(Opamp_1.o)
                0x00001294                Opamp_1_Start
 .text.Proc_done_test_Write
                0x000012b0       0x18 .\CortexM3\ARM_GCC_541\Debug\ADC MK III.a(Proc_done_test.o)
                0x000012b0                Proc_done_test_Write
 .text          0x000012c8       0x20 .\CortexM3\ARM_GCC_541\Debug\ADC MK III.a(CyBootAsmGnu.o)
                0x000012c8                CyDelayCycles
                0x000012d8                CyEnterCriticalSection
                0x000012e0                CyExitCriticalSection
 .text          0x000012e8      0x370 c:/program files (x86)/cypress/psoc creator/4.3/psoc creator/import/gnu/arm/5.4.1/bin/../lib/gcc/arm-none-eabi/5.4.1/armv7-m\libgcc.a(_arm_addsubdf3.o)
                0x000012e8                __aeabi_drsub
                0x000012f0                __aeabi_dsub
                0x000012f0                __subdf3
                0x000012f4                __aeabi_dadd
                0x000012f4                __adddf3
                0x0000156c                __floatunsidf
                0x0000156c                __aeabi_ui2d
                0x0000158c                __floatsidf
                0x0000158c                __aeabi_i2d
                0x000015b0                __aeabi_f2d
                0x000015b0                __extendsfdf2
                0x000015ec                __floatundidf
                0x000015ec                __aeabi_ul2d
                0x000015fc                __floatdidf
                0x000015fc                __aeabi_l2d
 .text          0x00001658      0x424 c:/program files (x86)/cypress/psoc creator/4.3/psoc creator/import/gnu/arm/5.4.1/bin/../lib/gcc/arm-none-eabi/5.4.1/armv7-m\libgcc.a(_arm_muldivdf3.o)
                0x00001658                __aeabi_dmul
                0x00001658                __muldf3
                0x000018ac                __divdf3
                0x000018ac                __aeabi_ddiv
 .text          0x00001a7c      0x110 c:/program files (x86)/cypress/psoc creator/4.3/psoc creator/import/gnu/arm/5.4.1/bin/../lib/gcc/arm-none-eabi/5.4.1/armv7-m\libgcc.a(_arm_cmpdf2.o)
                0x00001a7c                __gtdf2
                0x00001a7c                __gedf2
                0x00001a84                __ltdf2
                0x00001a84                __ledf2
                0x00001a8c                __nedf2
                0x00001a8c                __eqdf2
                0x00001a8c                __cmpdf2
                0x00001b08                __aeabi_cdrcmple
                0x00001b18                __aeabi_cdcmpeq
                0x00001b18                __aeabi_cdcmple
                0x00001b28                __aeabi_dcmpeq
                0x00001b3c                __aeabi_dcmplt
                0x00001b50                __aeabi_dcmple
                0x00001b64                __aeabi_dcmpge
                0x00001b78                __aeabi_dcmpgt
 .text          0x00001b8c       0x2c c:/program files (x86)/cypress/psoc creator/4.3/psoc creator/import/gnu/arm/5.4.1/bin/../lib/gcc/arm-none-eabi/5.4.1/armv7-m\libgcc.a(_arm_unorddf2.o)
                0x00001b8c                __unorddf2
                0x00001b8c                __aeabi_dcmpun
 .text          0x00001bb8       0x50 c:/program files (x86)/cypress/psoc creator/4.3/psoc creator/import/gnu/arm/5.4.1/bin/../lib/gcc/arm-none-eabi/5.4.1/armv7-m\libgcc.a(_arm_fixdfsi.o)
                0x00001bb8                __aeabi_d2iz
                0x00001bb8                __fixdfsi
 .text.__errno  0x00001c08        0xc c:/program files (x86)/cypress/psoc creator/4.3/psoc creator/import/gnu/arm/5.4.1/bin/../lib/gcc/arm-none-eabi/5.4.1/../../../../arm-none-eabi/lib/armv7-m\libg_nano.a(lib_a-errno.o)
                0x00001c08                __errno
 .text.__libc_init_array
                0x00001c14       0x4c c:/program files (x86)/cypress/psoc creator/4.3/psoc creator/import/gnu/arm/5.4.1/bin/../lib/gcc/arm-none-eabi/5.4.1/../../../../arm-none-eabi/lib/armv7-m\libg_nano.a(lib_a-init.o)
                0x00001c14                __libc_init_array
 .text.memcpy   0x00001c60       0x16 c:/program files (x86)/cypress/psoc creator/4.3/psoc creator/import/gnu/arm/5.4.1/bin/../lib/gcc/arm-none-eabi/5.4.1/../../../../arm-none-eabi/lib/armv7-m\libg_nano.a(lib_a-memcpy-stub.o)
                0x00001c60                memcpy
 .text.memmove  0x00001c76       0x36 c:/program files (x86)/cypress/psoc creator/4.3/psoc creator/import/gnu/arm/5.4.1/bin/../lib/gcc/arm-none-eabi/5.4.1/../../../../arm-none-eabi/lib/armv7-m\libg_nano.a(lib_a-memmove.o)
                0x00001c76                memmove
 .text.memset   0x00001cac       0x10 c:/program files (x86)/cypress/psoc creator/4.3/psoc creator/import/gnu/arm/5.4.1/bin/../lib/gcc/arm-none-eabi/5.4.1/../../../../arm-none-eabi/lib/armv7-m\libg_nano.a(lib_a-memset.o)
                0x00001cac                memset
 .text.__cvt    0x00001cbc       0xc0 c:/program files (x86)/cypress/psoc creator/4.3/psoc creator/import/gnu/arm/5.4.1/bin/../lib/gcc/arm-none-eabi/5.4.1/../../../../arm-none-eabi/lib/armv7-m\libg_nano.a(lib_a-nano-vfprintf_float.o)
                0x00001cbc                __cvt
 .text.__exponent
                0x00001d7c       0x62 c:/program files (x86)/cypress/psoc creator/4.3/psoc creator/import/gnu/arm/5.4.1/bin/../lib/gcc/arm-none-eabi/5.4.1/../../../../arm-none-eabi/lib/armv7-m\libg_nano.a(lib_a-nano-vfprintf_float.o)
                0x00001d7c                __exponent
 *fill*         0x00001dde        0x2 
 .text._printf_float
                0x00001de0      0x488 c:/program files (x86)/cypress/psoc creator/4.3/psoc creator/import/gnu/arm/5.4.1/bin/../lib/gcc/arm-none-eabi/5.4.1/../../../../arm-none-eabi/lib/armv7-m\libg_nano.a(lib_a-nano-vfprintf_float.o)
                0x00001de0                _printf_float
 .text._printf_common
                0x00002268       0xec c:/program files (x86)/cypress/psoc creator/4.3/psoc creator/import/gnu/arm/5.4.1/bin/../lib/gcc/arm-none-eabi/5.4.1/../../../../arm-none-eabi/lib/armv7-m\libg_nano.a(lib_a-nano-vfprintf_i.o)
                0x00002268                _printf_common
 .text._printf_i
                0x00002354      0x24c c:/program files (x86)/cypress/psoc creator/4.3/psoc creator/import/gnu/arm/5.4.1/bin/../lib/gcc/arm-none-eabi/5.4.1/../../../../arm-none-eabi/lib/armv7-m\libg_nano.a(lib_a-nano-vfprintf_i.o)
                0x00002354                _printf_i
 .text.snprintf
                0x000025a0       0x64 c:/program files (x86)/cypress/psoc creator/4.3/psoc creator/import/gnu/arm/5.4.1/bin/../lib/gcc/arm-none-eabi/5.4.1/../../../../arm-none-eabi/lib/armv7-m\libg_nano.a(lib_a-snprintf.o)
                0x000025a0                sniprintf
                0x000025a0                snprintf
 .text          0x00002604       0x10 c:/program files (x86)/cypress/psoc creator/4.3/psoc creator/import/gnu/arm/5.4.1/bin/../lib/gcc/arm-none-eabi/5.4.1/../../../../arm-none-eabi/lib/armv7-m\libg_nano.a(lib_a-strlen.o)
                0x00002604                strlen
 .text.quorem   0x00002614      0x116 c:/program files (x86)/cypress/psoc creator/4.3/psoc creator/import/gnu/arm/5.4.1/bin/../lib/gcc/arm-none-eabi/5.4.1/../../../../arm-none-eabi/lib/armv7-m\libg_nano.a(lib_a-dtoa.o)
 *fill*         0x0000272a        0x6 
 .text._dtoa_r  0x00002730      0xb30 c:/program files (x86)/cypress/psoc creator/4.3/psoc creator/import/gnu/arm/5.4.1/bin/../lib/gcc/arm-none-eabi/5.4.1/../../../../arm-none-eabi/lib/armv7-m\libg_nano.a(lib_a-dtoa.o)
                0x00002730                _dtoa_r
 .text._localeconv_r
                0x00003260        0x8 c:/program files (x86)/cypress/psoc creator/4.3/psoc creator/import/gnu/arm/5.4.1/bin/../lib/gcc/arm-none-eabi/5.4.1/../../../../arm-none-eabi/lib/armv7-m\libg_nano.a(lib_a-locale.o)
                0x00003260                _localeconv_r
 .text.malloc   0x00003268       0x10 c:/program files (x86)/cypress/psoc creator/4.3/psoc creator/import/gnu/arm/5.4.1/bin/../lib/gcc/arm-none-eabi/5.4.1/../../../../arm-none-eabi/lib/armv7-m\libg_nano.a(lib_a-malloc.o)
                0x00003268                malloc
 .text.memchr   0x00003278       0x1c c:/program files (x86)/cypress/psoc creator/4.3/psoc creator/import/gnu/arm/5.4.1/bin/../lib/gcc/arm-none-eabi/5.4.1/../../../../arm-none-eabi/lib/armv7-m\libg_nano.a(lib_a-memchr-stub.o)
                0x00003278                memchr
 .text._Balloc  0x00003294       0x6a c:/program files (x86)/cypress/psoc creator/4.3/psoc creator/import/gnu/arm/5.4.1/bin/../lib/gcc/arm-none-eabi/5.4.1/../../../../arm-none-eabi/lib/armv7-m\libg_nano.a(lib_a-mprec.o)
                0x00003294                _Balloc
 .text._Bfree   0x000032fe       0x2e c:/program files (x86)/cypress/psoc creator/4.3/psoc creator/import/gnu/arm/5.4.1/bin/../lib/gcc/arm-none-eabi/5.4.1/../../../../arm-none-eabi/lib/armv7-m\libg_nano.a(lib_a-mprec.o)
                0x000032fe                _Bfree
 .text.__multadd
                0x0000332c       0x76 c:/program files (x86)/cypress/psoc creator/4.3/psoc creator/import/gnu/arm/5.4.1/bin/../lib/gcc/arm-none-eabi/5.4.1/../../../../arm-none-eabi/lib/armv7-m\libg_nano.a(lib_a-mprec.o)
                0x0000332c                __multadd
 .text.__hi0bits
                0x000033a2       0x40 c:/program files (x86)/cypress/psoc creator/4.3/psoc creator/import/gnu/arm/5.4.1/bin/../lib/gcc/arm-none-eabi/5.4.1/../../../../arm-none-eabi/lib/armv7-m\libg_nano.a(lib_a-mprec.o)
                0x000033a2                __hi0bits
 .text.__lo0bits
                0x000033e2       0x5a c:/program files (x86)/cypress/psoc creator/4.3/psoc creator/import/gnu/arm/5.4.1/bin/../lib/gcc/arm-none-eabi/5.4.1/../../../../arm-none-eabi/lib/armv7-m\libg_nano.a(lib_a-mprec.o)
                0x000033e2                __lo0bits
 .text.__i2b    0x0000343c       0x12 c:/program files (x86)/cypress/psoc creator/4.3/psoc creator/import/gnu/arm/5.4.1/bin/../lib/gcc/arm-none-eabi/5.4.1/../../../../arm-none-eabi/lib/armv7-m\libg_nano.a(lib_a-mprec.o)
                0x0000343c                __i2b
 .text.__multiply
                0x0000344e      0x120 c:/program files (x86)/cypress/psoc creator/4.3/psoc creator/import/gnu/arm/5.4.1/bin/../lib/gcc/arm-none-eabi/5.4.1/../../../../arm-none-eabi/lib/armv7-m\libg_nano.a(lib_a-mprec.o)
                0x0000344e                __multiply
 *fill*         0x0000356e        0x2 
 .text.__pow5mult
                0x00003570       0x9c c:/program files (x86)/cypress/psoc creator/4.3/psoc creator/import/gnu/arm/5.4.1/bin/../lib/gcc/arm-none-eabi/5.4.1/../../../../arm-none-eabi/lib/armv7-m\libg_nano.a(lib_a-mprec.o)
                0x00003570                __pow5mult
 .text.__lshift
                0x0000360c       0xa2 c:/program files (x86)/cypress/psoc creator/4.3/psoc creator/import/gnu/arm/5.4.1/bin/../lib/gcc/arm-none-eabi/5.4.1/../../../../arm-none-eabi/lib/armv7-m\libg_nano.a(lib_a-mprec.o)
                0x0000360c                __lshift
 .text.__mcmp   0x000036ae       0x38 c:/program files (x86)/cypress/psoc creator/4.3/psoc creator/import/gnu/arm/5.4.1/bin/../lib/gcc/arm-none-eabi/5.4.1/../../../../arm-none-eabi/lib/armv7-m\libg_nano.a(lib_a-mprec.o)
                0x000036ae                __mcmp
 .text.__mdiff  0x000036e6       0xbe c:/program files (x86)/cypress/psoc creator/4.3/psoc creator/import/gnu/arm/5.4.1/bin/../lib/gcc/arm-none-eabi/5.4.1/../../../../arm-none-eabi/lib/armv7-m\libg_nano.a(lib_a-mprec.o)
                0x000036e6                __mdiff
 .text.__d2b    0x000037a4       0x9c c:/program files (x86)/cypress/psoc creator/4.3/psoc creator/import/gnu/arm/5.4.1/bin/../lib/gcc/arm-none-eabi/5.4.1/../../../../arm-none-eabi/lib/armv7-m\libg_nano.a(lib_a-mprec.o)
                0x000037a4                __d2b
 .text._calloc_r
                0x00003840       0x1c c:/program files (x86)/cypress/psoc creator/4.3/psoc creator/import/gnu/arm/5.4.1/bin/../lib/gcc/arm-none-eabi/5.4.1/../../../../arm-none-eabi/lib/armv7-m\libg_nano.a(lib_a-nano-callocr.o)
                0x00003840                _calloc_r
 .text._free_r  0x0000385c       0x98 c:/program files (x86)/cypress/psoc creator/4.3/psoc creator/import/gnu/arm/5.4.1/bin/../lib/gcc/arm-none-eabi/5.4.1/../../../../arm-none-eabi/lib/armv7-m\libg_nano.a(lib_a-nano-freer.o)
                0x0000385c                _free_r
 .text._malloc_r
                0x000038f4       0xbc c:/program files (x86)/cypress/psoc creator/4.3/psoc creator/import/gnu/arm/5.4.1/bin/../lib/gcc/arm-none-eabi/5.4.1/../../../../arm-none-eabi/lib/armv7-m\libg_nano.a(lib_a-nano-mallocr.o)
                0x000038f4                _malloc_r
 .text.__ssputs_r
                0x000039b0       0xb2 c:/program files (x86)/cypress/psoc creator/4.3/psoc creator/import/gnu/arm/5.4.1/bin/../lib/gcc/arm-none-eabi/5.4.1/../../../../arm-none-eabi/lib/armv7-m\libg_nano.a(lib_a-nano-svfprintf.o)
                0x000039b0                __ssputs_r
 *fill*         0x00003a62        0x2 
 .text._svfprintf_r
                0x00003a64      0x1e8 c:/program files (x86)/cypress/psoc creator/4.3/psoc creator/import/gnu/arm/5.4.1/bin/../lib/gcc/arm-none-eabi/5.4.1/../../../../arm-none-eabi/lib/armv7-m\libg_nano.a(lib_a-nano-svfprintf.o)
                0x00003a64                _svfiprintf_r
                0x00003a64                _svfprintf_r
 .text._sbrk_r  0x00003c4c       0x20 c:/program files (x86)/cypress/psoc creator/4.3/psoc creator/import/gnu/arm/5.4.1/bin/../lib/gcc/arm-none-eabi/5.4.1/../../../../arm-none-eabi/lib/armv7-m\libg_nano.a(lib_a-sbrkr.o)
                0x00003c4c                _sbrk_r
 .text.__malloc_lock
                0x00003c6c        0x2 c:/program files (x86)/cypress/psoc creator/4.3/psoc creator/import/gnu/arm/5.4.1/bin/../lib/gcc/arm-none-eabi/5.4.1/../../../../arm-none-eabi/lib/armv7-m\libg_nano.a(lib_a-mlock.o)
                0x00003c6c                __malloc_lock
 .text.__malloc_unlock
                0x00003c6e        0x2 c:/program files (x86)/cypress/psoc creator/4.3/psoc creator/import/gnu/arm/5.4.1/bin/../lib/gcc/arm-none-eabi/5.4.1/../../../../arm-none-eabi/lib/armv7-m\libg_nano.a(lib_a-mlock.o)
                0x00003c6e                __malloc_unlock
 .text._realloc_r
                0x00003c70       0x4c c:/program files (x86)/cypress/psoc creator/4.3/psoc creator/import/gnu/arm/5.4.1/bin/../lib/gcc/arm-none-eabi/5.4.1/../../../../arm-none-eabi/lib/armv7-m\libg_nano.a(lib_a-nano-reallocr.o)
                0x00003c70                _realloc_r
 .text._malloc_usable_size_r
                0x00003cbc       0x14 c:/program files (x86)/cypress/psoc creator/4.3/psoc creator/import/gnu/arm/5.4.1/bin/../lib/gcc/arm-none-eabi/5.4.1/../../../../arm-none-eabi/lib/armv7-m\libg_nano.a(lib_a-nano-msizer.o)
                0x00003cbc                _malloc_usable_size_r
 *(.plt)
 *(.gnu.warning)
 *(.glue_7t)
 .glue_7t       0x00003cd0        0x0 linker stubs
 *(.glue_7)
 .glue_7        0x00003cd0        0x0 linker stubs
 *(.vfp11_veneer)
 .vfp11_veneer  0x00003cd0        0x0 linker stubs
 *(.bootloader)
 *(.ARM.extab* .gnu.linkonce.armextab.*)
 *(.gcc_except_table)

.v4_bx          0x00003cd0        0x0
 .v4_bx         0x00003cd0        0x0 linker stubs

.iplt           0x00003cd0        0x0
 .iplt          0x00003cd0        0x0 c:/program files (x86)/cypress/psoc creator/4.3/psoc creator/import/gnu/arm/5.4.1/bin/../lib/gcc/arm-none-eabi/5.4.1/armv7-m/crtbegin.o

.eh_frame_hdr
 *(.eh_frame_hdr)

.eh_frame       0x00003cd0        0x4
 *(.eh_frame)
 .eh_frame      0x00003cd0        0x0 c:/program files (x86)/cypress/psoc creator/4.3/psoc creator/import/gnu/arm/5.4.1/bin/../lib/gcc/arm-none-eabi/5.4.1/armv7-m/crtbegin.o
 .eh_frame      0x00003cd0        0x4 c:/program files (x86)/cypress/psoc creator/4.3/psoc creator/import/gnu/arm/5.4.1/bin/../lib/gcc/arm-none-eabi/5.4.1/armv7-m/crtend.o
                [!provide]                PROVIDE (__exidx_start, .)

.ARM.exidx
 *(.ARM.exidx* .gnu.linkonce.armexidx.*)
                0x00003cd4                __exidx_end = .

.rodata         0x00003cd8      0x1e8
 *(.rodata .rodata.* .gnu.linkonce.r.*)
 .rodata.str1.4
                0x00003cd8       0x18 .\CortexM3\ARM_GCC_541\Debug\main.o
                                 0x15 (size before relaxing)
 .rodata        0x00003cf0       0x36 .\CortexM3\ARM_GCC_541\Debug\cyfitter_cfg.o
 .rodata.str1.1
                0x00003d26        0x2 c:/program files (x86)/cypress/psoc creator/4.3/psoc creator/import/gnu/arm/5.4.1/bin/../lib/gcc/arm-none-eabi/5.4.1/../../../../arm-none-eabi/lib/armv7-m\libg_nano.a(lib_a-impure.o)
 .rodata.str1.1
                0x00003d28       0x12 c:/program files (x86)/cypress/psoc creator/4.3/psoc creator/import/gnu/arm/5.4.1/bin/../lib/gcc/arm-none-eabi/5.4.1/../../../../arm-none-eabi/lib/armv7-m\libg_nano.a(lib_a-nano-vfprintf_float.o)
 .rodata.str1.1
                0x00003d3a       0x22 c:/program files (x86)/cypress/psoc creator/4.3/psoc creator/import/gnu/arm/5.4.1/bin/../lib/gcc/arm-none-eabi/5.4.1/../../../../arm-none-eabi/lib/armv7-m\libg_nano.a(lib_a-nano-vfprintf_i.o)
 .rodata.str1.1
                0x00003d5c        0xd c:/program files (x86)/cypress/psoc creator/4.3/psoc creator/import/gnu/arm/5.4.1/bin/../lib/gcc/arm-none-eabi/5.4.1/../../../../arm-none-eabi/lib/armv7-m\libg_nano.a(lib_a-dtoa.o)
                                  0xf (size before relaxing)
 .rodata.str1.1
                0x00003d69        0x8 c:/program files (x86)/cypress/psoc creator/4.3/psoc creator/import/gnu/arm/5.4.1/bin/../lib/gcc/arm-none-eabi/5.4.1/../../../../arm-none-eabi/lib/armv7-m\libg_nano.a(lib_a-locale.o)
                                  0xb (size before relaxing)
 *fill*         0x00003d71        0x7 
 .rodata.__mprec_tens
                0x00003d78       0xc8 c:/program files (x86)/cypress/psoc creator/4.3/psoc creator/import/gnu/arm/5.4.1/bin/../lib/gcc/arm-none-eabi/5.4.1/../../../../arm-none-eabi/lib/armv7-m\libg_nano.a(lib_a-mprec.o)
                0x00003d78                __mprec_tens
 .rodata.p05.5408
                0x00003e40        0xc c:/program files (x86)/cypress/psoc creator/4.3/psoc creator/import/gnu/arm/5.4.1/bin/../lib/gcc/arm-none-eabi/5.4.1/../../../../arm-none-eabi/lib/armv7-m\libg_nano.a(lib_a-mprec.o)
 *fill*         0x00003e4c        0x4 
 .rodata.__mprec_bigtens
                0x00003e50       0x28 c:/program files (x86)/cypress/psoc creator/4.3/psoc creator/import/gnu/arm/5.4.1/bin/../lib/gcc/arm-none-eabi/5.4.1/../../../../arm-none-eabi/lib/armv7-m\libg_nano.a(lib_a-mprec.o)
                0x00003e50                __mprec_bigtens
 .rodata.str1.1
                0x00003e78       0x11 c:/program files (x86)/cypress/psoc creator/4.3/psoc creator/import/gnu/arm/5.4.1/bin/../lib/gcc/arm-none-eabi/5.4.1/../../../../arm-none-eabi/lib/armv7-m\libg_nano.a(lib_a-nano-svfprintf.o)
                0x00003e8c                . = ALIGN (0x4)
 *fill*         0x00003e89        0x3 
 *(.init)
 .init          0x00003e8c        0x4 c:/program files (x86)/cypress/psoc creator/4.3/psoc creator/import/gnu/arm/5.4.1/bin/../lib/gcc/arm-none-eabi/5.4.1/armv7-m/crti.o
                0x00003e8c                _init
 .init          0x00003e90        0x8 c:/program files (x86)/cypress/psoc creator/4.3/psoc creator/import/gnu/arm/5.4.1/bin/../lib/gcc/arm-none-eabi/5.4.1/armv7-m/crtn.o
                0x00003e98                . = ALIGN (0x4)
                0x00003e98                __preinit_array_start = .
 *(.preinit_array)
                0x00003e98                __preinit_array_end = .
                0x00003e98                . = ALIGN (0x4)
                0x00003e98                __init_array_start = .
 *(SORT(.init_array.*))
 *(.init_array)
 .init_array    0x00003e98        0x4 c:/program files (x86)/cypress/psoc creator/4.3/psoc creator/import/gnu/arm/5.4.1/bin/../lib/gcc/arm-none-eabi/5.4.1/armv7-m/crtbegin.o
 .init_array    0x00003e9c        0x4 .\CortexM3\ARM_GCC_541\Debug\Cm3Start.o
                0x00003ea0                __init_array_end = .
                0x00003ea0                . = ALIGN (0x4)
 *(.fini)
 .fini          0x00003ea0        0x4 c:/program files (x86)/cypress/psoc creator/4.3/psoc creator/import/gnu/arm/5.4.1/bin/../lib/gcc/arm-none-eabi/5.4.1/armv7-m/crti.o
                0x00003ea0                _fini
 .fini          0x00003ea4        0x8 c:/program files (x86)/cypress/psoc creator/4.3/psoc creator/import/gnu/arm/5.4.1/bin/../lib/gcc/arm-none-eabi/5.4.1/armv7-m/crtn.o
                0x00003eac                . = ALIGN (0x4)
                0x00003eac                __fini_array_start = .
 *(.fini_array)
 .fini_array    0x00003eac        0x4 c:/program files (x86)/cypress/psoc creator/4.3/psoc creator/import/gnu/arm/5.4.1/bin/../lib/gcc/arm-none-eabi/5.4.1/armv7-m/crtbegin.o
 *(SORT(.fini_array.*))
                0x00003eb0                __fini_array_end = .
                0x00003eb0                . = ALIGN (0x4)
 *crtbegin.o(.ctors)
 *(EXCLUDE_FILE(*crtend.o) .ctors)
 *(SORT(.ctors.*))
 *crtend.o(.ctors)
                0x00003eb0                . = ALIGN (0x4)
 *crtbegin.o(.dtors)
 *(EXCLUDE_FILE(*crtend.o) .dtors)
 *(SORT(.dtors.*))
 *crtend.o(.dtors)
                0x00003eb0                . = ALIGN (0x4)
                0x00003eb0                __cy_regions = .
                0x00003eb0        0x4 LONG 0x3ec0 __cy_region_init_ram
                0x00003eb4        0x4 LONG 0x1fff80c8 __cy_region_start_data
                0x00003eb8        0x4 LONG 0x148 __cy_region_init_size_ram
                0x00003ebc        0x4 LONG 0x318 __cy_region_zero_size_ram
                0x00003ec0                __cy_regions_end = .
                0x00003ec0                . = ALIGN (0x8)
                0x00003ec0                _etext = .

.cy_checksum_exclude
                0x00003ec0        0x0
 *(.cy_checksum_exclude)

.ramvectors     0x1fff8000       0xc0
                0x1fff8000                __cy_region_start_ram = .
 *(.ramvectors)
 .ramvectors    0x1fff8000       0xc0 .\CortexM3\ARM_GCC_541\Debug\Cm3Start.o
                0x1fff8000                CyRamVectors

.noinit         0x1fff80c0        0x1
 *(.noinit)
 .noinit        0x1fff80c0        0x1 .\CortexM3\ARM_GCC_541\Debug\ADC MK III.a(CyLib.o)
                0x1fff80c0                CyResetStatus

.data           0x1fff80c8      0x148 load address 0x00003ec0
                0x1fff80c8                __cy_region_start_data = .
 *(.jcr)
 .jcr           0x1fff80c8        0x0 c:/program files (x86)/cypress/psoc creator/4.3/psoc creator/import/gnu/arm/5.4.1/bin/../lib/gcc/arm-none-eabi/5.4.1/armv7-m/crtbegin.o
 .jcr           0x1fff80c8        0x4 c:/program files (x86)/cypress/psoc creator/4.3/psoc creator/import/gnu/arm/5.4.1/bin/../lib/gcc/arm-none-eabi/5.4.1/armv7-m/crtend.o
 *(.got.plt)
 *(.got)
 *(.shdata)
 *(.data .data.* .gnu.linkonce.d.*)
 .data          0x1fff80cc       0x88 .\CortexM3\ARM_GCC_541\Debug\main.o
 .data          0x1fff8154        0x4 .\CortexM3\ARM_GCC_541\Debug\Cm3Start.o
 .data          0x1fff8158        0x8 .\CortexM3\ARM_GCC_541\Debug\ADC MK III.a(CyDmac.o)
 .data          0x1fff8160       0x10 .\CortexM3\ARM_GCC_541\Debug\ADC MK III.a(CyLib.o)
                0x1fff8160                cydelay_32k_ms
                0x1fff8164                cydelay_freq_khz
                0x1fff8168                cydelay_freq_mhz
                0x1fff816c                cydelay_freq_hz
 .data          0x1fff8170        0x1 .\CortexM3\ARM_GCC_541\Debug\ADC MK III.a(DMA_1_dma.o)
                0x1fff8170                DMA_1_DmaHandle
 .data          0x1fff8171        0x1 .\CortexM3\ARM_GCC_541\Debug\ADC MK III.a(ADC_DelSig.o)
                0x1fff8171                ADC_DelSig_Config
 *fill*         0x1fff8172        0x2 
 .data.impure_data
                0x1fff8174       0x60 c:/program files (x86)/cypress/psoc creator/4.3/psoc creator/import/gnu/arm/5.4.1/bin/../lib/gcc/arm-none-eabi/5.4.1/../../../../arm-none-eabi/lib/armv7-m\libg_nano.a(lib_a-impure.o)
 .data._impure_ptr
                0x1fff81d4        0x4 c:/program files (x86)/cypress/psoc creator/4.3/psoc creator/import/gnu/arm/5.4.1/bin/../lib/gcc/arm-none-eabi/5.4.1/../../../../arm-none-eabi/lib/armv7-m\libg_nano.a(lib_a-impure.o)
                0x1fff81d4                _impure_ptr
 .data.lconv    0x1fff81d8       0x38 c:/program files (x86)/cypress/psoc creator/4.3/psoc creator/import/gnu/arm/5.4.1/bin/../lib/gcc/arm-none-eabi/5.4.1/../../../../arm-none-eabi/lib/armv7-m\libg_nano.a(lib_a-locale.o)
                0x1fff8210                . = ALIGN (0x8)
 *(.ram)
                0x1fff8210                _edata = .

.igot.plt       0x1fff8210        0x0 load address 0x00004008
 .igot.plt      0x1fff8210        0x0 c:/program files (x86)/cypress/psoc creator/4.3/psoc creator/import/gnu/arm/5.4.1/bin/../lib/gcc/arm-none-eabi/5.4.1/armv7-m/crtbegin.o

.bss            0x1fff8210      0x318 load address 0x00004008
                0x1fff8210                PROVIDE (__bss_start__, .)
 *(.shbss)
 *(.bss .bss.* .gnu.linkonce.b.*)
 .bss           0x1fff8210       0x1c c:/program files (x86)/cypress/psoc creator/4.3/psoc creator/import/gnu/arm/5.4.1/bin/../lib/gcc/arm-none-eabi/5.4.1/armv7-m/crtbegin.o
 .bss           0x1fff822c       0xa1 .\CortexM3\ARM_GCC_541\Debug\main.o
                0x1fff82cc                DMA_Done_Flag
 .bss           0x1fff82cd        0x2 .\CortexM3\ARM_GCC_541\Debug\ADC MK III.a(UART_1.o)
                0x1fff82cd                UART_1_initVar
 *fill*         0x1fff82cf        0x1 
 .bss           0x1fff82d0       0x18 .\CortexM3\ARM_GCC_541\Debug\ADC MK III.a(ADC_DelSig.o)
                0x1fff82e0                ADC_DelSig_stopConversion
                0x1fff82e1                ADC_DelSig_convDone
                0x1fff82e2                ADC_DelSig_initVar
                0x1fff82e3                ADC_DelSig_started
                0x1fff82e4                ADC_DelSig_Offset
 .bss           0x1fff82e8        0x1 .\CortexM3\ARM_GCC_541\Debug\ADC MK III.a(Opamp_1.o)
                0x1fff82e8                Opamp_1_initVar
 *fill*         0x1fff82e9        0x3 
 .bss.__malloc_sbrk_start
                0x1fff82ec        0x4 c:/program files (x86)/cypress/psoc creator/4.3/psoc creator/import/gnu/arm/5.4.1/bin/../lib/gcc/arm-none-eabi/5.4.1/../../../../arm-none-eabi/lib/armv7-m\libg_nano.a(lib_a-nano-mallocr.o)
                0x1fff82ec                __malloc_sbrk_start
 .bss.__malloc_free_list
                0x1fff82f0        0x4 c:/program files (x86)/cypress/psoc creator/4.3/psoc creator/import/gnu/arm/5.4.1/bin/../lib/gcc/arm-none-eabi/5.4.1/../../../../arm-none-eabi/lib/armv7-m\libg_nano.a(lib_a-nano-mallocr.o)
                0x1fff82f0                __malloc_free_list
 *(COMMON)
 COMMON         0x1fff82f4      0x100 .\CortexM3\ARM_GCC_541\Debug\main.o
                0x1fff82f4                uartBuffer
 COMMON         0x1fff83f4      0x126 .\CortexM3\ARM_GCC_541\Debug\fir_filter1.o
                0x1fff83f4                insamp
 *fill*         0x1fff851a        0x2 
 COMMON         0x1fff851c        0x4 .\CortexM3\ARM_GCC_541\Debug\ADC MK III.a(ADC_DelSig.o)
                0x1fff851c                ADC_DelSig_CountsPerVolt
 COMMON         0x1fff8520        0x4 c:/program files (x86)/cypress/psoc creator/4.3/psoc creator/import/gnu/arm/5.4.1/bin/../lib/gcc/arm-none-eabi/5.4.1/../../../../arm-none-eabi/lib/armv7-m\libg_nano.a(lib_a-reent.o)
                0x1fff8520                errno
                0x1fff8528                . = ALIGN (0x8)
 *fill*         0x1fff8524        0x4 
 *(.ram.b)
                0x1fff8528                _end = .
                0x1fff8528                __end = .
                0x1fff8528                PROVIDE (end, .)
                0x1fff8528                PROVIDE (__bss_end__, .)
                0x00003ec0                __cy_region_init_ram = LOADADDR (.data)
                0x00000148                __cy_region_init_size_ram = (_edata - ADDR (.data))
                0x00000318                __cy_region_zero_size_ram = (_end - _edata)

.heap           0x1fff8528       0x80 load address 0x00004008
                0x1fff8528                . = _end
                0x1fff85a8                . = (. + 0x80)
 *fill*         0x1fff8528       0x80 
                0x1fff85a8                __cy_heap_limit = .

.stack          0x20007800      0x800
                0x20007800                __cy_stack_limit = .
                0x20008000                . = (. + 0x800)
 *fill*         0x20007800      0x800 
                0x00000001                ASSERT ((__cy_stack_limit >= __cy_heap_limit), region RAM overflowed with stack)
                0x00000000                cy_checksum_exclude_size = (CY_APPL_LOADABLE == 0x1)?SIZEOF (.cy_checksum_exclude):0x0
                0x00000001                ASSERT ((cy_checksum_exclude_size <= CY_CHECKSUM_EXCLUDE_SIZE), CY_BOOT: Section .cy_checksum_exclude size exceedes specified limit.)

.cyloadermeta
 *(.cyloadermeta)

.cyloadablemeta
 *(.cyloadablemeta)

.cyconfigecc    0x80000000      0x658
 *(.cyconfigecc)
 .cyconfigecc   0x80000000      0x658 .\CortexM3\ARM_GCC_541\Debug\cymetadata.o
                0x80000000                cy_meta_configecc

.cycustnvl      0x90000000        0x4
 *(.cycustnvl)
 .cycustnvl     0x90000000        0x4 .\CortexM3\ARM_GCC_541\Debug\cymetadata.o
                0x90000000                cy_meta_custnvl

.cywolatch      0x90100000        0x4
 *(.cywolatch)
 .cywolatch     0x90100000        0x4 .\CortexM3\ARM_GCC_541\Debug\cymetadata.o
                0x90100000                cy_meta_wonvl

.cyeeprom       0x90200000        0x0
 *(.cyeeprom)
                0x00000001                ASSERT ((. <= ((0x90200000 + ee_offset) + ee_size)), .cyeeprom data will not fit in EEPROM)

.cyflashprotect
                0x90400000      0x100
 *(.cyflashprotect)
 .cyflashprotect
                0x90400000      0x100 .\CortexM3\ARM_GCC_541\Debug\cymetadata.o
                0x90400000                cy_meta_flashprotect

.cymeta         0x90500000        0xc
 *(.cymeta)
 .cymeta        0x90500000        0xc .\CortexM3\ARM_GCC_541\Debug\cymetadata.o
                0x90500000                cy_metadata

.rel.dyn        0x00004008        0x0 load address 0x9050000c
 .rel.iplt      0x00004008        0x0 c:/program files (x86)/cypress/psoc creator/4.3/psoc creator/import/gnu/arm/5.4.1/bin/../lib/gcc/arm-none-eabi/5.4.1/armv7-m/crtbegin.o

.stab
 *(.stab)

.stabstr
 *(.stabstr)

.debug
 *(.debug)

.line
 *(.line)

.debug_srcinfo
 *(.debug_srcinfo)

.debug_sfnames
 *(.debug_sfnames)

.debug_aranges  0x00000000      0xb70
 *(.debug_aranges)
 .debug_aranges
                0x00000000       0x28 .\CortexM3\ARM_GCC_541\Debug\main.o
 .debug_aranges
                0x00000028       0x20 .\CortexM3\ARM_GCC_541\Debug\fft.o
 .debug_aranges
                0x00000048       0x38 .\CortexM3\ARM_GCC_541\Debug\fir_filter1.o
 .debug_aranges
                0x00000080       0x58 .\CortexM3\ARM_GCC_541\Debug\cyfitter_cfg.o
 .debug_aranges
                0x000000d8       0x18 .\CortexM3\ARM_GCC_541\Debug\cymetadata.o
 .debug_aranges
                0x000000f0       0x48 .\CortexM3\ARM_GCC_541\Debug\Cm3Start.o
 .debug_aranges
                0x00000138       0xf0 .\CortexM3\ARM_GCC_541\Debug\ADC MK III.a(UART_1.o)
 .debug_aranges
                0x00000228       0x70 .\CortexM3\ARM_GCC_541\Debug\ADC MK III.a(UART_1_IntClock.o)
 .debug_aranges
                0x00000298       0xd8 .\CortexM3\ARM_GCC_541\Debug\ADC MK III.a(CyDmac.o)
 .debug_aranges
                0x00000370      0x2a0 .\CortexM3\ARM_GCC_541\Debug\ADC MK III.a(CyLib.o)
 .debug_aranges
                0x00000610       0x98 .\CortexM3\ARM_GCC_541\Debug\ADC MK III.a(cyPm.o)
 .debug_aranges
                0x000006a8       0x28 .\CortexM3\ARM_GCC_541\Debug\ADC MK III.a(DMA_1_dma.o)
 .debug_aranges
                0x000006d0       0xe8 .\CortexM3\ARM_GCC_541\Debug\ADC MK III.a(ADC_DelSig.o)
 .debug_aranges
                0x000007b8       0x38 .\CortexM3\ARM_GCC_541\Debug\ADC MK III.a(ADC_DelSig_INT.o)
 .debug_aranges
                0x000007f0       0x80 .\CortexM3\ARM_GCC_541\Debug\ADC MK III.a(ISR_DMA_Done.o)
 .debug_aranges
                0x00000870       0x70 .\CortexM3\ARM_GCC_541\Debug\ADC MK III.a(ADC_DelSig_Ext_CP_Clk.o)
 .debug_aranges
                0x000008e0       0x80 .\CortexM3\ARM_GCC_541\Debug\ADC MK III.a(ADC_DelSig_theACLK.o)
 .debug_aranges
                0x00000960       0x40 .\CortexM3\ARM_GCC_541\Debug\ADC MK III.a(Opamp_1.o)
 .debug_aranges
                0x000009a0       0x38 .\CortexM3\ARM_GCC_541\Debug\ADC MK III.a(FFT_Flag.o)
 .debug_aranges
                0x000009d8       0x38 .\CortexM3\ARM_GCC_541\Debug\ADC MK III.a(Hann_Flag.o)
 .debug_aranges
                0x00000a10       0x38 .\CortexM3\ARM_GCC_541\Debug\ADC MK III.a(Proc_done_test.o)
 .debug_aranges
                0x00000a48       0x20 .\CortexM3\ARM_GCC_541\Debug\ADC MK III.a(CyBootAsmGnu.o)
 .debug_aranges
                0x00000a68       0x88 .\CortexM3\ARM_GCC_541\Debug\ADC MK III.a(CyFlash.o)
 .debug_aranges
                0x00000af0       0x80 .\CortexM3\ARM_GCC_541\Debug\ADC MK III.a(CySpc.o)

.debug_pubnames
 *(.debug_pubnames)

.debug_info     0x00000000     0x6c61
 *(.debug_info .gnu.linkonce.wi.*)
 .debug_info    0x00000000      0x4eb .\CortexM3\ARM_GCC_541\Debug\main.o
 .debug_info    0x000004eb      0x324 .\CortexM3\ARM_GCC_541\Debug\fft.o
 .debug_info    0x0000080f      0x289 .\CortexM3\ARM_GCC_541\Debug\fir_filter1.o
 .debug_info    0x00000a98      0x63b .\CortexM3\ARM_GCC_541\Debug\cyfitter_cfg.o
 .debug_info    0x000010d3      0x138 .\CortexM3\ARM_GCC_541\Debug\cymetadata.o
 .debug_info    0x0000120b      0x3cf .\CortexM3\ARM_GCC_541\Debug\Cm3Start.o
 .debug_info    0x000015da      0x60c .\CortexM3\ARM_GCC_541\Debug\ADC MK III.a(UART_1.o)
 .debug_info    0x00001be6      0x283 .\CortexM3\ARM_GCC_541\Debug\ADC MK III.a(UART_1_IntClock.o)
 .debug_info    0x00001e69      0x94e .\CortexM3\ARM_GCC_541\Debug\ADC MK III.a(CyDmac.o)
 .debug_info    0x000027b7     0x1374 .\CortexM3\ARM_GCC_541\Debug\ADC MK III.a(CyLib.o)
 .debug_info    0x00003b2b      0xa2a .\CortexM3\ARM_GCC_541\Debug\ADC MK III.a(cyPm.o)
 .debug_info    0x00004555      0x1a8 .\CortexM3\ARM_GCC_541\Debug\ADC MK III.a(DMA_1_dma.o)
 .debug_info    0x000046fd      0xb95 .\CortexM3\ARM_GCC_541\Debug\ADC MK III.a(ADC_DelSig.o)
 .debug_info    0x00005292       0xd3 .\CortexM3\ARM_GCC_541\Debug\ADC MK III.a(ADC_DelSig_INT.o)
 .debug_info    0x00005365      0x2d2 .\CortexM3\ARM_GCC_541\Debug\ADC MK III.a(ISR_DMA_Done.o)
 .debug_info    0x00005637      0x283 .\CortexM3\ARM_GCC_541\Debug\ADC MK III.a(ADC_DelSig_Ext_CP_Clk.o)
 .debug_info    0x000058ba      0x2c4 .\CortexM3\ARM_GCC_541\Debug\ADC MK III.a(ADC_DelSig_theACLK.o)
 .debug_info    0x00005b7e      0x151 .\CortexM3\ARM_GCC_541\Debug\ADC MK III.a(Opamp_1.o)
 .debug_info    0x00005ccf      0x11f .\CortexM3\ARM_GCC_541\Debug\ADC MK III.a(FFT_Flag.o)
 .debug_info    0x00005dee      0x11f .\CortexM3\ARM_GCC_541\Debug\ADC MK III.a(Hann_Flag.o)
 .debug_info    0x00005f0d      0x11f .\CortexM3\ARM_GCC_541\Debug\ADC MK III.a(Proc_done_test.o)
 .debug_info    0x0000602c       0x98 .\CortexM3\ARM_GCC_541\Debug\ADC MK III.a(CyBootAsmGnu.o)
 .debug_info    0x000060c4      0x64d .\CortexM3\ARM_GCC_541\Debug\ADC MK III.a(CyFlash.o)
 .debug_info    0x00006711      0x550 .\CortexM3\ARM_GCC_541\Debug\ADC MK III.a(CySpc.o)

.debug_abbrev   0x00000000     0x1cf3
 *(.debug_abbrev)
 .debug_abbrev  0x00000000      0x146 .\CortexM3\ARM_GCC_541\Debug\main.o
 .debug_abbrev  0x00000146      0x157 .\CortexM3\ARM_GCC_541\Debug\fft.o
 .debug_abbrev  0x0000029d      0x131 .\CortexM3\ARM_GCC_541\Debug\fir_filter1.o
 .debug_abbrev  0x000003ce      0x20d .\CortexM3\ARM_GCC_541\Debug\cyfitter_cfg.o
 .debug_abbrev  0x000005db       0x77 .\CortexM3\ARM_GCC_541\Debug\cymetadata.o
 .debug_abbrev  0x00000652      0x1e8 .\CortexM3\ARM_GCC_541\Debug\Cm3Start.o
 .debug_abbrev  0x0000083a      0x175 .\CortexM3\ARM_GCC_541\Debug\ADC MK III.a(UART_1.o)
 .debug_abbrev  0x000009af      0x139 .\CortexM3\ARM_GCC_541\Debug\ADC MK III.a(UART_1_IntClock.o)
 .debug_abbrev  0x00000ae8      0x1b2 .\CortexM3\ARM_GCC_541\Debug\ADC MK III.a(CyDmac.o)
 .debug_abbrev  0x00000c9a      0x254 .\CortexM3\ARM_GCC_541\Debug\ADC MK III.a(CyLib.o)
 .debug_abbrev  0x00000eee      0x1ab .\CortexM3\ARM_GCC_541\Debug\ADC MK III.a(cyPm.o)
 .debug_abbrev  0x00001099       0xcd .\CortexM3\ARM_GCC_541\Debug\ADC MK III.a(DMA_1_dma.o)
 .debug_abbrev  0x00001166      0x1cd .\CortexM3\ARM_GCC_541\Debug\ADC MK III.a(ADC_DelSig.o)
 .debug_abbrev  0x00001333       0x42 .\CortexM3\ARM_GCC_541\Debug\ADC MK III.a(ADC_DelSig_INT.o)
 .debug_abbrev  0x00001375      0x173 .\CortexM3\ARM_GCC_541\Debug\ADC MK III.a(ISR_DMA_Done.o)
 .debug_abbrev  0x000014e8      0x139 .\CortexM3\ARM_GCC_541\Debug\ADC MK III.a(ADC_DelSig_Ext_CP_Clk.o)
 .debug_abbrev  0x00001621      0x121 .\CortexM3\ARM_GCC_541\Debug\ADC MK III.a(ADC_DelSig_theACLK.o)
 .debug_abbrev  0x00001742       0xb2 .\CortexM3\ARM_GCC_541\Debug\ADC MK III.a(Opamp_1.o)
 .debug_abbrev  0x000017f4       0x90 .\CortexM3\ARM_GCC_541\Debug\ADC MK III.a(FFT_Flag.o)
 .debug_abbrev  0x00001884       0x90 .\CortexM3\ARM_GCC_541\Debug\ADC MK III.a(Hann_Flag.o)
 .debug_abbrev  0x00001914       0x90 .\CortexM3\ARM_GCC_541\Debug\ADC MK III.a(Proc_done_test.o)
 .debug_abbrev  0x000019a4       0x14 .\CortexM3\ARM_GCC_541\Debug\ADC MK III.a(CyBootAsmGnu.o)
 .debug_abbrev  0x000019b8      0x1a7 .\CortexM3\ARM_GCC_541\Debug\ADC MK III.a(CyFlash.o)
 .debug_abbrev  0x00001b5f      0x194 .\CortexM3\ARM_GCC_541\Debug\ADC MK III.a(CySpc.o)

.debug_line     0x00000000     0x30c6
 *(.debug_line)
 .debug_line    0x00000000      0x339 .\CortexM3\ARM_GCC_541\Debug\main.o
 .debug_line    0x00000339      0x296 .\CortexM3\ARM_GCC_541\Debug\fft.o
 .debug_line    0x000005cf      0x240 .\CortexM3\ARM_GCC_541\Debug\fir_filter1.o
 .debug_line    0x0000080f      0x20c .\CortexM3\ARM_GCC_541\Debug\cyfitter_cfg.o
 .debug_line    0x00000a1b      0x141 .\CortexM3\ARM_GCC_541\Debug\cymetadata.o
 .debug_line    0x00000b5c      0x241 .\CortexM3\ARM_GCC_541\Debug\Cm3Start.o
 .debug_line    0x00000d9d      0x2c0 .\CortexM3\ARM_GCC_541\Debug\ADC MK III.a(UART_1.o)
 .debug_line    0x0000105d      0x17e .\CortexM3\ARM_GCC_541\Debug\ADC MK III.a(UART_1_IntClock.o)
 .debug_line    0x000011db      0x2e4 .\CortexM3\ARM_GCC_541\Debug\ADC MK III.a(CyDmac.o)
 .debug_line    0x000014bf      0x816 .\CortexM3\ARM_GCC_541\Debug\ADC MK III.a(CyLib.o)
 .debug_line    0x00001cd5      0x367 .\CortexM3\ARM_GCC_541\Debug\ADC MK III.a(cyPm.o)
 .debug_line    0x0000203c       0x82 .\CortexM3\ARM_GCC_541\Debug\ADC MK III.a(DMA_1_dma.o)
 .debug_line    0x000020be      0x3d0 .\CortexM3\ARM_GCC_541\Debug\ADC MK III.a(ADC_DelSig.o)
 .debug_line    0x0000248e       0x87 .\CortexM3\ARM_GCC_541\Debug\ADC MK III.a(ADC_DelSig_INT.o)
 .debug_line    0x00002515      0x139 .\CortexM3\ARM_GCC_541\Debug\ADC MK III.a(ISR_DMA_Done.o)
 .debug_line    0x0000264e      0x184 .\CortexM3\ARM_GCC_541\Debug\ADC MK III.a(ADC_DelSig_Ext_CP_Clk.o)
 .debug_line    0x000027d2      0x1a4 .\CortexM3\ARM_GCC_541\Debug\ADC MK III.a(ADC_DelSig_theACLK.o)
 .debug_line    0x00002976       0xaa .\CortexM3\ARM_GCC_541\Debug\ADC MK III.a(Opamp_1.o)
 .debug_line    0x00002a20       0x95 .\CortexM3\ARM_GCC_541\Debug\ADC MK III.a(FFT_Flag.o)
 .debug_line    0x00002ab5       0x96 .\CortexM3\ARM_GCC_541\Debug\ADC MK III.a(Hann_Flag.o)
 .debug_line    0x00002b4b       0x9b .\CortexM3\ARM_GCC_541\Debug\ADC MK III.a(Proc_done_test.o)
 .debug_line    0x00002be6       0x66 .\CortexM3\ARM_GCC_541\Debug\ADC MK III.a(CyBootAsmGnu.o)
 .debug_line    0x00002c4c      0x21a .\CortexM3\ARM_GCC_541\Debug\ADC MK III.a(CyFlash.o)
 .debug_line    0x00002e66      0x260 .\CortexM3\ARM_GCC_541\Debug\ADC MK III.a(CySpc.o)

.debug_frame    0x00000000     0x2e58
 *(.debug_frame)
 .debug_frame   0x00000000       0x58 .\CortexM3\ARM_GCC_541\Debug\main.o
 .debug_frame   0x00000058       0x48 .\CortexM3\ARM_GCC_541\Debug\fft.o
 .debug_frame   0x000000a0       0x90 .\CortexM3\ARM_GCC_541\Debug\fir_filter1.o
 .debug_frame   0x00000130       0xe4 .\CortexM3\ARM_GCC_541\Debug\cyfitter_cfg.o
 .debug_frame   0x00000214       0xb8 .\CortexM3\ARM_GCC_541\Debug\Cm3Start.o
 .debug_frame   0x000002cc      0x250 .\CortexM3\ARM_GCC_541\Debug\ADC MK III.a(UART_1.o)
 .debug_frame   0x0000051c       0xe0 .\CortexM3\ARM_GCC_541\Debug\ADC MK III.a(UART_1_IntClock.o)
 .debug_frame   0x000005fc      0x1f8 .\CortexM3\ARM_GCC_541\Debug\ADC MK III.a(CyDmac.o)
 .debug_frame   0x000007f4      0x738 .\CortexM3\ARM_GCC_541\Debug\ADC MK III.a(CyLib.o)
 .debug_frame   0x00000f2c      0x1f8 .\CortexM3\ARM_GCC_541\Debug\ADC MK III.a(cyPm.o)
 .debug_frame   0x00001124       0x54 .\CortexM3\ARM_GCC_541\Debug\ADC MK III.a(DMA_1_dma.o)
 .debug_frame   0x00001178      0x284 .\CortexM3\ARM_GCC_541\Debug\ADC MK III.a(ADC_DelSig.o)
 .debug_frame   0x000013fc       0x50 .\CortexM3\ARM_GCC_541\Debug\ADC MK III.a(ADC_DelSig_INT.o)
 .debug_frame   0x0000144c      0x104 .\CortexM3\ARM_GCC_541\Debug\ADC MK III.a(ISR_DMA_Done.o)
 .debug_frame   0x00001550       0xe0 .\CortexM3\ARM_GCC_541\Debug\ADC MK III.a(ADC_DelSig_Ext_CP_Clk.o)
 .debug_frame   0x00001630      0x100 .\CortexM3\ARM_GCC_541\Debug\ADC MK III.a(ADC_DelSig_theACLK.o)
 .debug_frame   0x00001730       0x78 .\CortexM3\ARM_GCC_541\Debug\ADC MK III.a(Opamp_1.o)
 .debug_frame   0x000017a8       0x50 .\CortexM3\ARM_GCC_541\Debug\ADC MK III.a(FFT_Flag.o)
 .debug_frame   0x000017f8       0x50 .\CortexM3\ARM_GCC_541\Debug\ADC MK III.a(Hann_Flag.o)
 .debug_frame   0x00001848       0x50 .\CortexM3\ARM_GCC_541\Debug\ADC MK III.a(Proc_done_test.o)
 .debug_frame   0x00001898      0x194 .\CortexM3\ARM_GCC_541\Debug\ADC MK III.a(CyFlash.o)
 .debug_frame   0x00001a2c      0x180 .\CortexM3\ARM_GCC_541\Debug\ADC MK III.a(CySpc.o)
 .debug_frame   0x00001bac       0x34 c:/program files (x86)/cypress/psoc creator/4.3/psoc creator/import/gnu/arm/5.4.1/bin/../lib/gcc/arm-none-eabi/5.4.1/../../../../arm-none-eabi/lib/armv7-m\libm.a(lib_a-cabsf.o)
 .debug_frame   0x00001be0       0x28 c:/program files (x86)/cypress/psoc creator/4.3/psoc creator/import/gnu/arm/5.4.1/bin/../lib/gcc/arm-none-eabi/5.4.1/../../../../arm-none-eabi/lib/armv7-m\libm.a(lib_a-cimagf.o)
 .debug_frame   0x00001c08       0x50 c:/program files (x86)/cypress/psoc creator/4.3/psoc creator/import/gnu/arm/5.4.1/bin/../lib/gcc/arm-none-eabi/5.4.1/../../../../arm-none-eabi/lib/armv7-m\libm.a(lib_a-cpow.o)
 .debug_frame   0x00001c58       0x28 c:/program files (x86)/cypress/psoc creator/4.3/psoc creator/import/gnu/arm/5.4.1/bin/../lib/gcc/arm-none-eabi/5.4.1/../../../../arm-none-eabi/lib/armv7-m\libm.a(lib_a-creal.o)
 .debug_frame   0x00001c80       0x28 c:/program files (x86)/cypress/psoc creator/4.3/psoc creator/import/gnu/arm/5.4.1/bin/../lib/gcc/arm-none-eabi/5.4.1/../../../../arm-none-eabi/lib/armv7-m\libm.a(lib_a-crealf.o)
 .debug_frame   0x00001ca8       0x38 c:/program files (x86)/cypress/psoc creator/4.3/psoc creator/import/gnu/arm/5.4.1/bin/../lib/gcc/arm-none-eabi/5.4.1/../../../../arm-none-eabi/lib/armv7-m\libm.a(lib_a-s_cos.o)
 .debug_frame   0x00001ce0       0x38 c:/program files (x86)/cypress/psoc creator/4.3/psoc creator/import/gnu/arm/5.4.1/bin/../lib/gcc/arm-none-eabi/5.4.1/../../../../arm-none-eabi/lib/armv7-m\libm.a(lib_a-s_sin.o)
 .debug_frame   0x00001d18       0x34 c:/program files (x86)/cypress/psoc creator/4.3/psoc creator/import/gnu/arm/5.4.1/bin/../lib/gcc/arm-none-eabi/5.4.1/../../../../arm-none-eabi/lib/armv7-m\libm.a(lib_a-sf_cos.o)
 .debug_frame   0x00001d4c       0x44 c:/program files (x86)/cypress/psoc creator/4.3/psoc creator/import/gnu/arm/5.4.1/bin/../lib/gcc/arm-none-eabi/5.4.1/../../../../arm-none-eabi/lib/armv7-m\libm.a(lib_a-w_exp.o)
 .debug_frame   0x00001d90       0x40 c:/program files (x86)/cypress/psoc creator/4.3/psoc creator/import/gnu/arm/5.4.1/bin/../lib/gcc/arm-none-eabi/5.4.1/../../../../arm-none-eabi/lib/armv7-m\libm.a(lib_a-w_log.o)
 .debug_frame   0x00001dd0       0x4c c:/program files (x86)/cypress/psoc creator/4.3/psoc creator/import/gnu/arm/5.4.1/bin/../lib/gcc/arm-none-eabi/5.4.1/../../../../arm-none-eabi/lib/armv7-m\libm.a(lib_a-w_pow.o)
 .debug_frame   0x00001e1c       0x38 c:/program files (x86)/cypress/psoc creator/4.3/psoc creator/import/gnu/arm/5.4.1/bin/../lib/gcc/arm-none-eabi/5.4.1/../../../../arm-none-eabi/lib/armv7-m\libm.a(lib_a-wf_hypot.o)
 .debug_frame   0x00001e54       0x40 c:/program files (x86)/cypress/psoc creator/4.3/psoc creator/import/gnu/arm/5.4.1/bin/../lib/gcc/arm-none-eabi/5.4.1/../../../../arm-none-eabi/lib/armv7-m\libm.a(lib_a-cabs.o)
 .debug_frame   0x00001e94       0x40 c:/program files (x86)/cypress/psoc creator/4.3/psoc creator/import/gnu/arm/5.4.1/bin/../lib/gcc/arm-none-eabi/5.4.1/../../../../arm-none-eabi/lib/armv7-m\libm.a(lib_a-carg.o)
 .debug_frame   0x00001ed4       0x28 c:/program files (x86)/cypress/psoc creator/4.3/psoc creator/import/gnu/arm/5.4.1/bin/../lib/gcc/arm-none-eabi/5.4.1/../../../../arm-none-eabi/lib/armv7-m\libm.a(lib_a-cimag.o)
 .debug_frame   0x00001efc       0x54 c:/program files (x86)/cypress/psoc creator/4.3/psoc creator/import/gnu/arm/5.4.1/bin/../lib/gcc/arm-none-eabi/5.4.1/../../../../arm-none-eabi/lib/armv7-m\libm.a(lib_a-e_exp.o)
 .debug_frame   0x00001f50       0x54 c:/program files (x86)/cypress/psoc creator/4.3/psoc creator/import/gnu/arm/5.4.1/bin/../lib/gcc/arm-none-eabi/5.4.1/../../../../arm-none-eabi/lib/armv7-m\libm.a(lib_a-e_log.o)
 .debug_frame   0x00001fa4       0x68 c:/program files (x86)/cypress/psoc creator/4.3/psoc creator/import/gnu/arm/5.4.1/bin/../lib/gcc/arm-none-eabi/5.4.1/../../../../arm-none-eabi/lib/armv7-m\libm.a(lib_a-e_pow.o)
 .debug_frame   0x0000200c       0x48 c:/program files (x86)/cypress/psoc creator/4.3/psoc creator/import/gnu/arm/5.4.1/bin/../lib/gcc/arm-none-eabi/5.4.1/../../../../arm-none-eabi/lib/armv7-m\libm.a(lib_a-e_rem_pio2.o)
 .debug_frame   0x00002054       0x30 c:/program files (x86)/cypress/psoc creator/4.3/psoc creator/import/gnu/arm/5.4.1/bin/../lib/gcc/arm-none-eabi/5.4.1/../../../../arm-none-eabi/lib/armv7-m\libm.a(lib_a-e_sqrt.o)
 .debug_frame   0x00002084       0x34 c:/program files (x86)/cypress/psoc creator/4.3/psoc creator/import/gnu/arm/5.4.1/bin/../lib/gcc/arm-none-eabi/5.4.1/../../../../arm-none-eabi/lib/armv7-m\libm.a(lib_a-ef_hypot.o)
 .debug_frame   0x000020b8       0x48 c:/program files (x86)/cypress/psoc creator/4.3/psoc creator/import/gnu/arm/5.4.1/bin/../lib/gcc/arm-none-eabi/5.4.1/../../../../arm-none-eabi/lib/armv7-m\libm.a(lib_a-ef_rem_pio2.o)
 .debug_frame   0x00002100       0x2c c:/program files (x86)/cypress/psoc creator/4.3/psoc creator/import/gnu/arm/5.4.1/bin/../lib/gcc/arm-none-eabi/5.4.1/../../../../arm-none-eabi/lib/armv7-m\libm.a(lib_a-ef_sqrt.o)
 .debug_frame   0x0000212c       0x4c c:/program files (x86)/cypress/psoc creator/4.3/psoc creator/import/gnu/arm/5.4.1/bin/../lib/gcc/arm-none-eabi/5.4.1/../../../../arm-none-eabi/lib/armv7-m\libm.a(lib_a-k_cos.o)
 .debug_frame   0x00002178       0x50 c:/program files (x86)/cypress/psoc creator/4.3/psoc creator/import/gnu/arm/5.4.1/bin/../lib/gcc/arm-none-eabi/5.4.1/../../../../arm-none-eabi/lib/armv7-m\libm.a(lib_a-k_rem_pio2.o)
 .debug_frame   0x000021c8       0x48 c:/program files (x86)/cypress/psoc creator/4.3/psoc creator/import/gnu/arm/5.4.1/bin/../lib/gcc/arm-none-eabi/5.4.1/../../../../arm-none-eabi/lib/armv7-m\libm.a(lib_a-k_sin.o)
 .debug_frame   0x00002210       0x34 c:/program files (x86)/cypress/psoc creator/4.3/psoc creator/import/gnu/arm/5.4.1/bin/../lib/gcc/arm-none-eabi/5.4.1/../../../../arm-none-eabi/lib/armv7-m\libm.a(lib_a-kf_cos.o)
 .debug_frame   0x00002244       0x50 c:/program files (x86)/cypress/psoc creator/4.3/psoc creator/import/gnu/arm/5.4.1/bin/../lib/gcc/arm-none-eabi/5.4.1/../../../../arm-none-eabi/lib/armv7-m\libm.a(lib_a-kf_rem_pio2.o)
 .debug_frame   0x00002294       0x34 c:/program files (x86)/cypress/psoc creator/4.3/psoc creator/import/gnu/arm/5.4.1/bin/../lib/gcc/arm-none-eabi/5.4.1/../../../../arm-none-eabi/lib/armv7-m\libm.a(lib_a-kf_sin.o)
 .debug_frame   0x000022c8       0x20 c:/program files (x86)/cypress/psoc creator/4.3/psoc creator/import/gnu/arm/5.4.1/bin/../lib/gcc/arm-none-eabi/5.4.1/../../../../arm-none-eabi/lib/armv7-m\libm.a(lib_a-s_fabs.o)
 .debug_frame   0x000022e8       0x20 c:/program files (x86)/cypress/psoc creator/4.3/psoc creator/import/gnu/arm/5.4.1/bin/../lib/gcc/arm-none-eabi/5.4.1/../../../../arm-none-eabi/lib/armv7-m\libm.a(lib_a-s_finite.o)
 .debug_frame   0x00002308       0x34 c:/program files (x86)/cypress/psoc creator/4.3/psoc creator/import/gnu/arm/5.4.1/bin/../lib/gcc/arm-none-eabi/5.4.1/../../../../arm-none-eabi/lib/armv7-m\libm.a(lib_a-s_floor.o)
 .debug_frame   0x0000233c       0x20 c:/program files (x86)/cypress/psoc creator/4.3/psoc creator/import/gnu/arm/5.4.1/bin/../lib/gcc/arm-none-eabi/5.4.1/../../../../arm-none-eabi/lib/armv7-m\libm.a(lib_a-s_matherr.o)
 .debug_frame   0x0000235c       0x20 c:/program files (x86)/cypress/psoc creator/4.3/psoc creator/import/gnu/arm/5.4.1/bin/../lib/gcc/arm-none-eabi/5.4.1/../../../../arm-none-eabi/lib/armv7-m\libm.a(lib_a-s_nan.o)
 .debug_frame   0x0000237c       0x3c c:/program files (x86)/cypress/psoc creator/4.3/psoc creator/import/gnu/arm/5.4.1/bin/../lib/gcc/arm-none-eabi/5.4.1/../../../../arm-none-eabi/lib/armv7-m\libm.a(lib_a-s_rint.o)
 .debug_frame   0x000023b8       0x30 c:/program files (x86)/cypress/psoc creator/4.3/psoc creator/import/gnu/arm/5.4.1/bin/../lib/gcc/arm-none-eabi/5.4.1/../../../../arm-none-eabi/lib/armv7-m\libm.a(lib_a-s_scalbn.o)
 .debug_frame   0x000023e8       0x20 c:/program files (x86)/cypress/psoc creator/4.3/psoc creator/import/gnu/arm/5.4.1/bin/../lib/gcc/arm-none-eabi/5.4.1/../../../../arm-none-eabi/lib/armv7-m\libm.a(lib_a-sf_fabs.o)
 .debug_frame   0x00002408       0x20 c:/program files (x86)/cypress/psoc creator/4.3/psoc creator/import/gnu/arm/5.4.1/bin/../lib/gcc/arm-none-eabi/5.4.1/../../../../arm-none-eabi/lib/armv7-m\libm.a(lib_a-sf_finite.o)
 .debug_frame   0x00002428       0x30 c:/program files (x86)/cypress/psoc creator/4.3/psoc creator/import/gnu/arm/5.4.1/bin/../lib/gcc/arm-none-eabi/5.4.1/../../../../arm-none-eabi/lib/armv7-m\libm.a(lib_a-sf_floor.o)
 .debug_frame   0x00002458       0x2c c:/program files (x86)/cypress/psoc creator/4.3/psoc creator/import/gnu/arm/5.4.1/bin/../lib/gcc/arm-none-eabi/5.4.1/../../../../arm-none-eabi/lib/armv7-m\libm.a(lib_a-sf_scalbn.o)
 .debug_frame   0x00002484       0x20 c:/program files (x86)/cypress/psoc creator/4.3/psoc creator/import/gnu/arm/5.4.1/bin/../lib/gcc/arm-none-eabi/5.4.1/../../../../arm-none-eabi/lib/armv7-m\libm.a(lib_a-w_atan2.o)
 .debug_frame   0x000024a4       0x40 c:/program files (x86)/cypress/psoc creator/4.3/psoc creator/import/gnu/arm/5.4.1/bin/../lib/gcc/arm-none-eabi/5.4.1/../../../../arm-none-eabi/lib/armv7-m\libm.a(lib_a-w_hypot.o)
 .debug_frame   0x000024e4       0x48 c:/program files (x86)/cypress/psoc creator/4.3/psoc creator/import/gnu/arm/5.4.1/bin/../lib/gcc/arm-none-eabi/5.4.1/../../../../arm-none-eabi/lib/armv7-m\libm.a(lib_a-e_atan2.o)
 .debug_frame   0x0000252c       0x4c c:/program files (x86)/cypress/psoc creator/4.3/psoc creator/import/gnu/arm/5.4.1/bin/../lib/gcc/arm-none-eabi/5.4.1/../../../../arm-none-eabi/lib/armv7-m\libm.a(lib_a-e_hypot.o)
 .debug_frame   0x00002578       0x38 c:/program files (x86)/cypress/psoc creator/4.3/psoc creator/import/gnu/arm/5.4.1/bin/../lib/gcc/arm-none-eabi/5.4.1/../../../../arm-none-eabi/lib/armv7-m\libm.a(lib_a-s_atan.o)
 .debug_frame   0x000025b0       0x20 c:/program files (x86)/cypress/psoc creator/4.3/psoc creator/import/gnu/arm/5.4.1/bin/../lib/gcc/arm-none-eabi/5.4.1/../../../../arm-none-eabi/lib/armv7-m\libm.a(lib_a-s_copysign.o)
 .debug_frame   0x000025d0       0x20 c:/program files (x86)/cypress/psoc creator/4.3/psoc creator/import/gnu/arm/5.4.1/bin/../lib/gcc/arm-none-eabi/5.4.1/../../../../arm-none-eabi/lib/armv7-m\libm.a(lib_a-sf_copysign.o)
 .debug_frame   0x000025f0       0x40 c:/program files (x86)/cypress/psoc creator/4.3/psoc creator/import/gnu/arm/5.4.1/bin/../lib/gcc/arm-none-eabi/5.4.1/armv7-m\libgcc.a(_muldc3.o)
 .debug_frame   0x00002630       0x20 c:/program files (x86)/cypress/psoc creator/4.3/psoc creator/import/gnu/arm/5.4.1/bin/../lib/gcc/arm-none-eabi/5.4.1/../../../../arm-none-eabi/lib/armv7-m\libg_nano.a(lib_a-errno.o)
 .debug_frame   0x00002650       0x28 c:/program files (x86)/cypress/psoc creator/4.3/psoc creator/import/gnu/arm/5.4.1/bin/../lib/gcc/arm-none-eabi/5.4.1/../../../../arm-none-eabi/lib/armv7-m\libg_nano.a(lib_a-exit.o)
 .debug_frame   0x00002678       0x2c c:/program files (x86)/cypress/psoc creator/4.3/psoc creator/import/gnu/arm/5.4.1/bin/../lib/gcc/arm-none-eabi/5.4.1/../../../../arm-none-eabi/lib/armv7-m\libg_nano.a(lib_a-init.o)
 .debug_frame   0x000026a4       0x28 c:/program files (x86)/cypress/psoc creator/4.3/psoc creator/import/gnu/arm/5.4.1/bin/../lib/gcc/arm-none-eabi/5.4.1/../../../../arm-none-eabi/lib/armv7-m\libg_nano.a(lib_a-memcpy-stub.o)
 .debug_frame   0x000026cc       0x28 c:/program files (x86)/cypress/psoc creator/4.3/psoc creator/import/gnu/arm/5.4.1/bin/../lib/gcc/arm-none-eabi/5.4.1/../../../../arm-none-eabi/lib/armv7-m\libg_nano.a(lib_a-memmove.o)
 .debug_frame   0x000026f4       0x20 c:/program files (x86)/cypress/psoc creator/4.3/psoc creator/import/gnu/arm/5.4.1/bin/../lib/gcc/arm-none-eabi/5.4.1/../../../../arm-none-eabi/lib/armv7-m\libg_nano.a(lib_a-memset.o)
 .debug_frame   0x00002714       0x8c c:/program files (x86)/cypress/psoc creator/4.3/psoc creator/import/gnu/arm/5.4.1/bin/../lib/gcc/arm-none-eabi/5.4.1/../../../../arm-none-eabi/lib/armv7-m\libg_nano.a(lib_a-nano-vfprintf_float.o)
 .debug_frame   0x000027a0       0x60 c:/program files (x86)/cypress/psoc creator/4.3/psoc creator/import/gnu/arm/5.4.1/bin/../lib/gcc/arm-none-eabi/5.4.1/../../../../arm-none-eabi/lib/armv7-m\libg_nano.a(lib_a-nano-vfprintf_i.o)
 .debug_frame   0x00002800       0x74 c:/program files (x86)/cypress/psoc creator/4.3/psoc creator/import/gnu/arm/5.4.1/bin/../lib/gcc/arm-none-eabi/5.4.1/../../../../arm-none-eabi/lib/armv7-m\libg_nano.a(lib_a-snprintf.o)
 .debug_frame   0x00002874       0x6c c:/program files (x86)/cypress/psoc creator/4.3/psoc creator/import/gnu/arm/5.4.1/bin/../lib/gcc/arm-none-eabi/5.4.1/../../../../arm-none-eabi/lib/armv7-m\libg_nano.a(lib_a-dtoa.o)
 .debug_frame   0x000028e0       0x98 c:/program files (x86)/cypress/psoc creator/4.3/psoc creator/import/gnu/arm/5.4.1/bin/../lib/gcc/arm-none-eabi/5.4.1/../../../../arm-none-eabi/lib/armv7-m\libg_nano.a(lib_a-locale.o)
 .debug_frame   0x00002978       0x30 c:/program files (x86)/cypress/psoc creator/4.3/psoc creator/import/gnu/arm/5.4.1/bin/../lib/gcc/arm-none-eabi/5.4.1/../../../../arm-none-eabi/lib/armv7-m\libg_nano.a(lib_a-malloc.o)
 .debug_frame   0x000029a8       0x28 c:/program files (x86)/cypress/psoc creator/4.3/psoc creator/import/gnu/arm/5.4.1/bin/../lib/gcc/arm-none-eabi/5.4.1/../../../../arm-none-eabi/lib/armv7-m\libg_nano.a(lib_a-memchr-stub.o)
 .debug_frame   0x000029d0      0x234 c:/program files (x86)/cypress/psoc creator/4.3/psoc creator/import/gnu/arm/5.4.1/bin/../lib/gcc/arm-none-eabi/5.4.1/../../../../arm-none-eabi/lib/armv7-m\libg_nano.a(lib_a-mprec.o)
 .debug_frame   0x00002c04       0x2c c:/program files (x86)/cypress/psoc creator/4.3/psoc creator/import/gnu/arm/5.4.1/bin/../lib/gcc/arm-none-eabi/5.4.1/../../../../arm-none-eabi/lib/armv7-m\libg_nano.a(lib_a-nano-callocr.o)
 .debug_frame   0x00002c30       0x38 c:/program files (x86)/cypress/psoc creator/4.3/psoc creator/import/gnu/arm/5.4.1/bin/../lib/gcc/arm-none-eabi/5.4.1/../../../../arm-none-eabi/lib/armv7-m\libg_nano.a(lib_a-nano-freer.o)
 .debug_frame   0x00002c68       0x2c c:/program files (x86)/cypress/psoc creator/4.3/psoc creator/import/gnu/arm/5.4.1/bin/../lib/gcc/arm-none-eabi/5.4.1/../../../../arm-none-eabi/lib/armv7-m\libg_nano.a(lib_a-nano-mallocr.o)
 .debug_frame   0x00002c94       0x90 c:/program files (x86)/cypress/psoc creator/4.3/psoc creator/import/gnu/arm/5.4.1/bin/../lib/gcc/arm-none-eabi/5.4.1/../../../../arm-none-eabi/lib/armv7-m\libg_nano.a(lib_a-nano-svfprintf.o)
 .debug_frame   0x00002d24       0x2c c:/program files (x86)/cypress/psoc creator/4.3/psoc creator/import/gnu/arm/5.4.1/bin/../lib/gcc/arm-none-eabi/5.4.1/../../../../arm-none-eabi/lib/armv7-m\libg_nano.a(lib_a-sbrkr.o)
 .debug_frame   0x00002d50       0x20 c:/program files (x86)/cypress/psoc creator/4.3/psoc creator/import/gnu/arm/5.4.1/bin/../lib/gcc/arm-none-eabi/5.4.1/../../../../arm-none-eabi/lib/armv7-m\libg_nano.a(lib_a-strcmp.o)
 .debug_frame   0x00002d70       0x30 c:/program files (x86)/cypress/psoc creator/4.3/psoc creator/import/gnu/arm/5.4.1/bin/../lib/gcc/arm-none-eabi/5.4.1/../../../../arm-none-eabi/lib/armv7-m\libg_nano.a(lib_a-mlock.o)
 .debug_frame   0x00002da0       0x3c c:/program files (x86)/cypress/psoc creator/4.3/psoc creator/import/gnu/arm/5.4.1/bin/../lib/gcc/arm-none-eabi/5.4.1/../../../../arm-none-eabi/lib/armv7-m\libg_nano.a(lib_a-nano-reallocr.o)
 .debug_frame   0x00002ddc       0x5c c:/program files (x86)/cypress/psoc creator/4.3/psoc creator/import/gnu/arm/5.4.1/bin/../lib/gcc/arm-none-eabi/5.4.1/../../../../arm-none-eabi/lib/armv7-m\libg_nano.a(lib_a-reent.o)
 .debug_frame   0x00002e38       0x20 c:/program files (x86)/cypress/psoc creator/4.3/psoc creator/import/gnu/arm/5.4.1/bin/../lib/gcc/arm-none-eabi/5.4.1/../../../../arm-none-eabi/lib/armv7-m\libg_nano.a(lib_a-nano-msizer.o)

.debug_str      0x00000000     0x27e0
 *(.debug_str)
 .debug_str     0x00000000      0x332 .\CortexM3\ARM_GCC_541\Debug\main.o
                                0x388 (size before relaxing)
 .debug_str     0x00000332       0x87 .\CortexM3\ARM_GCC_541\Debug\fft.o
                                0x246 (size before relaxing)
 .debug_str     0x000003b9       0x53 .\CortexM3\ARM_GCC_541\Debug\fir_filter1.o
                                0x251 (size before relaxing)
 .debug_str     0x0000040c      0x194 .\CortexM3\ARM_GCC_541\Debug\cyfitter_cfg.o
                                0x352 (size before relaxing)
 .debug_str     0x000005a0       0x7f .\CortexM3\ARM_GCC_541\Debug\cymetadata.o
                                0x1ec (size before relaxing)
 .debug_str     0x0000061f      0x14e .\CortexM3\ARM_GCC_541\Debug\Cm3Start.o
                                0x322 (size before relaxing)
 .debug_str     0x0000076d      0x2f4 .\CortexM3\ARM_GCC_541\Debug\ADC MK III.a(UART_1.o)
                                0x4bb (size before relaxing)
 .debug_str     0x00000a61      0x19d .\CortexM3\ARM_GCC_541\Debug\ADC MK III.a(UART_1_IntClock.o)
                                0x356 (size before relaxing)
 .debug_str     0x00000bfe      0x303 .\CortexM3\ARM_GCC_541\Debug\ADC MK III.a(CyDmac.o)
                                0x552 (size before relaxing)
 .debug_str     0x00000f01      0x7f9 .\CortexM3\ARM_GCC_541\Debug\ADC MK III.a(CyLib.o)
                                0xa4f (size before relaxing)
 .debug_str     0x000016fa      0x365 .\CortexM3\ARM_GCC_541\Debug\ADC MK III.a(cyPm.o)
                                0x73b (size before relaxing)
 .debug_str     0x00001a5f       0x7f .\CortexM3\ARM_GCC_541\Debug\ADC MK III.a(DMA_1_dma.o)
                                0x274 (size before relaxing)
 .debug_str     0x00001ade      0x444 .\CortexM3\ARM_GCC_541\Debug\ADC MK III.a(ADC_DelSig.o)
                                0x6d9 (size before relaxing)
 .debug_str     0x00001f22       0x68 .\CortexM3\ARM_GCC_541\Debug\ADC MK III.a(ADC_DelSig_INT.o)
                                0x1eb (size before relaxing)
 .debug_str     0x00001f8a      0x133 .\CortexM3\ARM_GCC_541\Debug\ADC MK III.a(ISR_DMA_Done.o)
                                0x310 (size before relaxing)
 .debug_str     0x000020bd      0x170 .\CortexM3\ARM_GCC_541\Debug\ADC MK III.a(ADC_DelSig_Ext_CP_Clk.o)
                                0x39e (size before relaxing)
 .debug_str     0x0000222d      0x1a3 .\CortexM3\ARM_GCC_541\Debug\ADC MK III.a(ADC_DelSig_theACLK.o)
                                0x3cb (size before relaxing)
 .debug_str     0x000023d0       0x71 .\CortexM3\ARM_GCC_541\Debug\ADC MK III.a(Opamp_1.o)
                                0x20d (size before relaxing)
 .debug_str     0x00002441       0x66 .\CortexM3\ARM_GCC_541\Debug\ADC MK III.a(FFT_Flag.o)
                                0x1f9 (size before relaxing)
 .debug_str     0x000024a7       0x5f .\CortexM3\ARM_GCC_541\Debug\ADC MK III.a(Hann_Flag.o)
                                0x1fe (size before relaxing)
 .debug_str     0x00002506       0x73 .\CortexM3\ARM_GCC_541\Debug\ADC MK III.a(Proc_done_test.o)
                                0x217 (size before relaxing)
 .debug_str     0x00002579      0x1bb .\CortexM3\ARM_GCC_541\Debug\ADC MK III.a(CyFlash.o)
                                0x3c8 (size before relaxing)
 .debug_str     0x00002734       0xac .\CortexM3\ARM_GCC_541\Debug\ADC MK III.a(CySpc.o)
                                0x340 (size before relaxing)

.debug_loc      0x00000000     0x36e0
 *(.debug_loc)
 .debug_loc     0x00000000       0x5c .\CortexM3\ARM_GCC_541\Debug\main.o
 .debug_loc     0x0000005c      0x132 .\CortexM3\ARM_GCC_541\Debug\fft.o
 .debug_loc     0x0000018e      0x12e .\CortexM3\ARM_GCC_541\Debug\fir_filter1.o
 .debug_loc     0x000002bc      0x25a .\CortexM3\ARM_GCC_541\Debug\cyfitter_cfg.o
 .debug_loc     0x00000516      0x144 .\CortexM3\ARM_GCC_541\Debug\Cm3Start.o
 .debug_loc     0x0000065a      0x258 .\CortexM3\ARM_GCC_541\Debug\ADC MK III.a(UART_1.o)
 .debug_loc     0x000008b2      0x128 .\CortexM3\ARM_GCC_541\Debug\ADC MK III.a(UART_1_IntClock.o)
 .debug_loc     0x000009da      0xb8e .\CortexM3\ARM_GCC_541\Debug\ADC MK III.a(CyDmac.o)
 .debug_loc     0x00001568      0xa11 .\CortexM3\ARM_GCC_541\Debug\ADC MK III.a(CyLib.o)
 .debug_loc     0x00001f79      0x1e4 .\CortexM3\ARM_GCC_541\Debug\ADC MK III.a(cyPm.o)
 .debug_loc     0x0000215d       0x84 .\CortexM3\ARM_GCC_541\Debug\ADC MK III.a(DMA_1_dma.o)
 .debug_loc     0x000021e1      0x692 .\CortexM3\ARM_GCC_541\Debug\ADC MK III.a(ADC_DelSig.o)
 .debug_loc     0x00002873       0x56 .\CortexM3\ARM_GCC_541\Debug\ADC MK III.a(ISR_DMA_Done.o)
 .debug_loc     0x000028c9      0x12c .\CortexM3\ARM_GCC_541\Debug\ADC MK III.a(ADC_DelSig_Ext_CP_Clk.o)
 .debug_loc     0x000029f5      0x14d .\CortexM3\ARM_GCC_541\Debug\ADC MK III.a(ADC_DelSig_theACLK.o)
 .debug_loc     0x00002b42       0x21 .\CortexM3\ARM_GCC_541\Debug\ADC MK III.a(Opamp_1.o)
 .debug_loc     0x00002b63       0x42 .\CortexM3\ARM_GCC_541\Debug\ADC MK III.a(FFT_Flag.o)
 .debug_loc     0x00002ba5       0x42 .\CortexM3\ARM_GCC_541\Debug\ADC MK III.a(Hann_Flag.o)
 .debug_loc     0x00002be7       0x42 .\CortexM3\ARM_GCC_541\Debug\ADC MK III.a(Proc_done_test.o)
 .debug_loc     0x00002c29      0x3b2 .\CortexM3\ARM_GCC_541\Debug\ADC MK III.a(CyFlash.o)
 .debug_loc     0x00002fdb      0x705 .\CortexM3\ARM_GCC_541\Debug\ADC MK III.a(CySpc.o)

.debug_macinfo
 *(.debug_macinfo)

.debug_ranges   0x00000000      0x9f0
 *(.debug_ranges)
 .debug_ranges  0x00000000       0x18 .\CortexM3\ARM_GCC_541\Debug\main.o
 .debug_ranges  0x00000018       0x28 .\CortexM3\ARM_GCC_541\Debug\fft.o
 .debug_ranges  0x00000040       0x28 .\CortexM3\ARM_GCC_541\Debug\fir_filter1.o
 .debug_ranges  0x00000068       0x48 .\CortexM3\ARM_GCC_541\Debug\cyfitter_cfg.o
 .debug_ranges  0x000000b0       0x38 .\CortexM3\ARM_GCC_541\Debug\Cm3Start.o
 .debug_ranges  0x000000e8       0xe0 .\CortexM3\ARM_GCC_541\Debug\ADC MK III.a(UART_1.o)
 .debug_ranges  0x000001c8       0x60 .\CortexM3\ARM_GCC_541\Debug\ADC MK III.a(UART_1_IntClock.o)
 .debug_ranges  0x00000228       0xc8 .\CortexM3\ARM_GCC_541\Debug\ADC MK III.a(CyDmac.o)
 .debug_ranges  0x000002f0      0x290 .\CortexM3\ARM_GCC_541\Debug\ADC MK III.a(CyLib.o)
 .debug_ranges  0x00000580       0x88 .\CortexM3\ARM_GCC_541\Debug\ADC MK III.a(cyPm.o)
 .debug_ranges  0x00000608       0x18 .\CortexM3\ARM_GCC_541\Debug\ADC MK III.a(DMA_1_dma.o)
 .debug_ranges  0x00000620       0xd8 .\CortexM3\ARM_GCC_541\Debug\ADC MK III.a(ADC_DelSig.o)
 .debug_ranges  0x000006f8       0x28 .\CortexM3\ARM_GCC_541\Debug\ADC MK III.a(ADC_DelSig_INT.o)
 .debug_ranges  0x00000720       0x70 .\CortexM3\ARM_GCC_541\Debug\ADC MK III.a(ISR_DMA_Done.o)
 .debug_ranges  0x00000790       0x60 .\CortexM3\ARM_GCC_541\Debug\ADC MK III.a(ADC_DelSig_Ext_CP_Clk.o)
 .debug_ranges  0x000007f0       0x70 .\CortexM3\ARM_GCC_541\Debug\ADC MK III.a(ADC_DelSig_theACLK.o)
 .debug_ranges  0x00000860       0x30 .\CortexM3\ARM_GCC_541\Debug\ADC MK III.a(Opamp_1.o)
 .debug_ranges  0x00000890       0x28 .\CortexM3\ARM_GCC_541\Debug\ADC MK III.a(FFT_Flag.o)
 .debug_ranges  0x000008b8       0x28 .\CortexM3\ARM_GCC_541\Debug\ADC MK III.a(Hann_Flag.o)
 .debug_ranges  0x000008e0       0x28 .\CortexM3\ARM_GCC_541\Debug\ADC MK III.a(Proc_done_test.o)
 .debug_ranges  0x00000908       0x78 .\CortexM3\ARM_GCC_541\Debug\ADC MK III.a(CyFlash.o)
 .debug_ranges  0x00000980       0x70 .\CortexM3\ARM_GCC_541\Debug\ADC MK III.a(CySpc.o)

.comment        0x00000000       0x6e
 .comment       0x00000000       0x6e .\CortexM3\ARM_GCC_541\Debug\main.o
                                 0x6f (size before relaxing)
 .comment       0x0000006e       0x6f .\CortexM3\ARM_GCC_541\Debug\fft.o
 .comment       0x0000006e       0x6f .\CortexM3\ARM_GCC_541\Debug\fir_filter1.o
 .comment       0x0000006e       0x6f .\CortexM3\ARM_GCC_541\Debug\cyfitter_cfg.o
 .comment       0x0000006e       0x6f .\CortexM3\ARM_GCC_541\Debug\cymetadata.o
 .comment       0x0000006e       0x6f .\CortexM3\ARM_GCC_541\Debug\Cm3Start.o
 .comment       0x0000006e       0x6f .\CortexM3\ARM_GCC_541\Debug\ADC MK III.a(UART_1.o)
 .comment       0x0000006e       0x6f .\CortexM3\ARM_GCC_541\Debug\ADC MK III.a(UART_1_IntClock.o)
 .comment       0x0000006e       0x6f .\CortexM3\ARM_GCC_541\Debug\ADC MK III.a(CyDmac.o)
 .comment       0x0000006e       0x6f .\CortexM3\ARM_GCC_541\Debug\ADC MK III.a(CyLib.o)
 .comment       0x0000006e       0x6f .\CortexM3\ARM_GCC_541\Debug\ADC MK III.a(cyPm.o)
 .comment       0x0000006e       0x6f .\CortexM3\ARM_GCC_541\Debug\ADC MK III.a(DMA_1_dma.o)
 .comment       0x0000006e       0x6f .\CortexM3\ARM_GCC_541\Debug\ADC MK III.a(ADC_DelSig.o)
 .comment       0x0000006e       0x6f .\CortexM3\ARM_GCC_541\Debug\ADC MK III.a(ADC_DelSig_INT.o)
 .comment       0x0000006e       0x6f .\CortexM3\ARM_GCC_541\Debug\ADC MK III.a(ISR_DMA_Done.o)
 .comment       0x0000006e       0x6f .\CortexM3\ARM_GCC_541\Debug\ADC MK III.a(ADC_DelSig_Ext_CP_Clk.o)
 .comment       0x0000006e       0x6f .\CortexM3\ARM_GCC_541\Debug\ADC MK III.a(ADC_DelSig_theACLK.o)
 .comment       0x0000006e       0x6f .\CortexM3\ARM_GCC_541\Debug\ADC MK III.a(Opamp_1.o)
 .comment       0x0000006e       0x6f .\CortexM3\ARM_GCC_541\Debug\ADC MK III.a(FFT_Flag.o)
 .comment       0x0000006e       0x6f .\CortexM3\ARM_GCC_541\Debug\ADC MK III.a(Hann_Flag.o)
 .comment       0x0000006e       0x6f .\CortexM3\ARM_GCC_541\Debug\ADC MK III.a(Proc_done_test.o)
 .comment       0x0000006e       0x6f .\CortexM3\ARM_GCC_541\Debug\ADC MK III.a(CyFlash.o)
 .comment       0x0000006e       0x6f .\CortexM3\ARM_GCC_541\Debug\ADC MK III.a(CySpc.o)

.debug_weaknames
 *(.debug_weaknames)

.debug_funcnames
 *(.debug_funcnames)

.debug_typenames
 *(.debug_typenames)

.debug_varnames
 *(.debug_varnames)

.note.gnu.arm.ident
 *(.note.gnu.arm.ident)

.ARM.attributes
                0x00000000       0x29
 *(.ARM.attributes)
 .ARM.attributes
                0x00000000       0x1d c:/program files (x86)/cypress/psoc creator/4.3/psoc creator/import/gnu/arm/5.4.1/bin/../lib/gcc/arm-none-eabi/5.4.1/armv7-m/crti.o
 .ARM.attributes
                0x0000001d       0x2d c:/program files (x86)/cypress/psoc creator/4.3/psoc creator/import/gnu/arm/5.4.1/bin/../lib/gcc/arm-none-eabi/5.4.1/armv7-m/crtbegin.o
 .ARM.attributes
                0x0000004a       0x1b c:/program files (x86)/cypress/psoc creator/4.3/psoc creator/import/gnu/arm/5.4.1/bin/../lib/gcc/arm-none-eabi/5.4.1/../../../../arm-none-eabi/lib/armv7-m/crt0.o
 .ARM.attributes
                0x00000065       0x33 .\CortexM3\ARM_GCC_541\Debug\main.o
 .ARM.attributes
                0x00000098       0x33 .\CortexM3\ARM_GCC_541\Debug\fft.o
 .ARM.attributes
                0x000000cb       0x33 .\CortexM3\ARM_GCC_541\Debug\fir_filter1.o
 .ARM.attributes
                0x000000fe       0x33 .\CortexM3\ARM_GCC_541\Debug\cyfitter_cfg.o
 .ARM.attributes
                0x00000131       0x33 .\CortexM3\ARM_GCC_541\Debug\cymetadata.o
 .ARM.attributes
                0x00000164       0x33 .\CortexM3\ARM_GCC_541\Debug\Cm3Start.o
 .ARM.attributes
                0x00000197       0x33 .\CortexM3\ARM_GCC_541\Debug\ADC MK III.a(UART_1.o)
 .ARM.attributes
                0x000001ca       0x33 .\CortexM3\ARM_GCC_541\Debug\ADC MK III.a(UART_1_IntClock.o)
 .ARM.attributes
                0x000001fd       0x33 .\CortexM3\ARM_GCC_541\Debug\ADC MK III.a(CyDmac.o)
 .ARM.attributes
                0x00000230       0x33 .\CortexM3\ARM_GCC_541\Debug\ADC MK III.a(CyLib.o)
 .ARM.attributes
                0x00000263       0x33 .\CortexM3\ARM_GCC_541\Debug\ADC MK III.a(cyPm.o)
 .ARM.attributes
                0x00000296       0x33 .\CortexM3\ARM_GCC_541\Debug\ADC MK III.a(DMA_1_dma.o)
 .ARM.attributes
                0x000002c9       0x33 .\CortexM3\ARM_GCC_541\Debug\ADC MK III.a(ADC_DelSig.o)
 .ARM.attributes
                0x000002fc       0x33 .\CortexM3\ARM_GCC_541\Debug\ADC MK III.a(ADC_DelSig_INT.o)
 .ARM.attributes
                0x0000032f       0x33 .\CortexM3\ARM_GCC_541\Debug\ADC MK III.a(ISR_DMA_Done.o)
 .ARM.attributes
                0x00000362       0x33 .\CortexM3\ARM_GCC_541\Debug\ADC MK III.a(ADC_DelSig_Ext_CP_Clk.o)
 .ARM.attributes
                0x00000395       0x33 .\CortexM3\ARM_GCC_541\Debug\ADC MK III.a(ADC_DelSig_theACLK.o)
 .ARM.attributes
                0x000003c8       0x33 .\CortexM3\ARM_GCC_541\Debug\ADC MK III.a(Opamp_1.o)
 .ARM.attributes
                0x000003fb       0x33 .\CortexM3\ARM_GCC_541\Debug\ADC MK III.a(FFT_Flag.o)
 .ARM.attributes
                0x0000042e       0x33 .\CortexM3\ARM_GCC_541\Debug\ADC MK III.a(Hann_Flag.o)
 .ARM.attributes
                0x00000461       0x33 .\CortexM3\ARM_GCC_541\Debug\ADC MK III.a(Proc_done_test.o)
 .ARM.attributes
                0x00000494       0x21 .\CortexM3\ARM_GCC_541\Debug\ADC MK III.a(CyBootAsmGnu.o)
 .ARM.attributes
                0x000004b5       0x33 .\CortexM3\ARM_GCC_541\Debug\ADC MK III.a(CyFlash.o)
 .ARM.attributes
                0x000004e8       0x33 .\CortexM3\ARM_GCC_541\Debug\ADC MK III.a(CySpc.o)
 .ARM.attributes
                0x0000051b       0x2d c:/program files (x86)/cypress/psoc creator/4.3/psoc creator/import/gnu/arm/5.4.1/bin/../lib/gcc/arm-none-eabi/5.4.1/../../../../arm-none-eabi/lib/armv7-m\libm.a(lib_a-cabsf.o)
 .ARM.attributes
                0x00000548       0x2d c:/program files (x86)/cypress/psoc creator/4.3/psoc creator/import/gnu/arm/5.4.1/bin/../lib/gcc/arm-none-eabi/5.4.1/../../../../arm-none-eabi/lib/armv7-m\libm.a(lib_a-cimagf.o)
 .ARM.attributes
                0x00000575       0x2d c:/program files (x86)/cypress/psoc creator/4.3/psoc creator/import/gnu/arm/5.4.1/bin/../lib/gcc/arm-none-eabi/5.4.1/../../../../arm-none-eabi/lib/armv7-m\libm.a(lib_a-cpow.o)
 .ARM.attributes
                0x000005a2       0x2d c:/program files (x86)/cypress/psoc creator/4.3/psoc creator/import/gnu/arm/5.4.1/bin/../lib/gcc/arm-none-eabi/5.4.1/../../../../arm-none-eabi/lib/armv7-m\libm.a(lib_a-creal.o)
 .ARM.attributes
                0x000005cf       0x2d c:/program files (x86)/cypress/psoc creator/4.3/psoc creator/import/gnu/arm/5.4.1/bin/../lib/gcc/arm-none-eabi/5.4.1/../../../../arm-none-eabi/lib/armv7-m\libm.a(lib_a-crealf.o)
 .ARM.attributes
                0x000005fc       0x2d c:/program files (x86)/cypress/psoc creator/4.3/psoc creator/import/gnu/arm/5.4.1/bin/../lib/gcc/arm-none-eabi/5.4.1/../../../../arm-none-eabi/lib/armv7-m\libm.a(lib_a-s_cos.o)
 .ARM.attributes
                0x00000629       0x2d c:/program files (x86)/cypress/psoc creator/4.3/psoc creator/import/gnu/arm/5.4.1/bin/../lib/gcc/arm-none-eabi/5.4.1/../../../../arm-none-eabi/lib/armv7-m\libm.a(lib_a-s_sin.o)
 .ARM.attributes
                0x00000656       0x2d c:/program files (x86)/cypress/psoc creator/4.3/psoc creator/import/gnu/arm/5.4.1/bin/../lib/gcc/arm-none-eabi/5.4.1/../../../../arm-none-eabi/lib/armv7-m\libm.a(lib_a-sf_cos.o)
 .ARM.attributes
                0x00000683       0x2d c:/program files (x86)/cypress/psoc creator/4.3/psoc creator/import/gnu/arm/5.4.1/bin/../lib/gcc/arm-none-eabi/5.4.1/../../../../arm-none-eabi/lib/armv7-m\libm.a(lib_a-w_exp.o)
 .ARM.attributes
                0x000006b0       0x2d c:/program files (x86)/cypress/psoc creator/4.3/psoc creator/import/gnu/arm/5.4.1/bin/../lib/gcc/arm-none-eabi/5.4.1/../../../../arm-none-eabi/lib/armv7-m\libm.a(lib_a-w_log.o)
 .ARM.attributes
                0x000006dd       0x2d c:/program files (x86)/cypress/psoc creator/4.3/psoc creator/import/gnu/arm/5.4.1/bin/../lib/gcc/arm-none-eabi/5.4.1/../../../../arm-none-eabi/lib/armv7-m\libm.a(lib_a-w_pow.o)
 .ARM.attributes
                0x0000070a       0x2d c:/program files (x86)/cypress/psoc creator/4.3/psoc creator/import/gnu/arm/5.4.1/bin/../lib/gcc/arm-none-eabi/5.4.1/../../../../arm-none-eabi/lib/armv7-m\libm.a(lib_a-wf_hypot.o)
 .ARM.attributes
                0x00000737       0x2d c:/program files (x86)/cypress/psoc creator/4.3/psoc creator/import/gnu/arm/5.4.1/bin/../lib/gcc/arm-none-eabi/5.4.1/../../../../arm-none-eabi/lib/armv7-m\libm.a(lib_a-cabs.o)
 .ARM.attributes
                0x00000764       0x2d c:/program files (x86)/cypress/psoc creator/4.3/psoc creator/import/gnu/arm/5.4.1/bin/../lib/gcc/arm-none-eabi/5.4.1/../../../../arm-none-eabi/lib/armv7-m\libm.a(lib_a-carg.o)
 .ARM.attributes
                0x00000791       0x2d c:/program files (x86)/cypress/psoc creator/4.3/psoc creator/import/gnu/arm/5.4.1/bin/../lib/gcc/arm-none-eabi/5.4.1/../../../../arm-none-eabi/lib/armv7-m\libm.a(lib_a-cimag.o)
 .ARM.attributes
                0x000007be       0x2d c:/program files (x86)/cypress/psoc creator/4.3/psoc creator/import/gnu/arm/5.4.1/bin/../lib/gcc/arm-none-eabi/5.4.1/../../../../arm-none-eabi/lib/armv7-m\libm.a(lib_a-e_exp.o)
 .ARM.attributes
                0x000007eb       0x2d c:/program files (x86)/cypress/psoc creator/4.3/psoc creator/import/gnu/arm/5.4.1/bin/../lib/gcc/arm-none-eabi/5.4.1/../../../../arm-none-eabi/lib/armv7-m\libm.a(lib_a-e_log.o)
 .ARM.attributes
                0x00000818       0x2d c:/program files (x86)/cypress/psoc creator/4.3/psoc creator/import/gnu/arm/5.4.1/bin/../lib/gcc/arm-none-eabi/5.4.1/../../../../arm-none-eabi/lib/armv7-m\libm.a(lib_a-e_pow.o)
 .ARM.attributes
                0x00000845       0x2d c:/program files (x86)/cypress/psoc creator/4.3/psoc creator/import/gnu/arm/5.4.1/bin/../lib/gcc/arm-none-eabi/5.4.1/../../../../arm-none-eabi/lib/armv7-m\libm.a(lib_a-e_rem_pio2.o)
 .ARM.attributes
                0x00000872       0x2d c:/program files (x86)/cypress/psoc creator/4.3/psoc creator/import/gnu/arm/5.4.1/bin/../lib/gcc/arm-none-eabi/5.4.1/../../../../arm-none-eabi/lib/armv7-m\libm.a(lib_a-e_sqrt.o)
 .ARM.attributes
                0x0000089f       0x2d c:/program files (x86)/cypress/psoc creator/4.3/psoc creator/import/gnu/arm/5.4.1/bin/../lib/gcc/arm-none-eabi/5.4.1/../../../../arm-none-eabi/lib/armv7-m\libm.a(lib_a-ef_hypot.o)
 .ARM.attributes
                0x000008cc       0x2d c:/program files (x86)/cypress/psoc creator/4.3/psoc creator/import/gnu/arm/5.4.1/bin/../lib/gcc/arm-none-eabi/5.4.1/../../../../arm-none-eabi/lib/armv7-m\libm.a(lib_a-ef_rem_pio2.o)
 .ARM.attributes
                0x000008f9       0x2d c:/program files (x86)/cypress/psoc creator/4.3/psoc creator/import/gnu/arm/5.4.1/bin/../lib/gcc/arm-none-eabi/5.4.1/../../../../arm-none-eabi/lib/armv7-m\libm.a(lib_a-ef_sqrt.o)
 .ARM.attributes
                0x00000926       0x2d c:/program files (x86)/cypress/psoc creator/4.3/psoc creator/import/gnu/arm/5.4.1/bin/../lib/gcc/arm-none-eabi/5.4.1/../../../../arm-none-eabi/lib/armv7-m\libm.a(lib_a-k_cos.o)
 .ARM.attributes
                0x00000953       0x2d c:/program files (x86)/cypress/psoc creator/4.3/psoc creator/import/gnu/arm/5.4.1/bin/../lib/gcc/arm-none-eabi/5.4.1/../../../../arm-none-eabi/lib/armv7-m\libm.a(lib_a-k_rem_pio2.o)
 .ARM.attributes
                0x00000980       0x2d c:/program files (x86)/cypress/psoc creator/4.3/psoc creator/import/gnu/arm/5.4.1/bin/../lib/gcc/arm-none-eabi/5.4.1/../../../../arm-none-eabi/lib/armv7-m\libm.a(lib_a-k_sin.o)
 .ARM.attributes
                0x000009ad       0x2d c:/program files (x86)/cypress/psoc creator/4.3/psoc creator/import/gnu/arm/5.4.1/bin/../lib/gcc/arm-none-eabi/5.4.1/../../../../arm-none-eabi/lib/armv7-m\libm.a(lib_a-kf_cos.o)
 .ARM.attributes
                0x000009da       0x2d c:/program files (x86)/cypress/psoc creator/4.3/psoc creator/import/gnu/arm/5.4.1/bin/../lib/gcc/arm-none-eabi/5.4.1/../../../../arm-none-eabi/lib/armv7-m\libm.a(lib_a-kf_rem_pio2.o)
 .ARM.attributes
                0x00000a07       0x2d c:/program files (x86)/cypress/psoc creator/4.3/psoc creator/import/gnu/arm/5.4.1/bin/../lib/gcc/arm-none-eabi/5.4.1/../../../../arm-none-eabi/lib/armv7-m\libm.a(lib_a-kf_sin.o)
 .ARM.attributes