Archive member included to satisfy reference by file (symbol)

.\CortexM3\ARM_GCC_541\Debug\DCMotor.a(UART.o)
                              .\CortexM3\ARM_GCC_541\Debug\main.o (UART_Start)
.\CortexM3\ARM_GCC_541\Debug\DCMotor.a(usr_rx_isr.o)
                              .\CortexM3\ARM_GCC_541\Debug\main.o (usr_rx_isr_StartEx)
.\CortexM3\ARM_GCC_541\Debug\DCMotor.a(clock_1.o)
                              .\CortexM3\ARM_GCC_541\Debug\main.o (clock_1_GetDividerRegister)
.\CortexM3\ARM_GCC_541\Debug\DCMotor.a(PWM_1.o)
                              .\CortexM3\ARM_GCC_541\Debug\main.o (PWM_1_WriteCompare)
.\CortexM3\ARM_GCC_541\Debug\DCMotor.a(PWM_1_PM.o)
                              .\CortexM3\ARM_GCC_541\Debug\main.o (PWM_1_Sleep)
.\CortexM3\ARM_GCC_541\Debug\DCMotor.a(Motor_1.o)
                              .\CortexM3\ARM_GCC_541\Debug\main.o (Motor_1_Write)
.\CortexM3\ARM_GCC_541\Debug\DCMotor.a(Motor_2.o)
                              .\CortexM3\ARM_GCC_541\Debug\main.o (Motor_2_Write)
.\CortexM3\ARM_GCC_541\Debug\DCMotor.a(UART_IntClock.o)
                              .\CortexM3\ARM_GCC_541\Debug\DCMotor.a(UART.o) (UART_IntClock_Start)
.\CortexM3\ARM_GCC_541\Debug\DCMotor.a(CyLib.o)
                              .\CortexM3\ARM_GCC_541\Debug\Cm3Start.o (CyHalt)
.\CortexM3\ARM_GCC_541\Debug\DCMotor.a(cyPm.o)
                              .\CortexM3\ARM_GCC_541\Debug\DCMotor.a(CyLib.o) (CyPmReadStatus)
.\CortexM3\ARM_GCC_541\Debug\DCMotor.a(CyBootAsmGnu.o)
                              .\CortexM3\ARM_GCC_541\Debug\cyfitter_cfg.o (CyDelayCycles)
.\CortexM3\ARM_GCC_541\Debug\DCMotor.a(CyFlash.o)
                              .\CortexM3\ARM_GCC_541\Debug\DCMotor.a(cyPm.o) (CyFlash_SetWaitCycles)
.\CortexM3\ARM_GCC_541\Debug\DCMotor.a(CySpc.o)
                              .\CortexM3\ARM_GCC_541\Debug\DCMotor.a(CyFlash.o) (CySpcStart)
c:/program files (x86)/cypress/psoc creator/4.3/psoc creator/import/gnu/arm/5.4.1/bin/../lib/gcc/arm-none-eabi/5.4.1/../../../../arm-none-eabi/lib/armv7-m\libg_nano.a(lib_a-errno.o)
                              .\CortexM3\ARM_GCC_541\Debug\Cm3Start.o (__errno)
c:/program files (x86)/cypress/psoc creator/4.3/psoc creator/import/gnu/arm/5.4.1/bin/../lib/gcc/arm-none-eabi/5.4.1/../../../../arm-none-eabi/lib/armv7-m\libg_nano.a(lib_a-exit.o)
                              c:/program files (x86)/cypress/psoc creator/4.3/psoc creator/import/gnu/arm/5.4.1/bin/../lib/gcc/arm-none-eabi/5.4.1/../../../../arm-none-eabi/lib/armv7-m/crt0.o (exit)
c:/program files (x86)/cypress/psoc creator/4.3/psoc creator/import/gnu/arm/5.4.1/bin/../lib/gcc/arm-none-eabi/5.4.1/../../../../arm-none-eabi/lib/armv7-m\libg_nano.a(lib_a-impure.o)
                              c:/program files (x86)/cypress/psoc creator/4.3/psoc creator/import/gnu/arm/5.4.1/bin/../lib/gcc/arm-none-eabi/5.4.1/../../../../arm-none-eabi/lib/armv7-m\libg_nano.a(lib_a-exit.o) (_global_impure_ptr)
c:/program files (x86)/cypress/psoc creator/4.3/psoc creator/import/gnu/arm/5.4.1/bin/../lib/gcc/arm-none-eabi/5.4.1/../../../../arm-none-eabi/lib/armv7-m\libg_nano.a(lib_a-init.o)
                              c:/program files (x86)/cypress/psoc creator/4.3/psoc creator/import/gnu/arm/5.4.1/bin/../lib/gcc/arm-none-eabi/5.4.1/../../../../arm-none-eabi/lib/armv7-m/crt0.o (__libc_init_array)
c:/program files (x86)/cypress/psoc creator/4.3/psoc creator/import/gnu/arm/5.4.1/bin/../lib/gcc/arm-none-eabi/5.4.1/../../../../arm-none-eabi/lib/armv7-m\libg_nano.a(lib_a-memcpy-stub.o)
                              .\CortexM3\ARM_GCC_541\Debug\cyfitter_cfg.o (memcpy)
c:/program files (x86)/cypress/psoc creator/4.3/psoc creator/import/gnu/arm/5.4.1/bin/../lib/gcc/arm-none-eabi/5.4.1/../../../../arm-none-eabi/lib/armv7-m\libg_nano.a(lib_a-memset.o)
                              c:/program files (x86)/cypress/psoc creator/4.3/psoc creator/import/gnu/arm/5.4.1/bin/../lib/gcc/arm-none-eabi/5.4.1/../../../../arm-none-eabi/lib/armv7-m/crt0.o (memset)
c:/program files (x86)/cypress/psoc creator/4.3/psoc creator/import/gnu/arm/5.4.1/bin/../lib/gcc/arm-none-eabi/5.4.1/../../../../arm-none-eabi/lib/armv7-m\libg_nano.a(lib_a-snprintf.o)
                              .\CortexM3\ARM_GCC_541\Debug\main.o (snprintf)
c:/program files (x86)/cypress/psoc creator/4.3/psoc creator/import/gnu/arm/5.4.1/bin/../lib/gcc/arm-none-eabi/5.4.1/../../../../arm-none-eabi/lib/armv7-m\libg_nano.a(lib_a-sprintf.o)
                              .\CortexM3\ARM_GCC_541\Debug\main.o (sprintf)
c:/program files (x86)/cypress/psoc creator/4.3/psoc creator/import/gnu/arm/5.4.1/bin/../lib/gcc/arm-none-eabi/5.4.1/../../../../arm-none-eabi/lib/armv7-m\libg_nano.a(lib_a-nano-svfprintf.o)
                              c:/program files (x86)/cypress/psoc creator/4.3/psoc creator/import/gnu/arm/5.4.1/bin/../lib/gcc/arm-none-eabi/5.4.1/../../../../arm-none-eabi/lib/armv7-m\libg_nano.a(lib_a-snprintf.o) (_svfprintf_r)
[...]
Memory Configuration

Name             Origin             Length             Attributes
rom              0x00000000         0x00040000         xr
ram              0x1fff8000         0x00010000         xrw
*default*        0x00000000         0xffffffff

Linker script and memory map

LOAD c:/program files (x86)/cypress/psoc creator/4.3/psoc creator/import/gnu/arm/5.4.1/bin/../lib/gcc/arm-none-eabi/5.4.1/armv7-m/crti.o
LOAD c:/program files (x86)/cypress/psoc creator/4.3/psoc creator/import/gnu/arm/5.4.1/bin/../lib/gcc/arm-none-eabi/5.4.1/armv7-m/crtbegin.o
LOAD c:/program files (x86)/cypress/psoc creator/4.3/psoc creator/import/gnu/arm/5.4.1/bin/../lib/gcc/arm-none-eabi/5.4.1/../../../../arm-none-eabi/lib/armv7-m/crt0.o
START GROUP
LOAD .\CortexM3\ARM_GCC_541\Debug\main.o
LOAD .\CortexM3\ARM_GCC_541\Debug\cyfitter_cfg.o
LOAD .\CortexM3\ARM_GCC_541\Debug\cymetadata.o
LOAD .\CortexM3\ARM_GCC_541\Debug\Cm3Start.o
LOAD .\CortexM3\ARM_GCC_541\Debug\DCMotor.a
LOAD C:\Program Files (x86)\Cypress\PSoC Creator\4.3\PSoC Creator\psoc\content\cycomponentlibrary\CyComponentLibrary.cylib\CortexM3\ARM_GCC_541\Debug\CyComponentLibrary.a
END GROUP
START GROUP
LOAD c:/program files (x86)/cypress/psoc creator/4.3/psoc creator/import/gnu/arm/5.4.1/bin/../lib/gcc/arm-none-eabi/5.4.1/armv7-m\libgcc.a
LOAD c:/program files (x86)/cypress/psoc creator/4.3/psoc creator/import/gnu/arm/5.4.1/bin/../lib/gcc/arm-none-eabi/5.4.1/../../../../arm-none-eabi/lib/armv7-m\libg_nano.a
LOAD c:/program files (x86)/cypress/psoc creator/4.3/psoc creator/import/gnu/arm/5.4.1/bin/../lib/gcc/arm-none-eabi/5.4.1/../../../../arm-none-eabi/lib/armv7-m\libc_nano.a
END GROUP
START GROUP
LOAD c:/program files (x86)/cypress/psoc creator/4.3/psoc creator/import/gnu/arm/5.4.1/bin/../lib/gcc/arm-none-eabi/5.4.1/armv7-m\libgcc.a
LOAD c:/program files (x86)/cypress/psoc creator/4.3/psoc creator/import/gnu/arm/5.4.1/bin/../lib/gcc/arm-none-eabi/5.4.1/../../../../arm-none-eabi/lib/armv7-m\libc_nano.a
END GROUP
LOAD c:/program files (x86)/cypress/psoc creator/4.3/psoc creator/import/gnu/arm/5.4.1/bin/../lib/gcc/arm-none-eabi/5.4.1/armv7-m/crtend.o
LOAD c:/program files (x86)/cypress/psoc creator/4.3/psoc creator/import/gnu/arm/5.4.1/bin/../lib/gcc/arm-none-eabi/5.4.1/armv7-m/crtn.o
START GROUP
LOAD c:/program files (x86)/cypress/psoc creator/4.3/psoc creator/import/gnu/arm/5.4.1/bin/../lib/gcc/arm-none-eabi/5.4.1/armv7-m\libgcc.a
LOAD c:/program files (x86)/cypress/psoc creator/4.3/psoc creator/import/gnu/arm/5.4.1/bin/../lib/gcc/arm-none-eabi/5.4.1/../../../../arm-none-eabi/lib/armv7-m\libc.a
LOAD c:/program files (x86)/cypress/psoc creator/4.3/psoc creator/import/gnu/arm/5.4.1/bin/../lib/gcc/arm-none-eabi/5.4.1/../../../../arm-none-eabi/lib/armv7-m\libnosys.a
END GROUP
                0x00000000                CY_APPL_ORIGIN = 0x0
                0x00000100                CY_FLASH_ROW_SIZE = 0x100
                0x00000020                CY_ECC_ROW_SIZE = 0x20
                0x00000000                CY_EE_IN_BTLDR = 0x0
                0x00000000                CY_APPL_LOADABLE = 0x0
                0x00000800                CY_EE_SIZE = 0x800
                0x00000001                CY_APPL_NUM = 0x1
                0x00000001                CY_APPL_MAX = 0x1
                0x00000040                CY_METADATA_SIZE = 0x40
                0x00000000                CY_APPL_LOADABLE = 0x0
                0x00000000                CY_CHECKSUM_EXCLUDE_SIZE = ALIGN (0x0, CY_FLASH_ROW_SIZE)
                [!provide]                PROVIDE (__cy_heap_start, _end)
                0x00000001                PROVIDE (__cy_region_num, ((__cy_regions_end - __cy_regions) / 0x10))
                0x20008000                PROVIDE (__cy_stack, (ORIGIN (ram) + LENGTH (ram)))
                [!provide]                PROVIDE (__cy_heap_end, (__cy_stack - 0x800))

.cybootloader   0x00000000        0x0
 *(.cybootloader)
                0x00000000                appl1_start = CY_APPL_ORIGIN?CY_APPL_ORIGIN:ALIGN (CY_FLASH_ROW_SIZE)
                0x0001ff00                appl2_start = (appl1_start + ALIGN ((((LENGTH (rom) - appl1_start) - (0x2 * CY_FLASH_ROW_SIZE)) / 0x2), CY_FLASH_ROW_SIZE))
                0x00000000                appl_start = (CY_APPL_NUM == 0x1)?appl1_start:appl2_start
                0x00000000                ecc_offset = ((appl_start / CY_FLASH_ROW_SIZE) * CY_ECC_ROW_SIZE)
                0x00000000                ee_offset = (CY_APPL_LOADABLE && ! (CY_EE_IN_BTLDR))?((CY_EE_SIZE / CY_APPL_MAX) * (CY_APPL_NUM - 0x1)):0x0
                0x00000800                ee_size = (CY_APPL_LOADABLE && ! (CY_EE_IN_BTLDR))?(CY_EE_SIZE / CY_APPL_MAX):CY_EE_SIZE
                [!provide]                PROVIDE (CY_ECC_OFFSET, ecc_offset)

.text           0x00000000     0x1474
 CREATE_OBJECT_SYMBOLS
                0x00000000                PROVIDE (__cy_interrupt_vector, RomVectors)
 *(.romvectors)
 .romvectors    0x00000000       0x10 .\CortexM3\ARM_GCC_541\Debug\Cm3Start.o
                0x00000000                RomVectors
                0x00000001                ASSERT ((. != __cy_interrupt_vector), No interrupt vector)
                0x00000001                ASSERT (CY_APPL_ORIGIN?(SIZEOF (.cybootloader) <= CY_APPL_ORIGIN):0x1, Wrong image location)
                0x00000010                PROVIDE (__cy_reset, Reset)
 *(.text.Reset)
 .text.Reset    0x00000010       0x18 .\CortexM3\ARM_GCC_541\Debug\Cm3Start.o
                0x00000010                Reset
                0x00000001                ASSERT ((. != __cy_reset), No reset code)
 *(.dma_init)
                0x00000001                ASSERT ((((appl_start + .) <= 0x10000) || 0x1), DMA Init must be within the first 64k of flash)
 *(.text .text.* .gnu.linkonce.t.*)
 .text          0x00000028       0x5c c:/program files (x86)/cypress/psoc creator/4.3/psoc creator/import/gnu/arm/5.4.1/bin/../lib/gcc/arm-none-eabi/5.4.1/armv7-m/crtbegin.o
 .text.RxIsr    0x00000084        0x4 .\CortexM3\ARM_GCC_541\Debug\main.o
                0x00000084                RxIsr
 .text.print    0x00000088       0x1c .\CortexM3\ARM_GCC_541\Debug\main.o
                0x00000088                print
 .text.init_hardware
                0x000000a4       0x80 .\CortexM3\ARM_GCC_541\Debug\main.o
                0x000000a4                init_hardware
 .text.splash   0x00000124       0x28 .\CortexM3\ARM_GCC_541\Debug\main.o
                0x00000124                splash
 .text.PWMInfo  0x0000014c       0x30 .\CortexM3\ARM_GCC_541\Debug\main.o
                0x0000014c                PWMInfo
 .text.clkDivide
                0x0000017c       0x40 .\CortexM3\ARM_GCC_541\Debug\main.o
                0x0000017c                clkDivide
 .text.do_motor_forward
                0x000001bc       0x10 .\CortexM3\ARM_GCC_541\Debug\main.o
                0x000001bc                do_motor_forward
 .text.do_motor_reverse
                0x000001cc       0x10 .\CortexM3\ARM_GCC_541\Debug\main.o
                0x000001cc                do_motor_reverse
 .text.main     0x000001dc      0x208 .\CortexM3\ARM_GCC_541\Debug\main.o
                0x000001dc                main
 .text.CyClockStartupError
                0x000003e4        0x4 .\CortexM3\ARM_GCC_541\Debug\cyfitter_cfg.o
 .text.cfg_write_bytes32
                0x000003e8       0x34 .\CortexM3\ARM_GCC_541\Debug\cyfitter_cfg.o
 .text.AnalogSetDefault
                0x0000041c       0x28 .\CortexM3\ARM_GCC_541\Debug\cyfitter_cfg.o
 .text.CYMEMZERO
                0x00000444        0xc .\CortexM3\ARM_GCC_541\Debug\cyfitter_cfg.o
 .text.ClockSetup
                0x00000450       0xc4 .\CortexM3\ARM_GCC_541\Debug\cyfitter_cfg.o
 .text.CYCONFIGCPY
                0x00000514        0x8 .\CortexM3\ARM_GCC_541\Debug\cyfitter_cfg.o
 .text.cyfitter_cfg
                0x0000051c      0x100 .\CortexM3\ARM_GCC_541\Debug\cyfitter_cfg.o
                0x0000051c                cyfitter_cfg
 .text.IntDefaultHandler
                0x0000061c       0x10 .\CortexM3\ARM_GCC_541\Debug\Cm3Start.o
                0x0000061c                IntDefaultHandler
 .text._sbrk    0x0000062c       0x30 .\CortexM3\ARM_GCC_541\Debug\Cm3Start.o
                0x0000062c                _sbrk
 .text.Start_c  0x0000065c       0x4c .\CortexM3\ARM_GCC_541\Debug\Cm3Start.o
                0x0000065c                Start_c
 .text.initialize_psoc
                0x000006a8       0x68 .\CortexM3\ARM_GCC_541\Debug\Cm3Start.o
                0x000006a8                initialize_psoc
 .text.UART_Init
                0x00000710       0x28 .\CortexM3\ARM_GCC_541\Debug\DCMotor.a(UART.o)
                0x00000710                UART_Init
 .text.UART_Enable
                0x00000738       0x3c .\CortexM3\ARM_GCC_541\Debug\DCMotor.a(UART.o)
                0x00000738                UART_Enable
 .text.UART_Start
                0x00000774       0x1c .\CortexM3\ARM_GCC_541\Debug\DCMotor.a(UART.o)
                0x00000774                UART_Start
 .text.UART_GetChar
                0x00000790       0x2c .\CortexM3\ARM_GCC_541\Debug\DCMotor.a(UART.o)
                0x00000790                UART_GetChar
 .text.UART_ClearRxBuffer
                0x000007bc       0x24 .\CortexM3\ARM_GCC_541\Debug\DCMotor.a(UART.o)
                0x000007bc                UART_ClearRxBuffer
 .text.UART_PutChar
                0x000007e0       0x18 .\CortexM3\ARM_GCC_541\Debug\DCMotor.a(UART.o)
                0x000007e0                UART_PutChar
 .text.UART_PutString
                0x000007f8       0x24 .\CortexM3\ARM_GCC_541\Debug\DCMotor.a(UART.o)
                0x000007f8                UART_PutString
 .text.UART_ClearTxBuffer
                0x0000081c       0x24 .\CortexM3\ARM_GCC_541\Debug\DCMotor.a(UART.o)
                0x0000081c                UART_ClearTxBuffer
 .text.usr_rx_isr_SetVector
                0x00000840        0xc .\CortexM3\ARM_GCC_541\Debug\DCMotor.a(usr_rx_isr.o)
                0x00000840                usr_rx_isr_SetVector
 .text.usr_rx_isr_SetPriority
                0x0000084c       0x10 .\CortexM3\ARM_GCC_541\Debug\DCMotor.a(usr_rx_isr.o)
                0x0000084c                usr_rx_isr_SetPriority
 .text.usr_rx_isr_Enable
                0x0000085c        0xc .\CortexM3\ARM_GCC_541\Debug\DCMotor.a(usr_rx_isr.o)
                0x0000085c                usr_rx_isr_Enable
 .text.usr_rx_isr_Disable
                0x00000868        0xc .\CortexM3\ARM_GCC_541\Debug\DCMotor.a(usr_rx_isr.o)
                0x00000868                usr_rx_isr_Disable
 .text.usr_rx_isr_StartEx
                0x00000874       0x1c .\CortexM3\ARM_GCC_541\Debug\DCMotor.a(usr_rx_isr.o)
                0x00000874                usr_rx_isr_StartEx
 .text.usr_rx_isr_ClearPending
                0x00000890        0xc .\CortexM3\ARM_GCC_541\Debug\DCMotor.a(usr_rx_isr.o)
                0x00000890                usr_rx_isr_ClearPending
 .text.clock_1_GetDividerRegister
                0x0000089c        0xc .\CortexM3\ARM_GCC_541\Debug\DCMotor.a(clock_1.o)
                0x0000089c                clock_1_GetDividerRegister
 .text.clock_1_GetSourceRegister
                0x000008a8       0x10 .\CortexM3\ARM_GCC_541\Debug\DCMotor.a(clock_1.o)
                0x000008a8                clock_1_GetSourceRegister
 .text.clock_1_SetDividerRegister
                0x000008b8       0xd8 .\CortexM3\ARM_GCC_541\Debug\DCMotor.a(clock_1.o)
                0x000008b8                clock_1_SetDividerRegister
 .text.PWM_1_Enable
                0x00000990       0x28 .\CortexM3\ARM_GCC_541\Debug\DCMotor.a(PWM_1.o)
                0x00000990                PWM_1_Enable
 .text.PWM_1_Stop
                0x000009b8       0x28 .\CortexM3\ARM_GCC_541\Debug\DCMotor.a(PWM_1.o)
                0x000009b8                PWM_1_Stop
 .text.PWM_1_WritePeriod
                0x000009e0        0xc .\CortexM3\ARM_GCC_541\Debug\DCMotor.a(PWM_1.o)
                0x000009e0                PWM_1_WritePeriod
 .text.PWM_1_WriteCompare
                0x000009ec        0xc .\CortexM3\ARM_GCC_541\Debug\DCMotor.a(PWM_1.o)
                0x000009ec                PWM_1_WriteCompare
 .text.PWM_1_SetInterruptMode
                0x000009f8        0xc .\CortexM3\ARM_GCC_541\Debug\DCMotor.a(PWM_1.o)
                0x000009f8                PWM_1_SetInterruptMode
 .text.PWM_1_Init
                0x00000a04       0x74 .\CortexM3\ARM_GCC_541\Debug\DCMotor.a(PWM_1.o)
                0x00000a04                PWM_1_Init
 .text.PWM_1_Start
                0x00000a78       0x1c .\CortexM3\ARM_GCC_541\Debug\DCMotor.a(PWM_1.o)
                0x00000a78                PWM_1_Start
 .text.PWM_1_ReadPeriod
                0x00000a94        0xc .\CortexM3\ARM_GCC_541\Debug\DCMotor.a(PWM_1.o)
                0x00000a94                PWM_1_ReadPeriod
 .text.PWM_1_Sleep
                0x00000aa0       0x28 .\CortexM3\ARM_GCC_541\Debug\DCMotor.a(PWM_1_PM.o)
                0x00000aa0                PWM_1_Sleep
 .text.PWM_1_Wakeup
                0x00000ac8       0x14 .\CortexM3\ARM_GCC_541\Debug\DCMotor.a(PWM_1_PM.o)
                0x00000ac8                PWM_1_Wakeup
 .text.Motor_1_Write
                0x00000adc       0x18 .\CortexM3\ARM_GCC_541\Debug\DCMotor.a(Motor_1.o)
                0x00000adc                Motor_1_Write
 .text.Motor_2_Write
                0x00000af4       0x18 .\CortexM3\ARM_GCC_541\Debug\DCMotor.a(Motor_2.o)
                0x00000af4                Motor_2_Write
 .text.UART_IntClock_Start
                0x00000b0c       0x1c .\CortexM3\ARM_GCC_541\Debug\DCMotor.a(UART_IntClock.o)
                0x00000b0c                UART_IntClock_Start
 .text          0x00000b28       0x20 .\CortexM3\ARM_GCC_541\Debug\DCMotor.a(CyBootAsmGnu.o)
                0x00000b28                CyDelayCycles
                0x00000b38                CyEnterCriticalSection
                0x00000b40                CyExitCriticalSection
 .text.__errno  0x00000b48        0xc c:/program files (x86)/cypress/psoc creator/4.3/psoc creator/import/gnu/arm/5.4.1/bin/../lib/gcc/arm-none-eabi/5.4.1/../../../../arm-none-eabi/lib/armv7-m\libg_nano.a(lib_a-errno.o)
                0x00000b48                __errno
 .text.__libc_init_array
                0x00000b54       0x4c c:/program files (x86)/cypress/psoc creator/4.3/psoc creator/import/gnu/arm/5.4.1/bin/../lib/gcc/arm-none-eabi/5.4.1/../../../../arm-none-eabi/lib/armv7-m\libg_nano.a(lib_a-init.o)
                0x00000b54                __libc_init_array
 .text.memcpy   0x00000ba0       0x16 c:/program files (x86)/cypress/psoc creator/4.3/psoc creator/import/gnu/arm/5.4.1/bin/../lib/gcc/arm-none-eabi/5.4.1/../../../../arm-none-eabi/lib/armv7-m\libg_nano.a(lib_a-memcpy-stub.o)
                0x00000ba0                memcpy
 .text.memset   0x00000bb6       0x10 c:/program files (x86)/cypress/psoc creator/4.3/psoc creator/import/gnu/arm/5.4.1/bin/../lib/gcc/arm-none-eabi/5.4.1/../../../../arm-none-eabi/lib/armv7-m\libg_nano.a(lib_a-memset.o)
                0x00000bb6                memset
 *fill*         0x00000bc6        0x2 
 .text.snprintf
                0x00000bc8       0x64 c:/program files (x86)/cypress/psoc creator/4.3/psoc creator/import/gnu/arm/5.4.1/bin/../lib/gcc/arm-none-eabi/5.4.1/../../../../arm-none-eabi/lib/armv7-m\libg_nano.a(lib_a-snprintf.o)
                0x00000bc8                sniprintf
                0x00000bc8                snprintf
 .text.sprintf  0x00000c2c       0x48 c:/program files (x86)/cypress/psoc creator/4.3/psoc creator/import/gnu/arm/5.4.1/bin/../lib/gcc/arm-none-eabi/5.4.1/../../../../arm-none-eabi/lib/armv7-m\libg_nano.a(lib_a-sprintf.o)
                0x00000c2c                siprintf
                0x00000c2c                sprintf
 .text.__ssputs_r
                0x00000c74       0xb2 c:/program files (x86)/cypress/psoc creator/4.3/psoc creator/import/gnu/arm/5.4.1/bin/../lib/gcc/arm-none-eabi/5.4.1/../../../../arm-none-eabi/lib/armv7-m\libg_nano.a(lib_a-nano-svfprintf.o)
                0x00000c74                __ssputs_r
 *fill*         0x00000d26        0x2 
 .text._svfprintf_r
                0x00000d28      0x1e8 c:/program files (x86)/cypress/psoc creator/4.3/psoc creator/import/gnu/arm/5.4.1/bin/../lib/gcc/arm-none-eabi/5.4.1/../../../../arm-none-eabi/lib/armv7-m\libg_nano.a(lib_a-nano-svfprintf.o)
                0x00000d28                _svfiprintf_r
                0x00000d28                _svfprintf_r
 .text._printf_common
                0x00000f10       0xec c:/program files (x86)/cypress/psoc creator/4.3/psoc creator/import/gnu/arm/5.4.1/bin/../lib/gcc/arm-none-eabi/5.4.1/../../../../arm-none-eabi/lib/armv7-m\libg_nano.a(lib_a-nano-vfprintf_i.o)
                0x00000f10                _printf_common
 .text._printf_i
                0x00000ffc      0x24c c:/program files (x86)/cypress/psoc creator/4.3/psoc creator/import/gnu/arm/5.4.1/bin/../lib/gcc/arm-none-eabi/5.4.1/../../../../arm-none-eabi/lib/armv7-m\libg_nano.a(lib_a-nano-vfprintf_i.o)
                0x00000ffc                _printf_i
 .text.memchr   0x00001248       0x1c c:/program files (x86)/cypress/psoc creator/4.3/psoc creator/import/gnu/arm/5.4.1/bin/../lib/gcc/arm-none-eabi/5.4.1/../../../../arm-none-eabi/lib/armv7-m\libg_nano.a(lib_a-memchr-stub.o)
                0x00001248                memchr
 .text.memmove  0x00001264       0x36 c:/program files (x86)/cypress/psoc creator/4.3/psoc creator/import/gnu/arm/5.4.1/bin/../lib/gcc/arm-none-eabi/5.4.1/../../../../arm-none-eabi/lib/armv7-m\libg_nano.a(lib_a-memmove.o)
                0x00001264                memmove
 *fill*         0x0000129a        0x2 
 .text._free_r  0x0000129c       0x98 c:/program files (x86)/cypress/psoc creator/4.3/psoc creator/import/gnu/arm/5.4.1/bin/../lib/gcc/arm-none-eabi/5.4.1/../../../../arm-none-eabi/lib/armv7-m\libg_nano.a(lib_a-nano-freer.o)
                0x0000129c                _free_r
 .text._malloc_r
                0x00001334       0xbc c:/program files (x86)/cypress/psoc creator/4.3/psoc creator/import/gnu/arm/5.4.1/bin/../lib/gcc/arm-none-eabi/5.4.1/../../../../arm-none-eabi/lib/armv7-m\libg_nano.a(lib_a-nano-mallocr.o)
                0x00001334                _malloc_r
 .text._realloc_r
                0x000013f0       0x4c c:/program files (x86)/cypress/psoc creator/4.3/psoc creator/import/gnu/arm/5.4.1/bin/../lib/gcc/arm-none-eabi/5.4.1/../../../../arm-none-eabi/lib/armv7-m\libg_nano.a(lib_a-nano-reallocr.o)
                0x000013f0                _realloc_r
 .text._sbrk_r  0x0000143c       0x20 c:/program files (x86)/cypress/psoc creator/4.3/psoc creator/import/gnu/arm/5.4.1/bin/../lib/gcc/arm-none-eabi/5.4.1/../../../../arm-none-eabi/lib/armv7-m\libg_nano.a(lib_a-sbrkr.o)
                0x0000143c                _sbrk_r
 .text.__malloc_lock
                0x0000145c        0x2 c:/program files (x86)/cypress/psoc creator/4.3/psoc creator/import/gnu/arm/5.4.1/bin/../lib/gcc/arm-none-eabi/5.4.1/../../../../arm-none-eabi/lib/armv7-m\libg_nano.a(lib_a-mlock.o)
                0x0000145c                __malloc_lock
 .text.__malloc_unlock
                0x0000145e        0x2 c:/program files (x86)/cypress/psoc creator/4.3/psoc creator/import/gnu/arm/5.4.1/bin/../lib/gcc/arm-none-eabi/5.4.1/../../../../arm-none-eabi/lib/armv7-m\libg_nano.a(lib_a-mlock.o)
                0x0000145e                __malloc_unlock
 .text._malloc_usable_size_r
                0x00001460       0x14 c:/program files (x86)/cypress/psoc creator/4.3/psoc creator/import/gnu/arm/5.4.1/bin/../lib/gcc/arm-none-eabi/5.4.1/../../../../arm-none-eabi/lib/armv7-m\libg_nano.a(lib_a-nano-msizer.o)
                0x00001460                _malloc_usable_size_r
 *(.plt)
 *(.gnu.warning)
 *(.glue_7t)
 .glue_7t       0x00001474        0x0 linker stubs
 *(.glue_7)
 .glue_7        0x00001474        0x0 linker stubs
 *(.vfp11_veneer)
 .vfp11_veneer  0x00001474        0x0 linker stubs
 *(.bootloader)
 *(.ARM.extab* .gnu.linkonce.armextab.*)
 *(.gcc_except_table)

.v4_bx          0x00001474        0x0
 .v4_bx         0x00001474        0x0 linker stubs

.iplt           0x00001474        0x0
 .iplt          0x00001474        0x0 c:/program files (x86)/cypress/psoc creator/4.3/psoc creator/import/gnu/arm/5.4.1/bin/../lib/gcc/arm-none-eabi/5.4.1/armv7-m/crtbegin.o

.eh_frame_hdr
 *(.eh_frame_hdr)

.eh_frame       0x00001474        0x4
 *(.eh_frame)
 .eh_frame      0x00001474        0x0 c:/program files (x86)/cypress/psoc creator/4.3/psoc creator/import/gnu/arm/5.4.1/bin/../lib/gcc/arm-none-eabi/5.4.1/armv7-m/crtbegin.o
 .eh_frame      0x00001474        0x4 c:/program files (x86)/cypress/psoc creator/4.3/psoc creator/import/gnu/arm/5.4.1/bin/../lib/gcc/arm-none-eabi/5.4.1/armv7-m/crtend.o
                [!provide]                PROVIDE (__exidx_start, .)

.ARM.exidx
 *(.ARM.exidx* .gnu.linkonce.armexidx.*)
                0x00001478                __exidx_end = .

.rodata         0x00001478      0x1d0
 *(.rodata .rodata.* .gnu.linkonce.r.*)
 .rodata.str1.4
                0x00001478      0x130 .\CortexM3\ARM_GCC_541\Debug\main.o
 .rodata        0x000015a8       0x30 .\CortexM3\ARM_GCC_541\Debug\cyfitter_cfg.o
 .rodata.str1.1
                0x000015d8        0x2 c:/program files (x86)/cypress/psoc creator/4.3/psoc creator/import/gnu/arm/5.4.1/bin/../lib/gcc/arm-none-eabi/5.4.1/../../../../arm-none-eabi/lib/armv7-m\libg_nano.a(lib_a-impure.o)
 .rodata.str1.1
                0x000015da       0x11 c:/program files (x86)/cypress/psoc creator/4.3/psoc creator/import/gnu/arm/5.4.1/bin/../lib/gcc/arm-none-eabi/5.4.1/../../../../arm-none-eabi/lib/armv7-m\libg_nano.a(lib_a-nano-svfprintf.o)
 .rodata.str1.1
                0x000015eb       0x22 c:/program files (x86)/cypress/psoc creator/4.3/psoc creator/import/gnu/arm/5.4.1/bin/../lib/gcc/arm-none-eabi/5.4.1/../../../../arm-none-eabi/lib/armv7-m\libg_nano.a(lib_a-nano-vfprintf_i.o)
                0x00001610                . = ALIGN (0x4)
 *fill*         0x0000160d        0x3 
 *(.init)
 .init          0x00001610        0x4 c:/program files (x86)/cypress/psoc creator/4.3/psoc creator/import/gnu/arm/5.4.1/bin/../lib/gcc/arm-none-eabi/5.4.1/armv7-m/crti.o
                0x00001610                _init
 .init          0x00001614        0x8 c:/program files (x86)/cypress/psoc creator/4.3/psoc creator/import/gnu/arm/5.4.1/bin/../lib/gcc/arm-none-eabi/5.4.1/armv7-m/crtn.o
                0x0000161c                . = ALIGN (0x4)
                0x0000161c                __preinit_array_start = .
 *(.preinit_array)
                0x0000161c                __preinit_array_end = .
                0x0000161c                . = ALIGN (0x4)
                0x0000161c                __init_array_start = .
 *(SORT(.init_array.*))
 *(.init_array)
 .init_array    0x0000161c        0x4 c:/program files (x86)/cypress/psoc creator/4.3/psoc creator/import/gnu/arm/5.4.1/bin/../lib/gcc/arm-none-eabi/5.4.1/armv7-m/crtbegin.o
 .init_array    0x00001620        0x4 .\CortexM3\ARM_GCC_541\Debug\Cm3Start.o
                0x00001624                __init_array_end = .
                0x00001624                . = ALIGN (0x4)
 *(.fini)
 .fini          0x00001624        0x4 c:/program files (x86)/cypress/psoc creator/4.3/psoc creator/import/gnu/arm/5.4.1/bin/../lib/gcc/arm-none-eabi/5.4.1/armv7-m/crti.o
                0x00001624                _fini
 .fini          0x00001628        0x8 c:/program files (x86)/cypress/psoc creator/4.3/psoc creator/import/gnu/arm/5.4.1/bin/../lib/gcc/arm-none-eabi/5.4.1/armv7-m/crtn.o
                0x00001630                . = ALIGN (0x4)
                0x00001630                __fini_array_start = .
 *(.fini_array)
 .fini_array    0x00001630        0x4 c:/program files (x86)/cypress/psoc creator/4.3/psoc creator/import/gnu/arm/5.4.1/bin/../lib/gcc/arm-none-eabi/5.4.1/armv7-m/crtbegin.o
 *(SORT(.fini_array.*))
                0x00001634                __fini_array_end = .
                0x00001634                . = ALIGN (0x4)
 *crtbegin.o(.ctors)
 *(EXCLUDE_FILE(*crtend.o) .ctors)
 *(SORT(.ctors.*))
 *crtend.o(.ctors)
                0x00001634                . = ALIGN (0x4)
 *crtbegin.o(.dtors)
 *(EXCLUDE_FILE(*crtend.o) .dtors)
 *(SORT(.dtors.*))
 *crtend.o(.dtors)
                0x00001634                . = ALIGN (0x4)
                0x00001634                __cy_regions = .
                0x00001634        0x4 LONG 0x1648 __cy_region_init_ram
                0x00001638        0x4 LONG 0x1fff80c8 __cy_region_start_data
                0x0000163c        0x4 LONG 0x70 __cy_region_init_size_ram
                0x00001640        0x4 LONG 0x88 __cy_region_zero_size_ram
                0x00001644                __cy_regions_end = .
                0x00001648                . = ALIGN (0x8)
 *fill*         0x00001644        0x4 
                0x00001648                _etext = .

.cy_checksum_exclude
                0x00001648        0x0
 *(.cy_checksum_exclude)

.ramvectors     0x1fff8000       0xc0
                0x1fff8000                __cy_region_start_ram = .
 *(.ramvectors)
 .ramvectors    0x1fff8000       0xc0 .\CortexM3\ARM_GCC_541\Debug\Cm3Start.o
                0x1fff8000                CyRamVectors

.noinit         0x1fff80c0        0x1
 *(.noinit)
 .noinit        0x1fff80c0        0x1 .\CortexM3\ARM_GCC_541\Debug\DCMotor.a(CyLib.o)
                0x1fff80c0                CyResetStatus

.data           0x1fff80c8       0x70 load address 0x00001648
                0x1fff80c8                __cy_region_start_data = .
 *(.jcr)
 .jcr           0x1fff80c8        0x0 c:/program files (x86)/cypress/psoc creator/4.3/psoc creator/import/gnu/arm/5.4.1/bin/../lib/gcc/arm-none-eabi/5.4.1/armv7-m/crtbegin.o
 .jcr           0x1fff80c8        0x4 c:/program files (x86)/cypress/psoc creator/4.3/psoc creator/import/gnu/arm/5.4.1/bin/../lib/gcc/arm-none-eabi/5.4.1/armv7-m/crtend.o
 *(.got.plt)
 *(.got)
 *(.shdata)
 *(.data .data.* .gnu.linkonce.d.*)
 .data          0x1fff80cc        0x4 .\CortexM3\ARM_GCC_541\Debug\Cm3Start.o
 .data.impure_data
                0x1fff80d0       0x60 c:/program files (x86)/cypress/psoc creator/4.3/psoc creator/import/gnu/arm/5.4.1/bin/../lib/gcc/arm-none-eabi/5.4.1/../../../../arm-none-eabi/lib/armv7-m\libg_nano.a(lib_a-impure.o)
 .data._impure_ptr
                0x1fff8130        0x4 c:/program files (x86)/cypress/psoc creator/4.3/psoc creator/import/gnu/arm/5.4.1/bin/../lib/gcc/arm-none-eabi/5.4.1/../../../../arm-none-eabi/lib/armv7-m\libg_nano.a(lib_a-impure.o)
                0x1fff8130                _impure_ptr
                0x1fff8138                . = ALIGN (0x8)
 *fill*         0x1fff8134        0x4 
 *(.ram)
                0x1fff8138                _edata = .

.igot.plt       0x1fff8138        0x0 load address 0x000016b8
 .igot.plt      0x1fff8138        0x0 c:/program files (x86)/cypress/psoc creator/4.3/psoc creator/import/gnu/arm/5.4.1/bin/../lib/gcc/arm-none-eabi/5.4.1/armv7-m/crtbegin.o

.bss            0x1fff8138       0x88 load address 0x000016b8
                0x1fff8138                PROVIDE (__bss_start__, .)
 *(.shbss)
 *(.bss .bss.* .gnu.linkonce.b.*)
 .bss           0x1fff8138       0x1c c:/program files (x86)/cypress/psoc creator/4.3/psoc creator/import/gnu/arm/5.4.1/bin/../lib/gcc/arm-none-eabi/5.4.1/armv7-m/crtbegin.o
 .bss           0x1fff8154        0x2 .\CortexM3\ARM_GCC_541\Debug\DCMotor.a(UART.o)
                0x1fff8154                UART_initVar
 .bss           0x1fff8156        0x1 .\CortexM3\ARM_GCC_541\Debug\DCMotor.a(PWM_1.o)
                0x1fff8156                PWM_1_initVar
 *fill*         0x1fff8157        0x1 
 .bss           0x1fff8158        0x1 .\CortexM3\ARM_GCC_541\Debug\DCMotor.a(PWM_1_PM.o)
 *fill*         0x1fff8159        0x3 
 .bss.__malloc_sbrk_start
                0x1fff815c        0x4 c:/program files (x86)/cypress/psoc creator/4.3/psoc creator/import/gnu/arm/5.4.1/bin/../lib/gcc/arm-none-eabi/5.4.1/../../../../arm-none-eabi/lib/armv7-m\libg_nano.a(lib_a-nano-mallocr.o)
                0x1fff815c                __malloc_sbrk_start
 .bss.__malloc_free_list
                0x1fff8160        0x4 c:/program files (x86)/cypress/psoc creator/4.3/psoc creator/import/gnu/arm/5.4.1/bin/../lib/gcc/arm-none-eabi/5.4.1/../../../../arm-none-eabi/lib/armv7-m\libg_nano.a(lib_a-nano-mallocr.o)
                0x1fff8160                __malloc_free_list
 *(COMMON)
 COMMON         0x1fff8164       0x51 .\CortexM3\ARM_GCC_541\Debug\main.o
                0x1fff8164                PWMModDisabler
                0x1fff8165                Ch
                0x1fff8166                PWMMod
                0x1fff8167                PWMCompareCount
                0x1fff8168                PWMModInc
                0x1fff8169                PWMReset
                0x1fff816a                clkDivideAmount
                0x1fff816c                PWMPeriod
                0x1fff816d                PWMModDec
                0x1fff8170                str
                0x1fff81b2                clkDivideBase
                0x1fff81b4                PWMInfoF
 *fill*         0x1fff81b5        0x3 
 COMMON         0x1fff81b8        0x4 c:/program files (x86)/cypress/psoc creator/4.3/psoc creator/import/gnu/arm/5.4.1/bin/../lib/gcc/arm-none-eabi/5.4.1/../../../../arm-none-eabi/lib/armv7-m\libg_nano.a(lib_a-reent.o)
                0x1fff81b8                errno
                0x1fff81c0                . = ALIGN (0x8)
 *fill*         0x1fff81bc        0x4 
 *(.ram.b)
                0x1fff81c0                _end = .
                0x1fff81c0                __end = .
                0x1fff81c0                PROVIDE (end, .)
                0x1fff81c0                PROVIDE (__bss_end__, .)
                0x00001648                __cy_region_init_ram = LOADADDR (.data)
                0x00000070                __cy_region_init_size_ram = (_edata - ADDR (.data))
                0x00000088                __cy_region_zero_size_ram = (_end - _edata)

.heap           0x1fff81c0       0x80 load address 0x000016b8
                0x1fff81c0                . = _end
                0x1fff8240                . = (. + 0x80)
 *fill*         0x1fff81c0       0x80 
                0x1fff8240                __cy_heap_limit = .

.stack          0x20007800      0x800
                0x20007800                __cy_stack_limit = .
                0x20008000                . = (. + 0x800)
 *fill*         0x20007800      0x800 
                0x00000001                ASSERT ((__cy_stack_limit >= __cy_heap_limit), region RAM overflowed with stack)
                0x00000000                cy_checksum_exclude_size = (CY_APPL_LOADABLE == 0x1)?SIZEOF (.cy_checksum_exclude):0x0
                0x00000001                ASSERT ((cy_checksum_exclude_size <= CY_CHECKSUM_EXCLUDE_SIZE), CY_BOOT: Section .cy_checksum_exclude size exceedes specified limit.)

.cyloadermeta
 *(.cyloadermeta)

.cyloadablemeta
 *(.cyloadablemeta)

.cyconfigecc    0x80000000      0x440
 *(.cyconfigecc)
 .cyconfigecc   0x80000000      0x440 .\CortexM3\ARM_GCC_541\Debug\cymetadata.o
                0x80000000                cy_meta_configecc

.cycustnvl      0x90000000        0x4
 *(.cycustnvl)
 .cycustnvl     0x90000000        0x4 .\CortexM3\ARM_GCC_541\Debug\cymetadata.o
                0x90000000                cy_meta_custnvl

.cywolatch      0x90100000        0x4
 *(.cywolatch)
 .cywolatch     0x90100000        0x4 .\CortexM3\ARM_GCC_541\Debug\cymetadata.o
                0x90100000                cy_meta_wonvl

.cyeeprom       0x90200000        0x0
 *(.cyeeprom)
                0x00000001                ASSERT ((. <= ((0x90200000 + ee_offset) + ee_size)), .cyeeprom data will not fit in EEPROM)

.cyflashprotect
                0x90400000      0x100
 *(.cyflashprotect)
 .cyflashprotect
                0x90400000      0x100 .\CortexM3\ARM_GCC_541\Debug\cymetadata.o
                0x90400000                cy_meta_flashprotect

.cymeta         0x90500000        0xc
 *(.cymeta)
 .cymeta        0x90500000        0xc .\CortexM3\ARM_GCC_541\Debug\cymetadata.o
                0x90500000                cy_metadata

.rel.dyn        0x000016b8        0x0 load address 0x9050000c
 .rel.iplt      0x000016b8        0x0 c:/program files (x86)/cypress/psoc creator/4.3/psoc creator/import/gnu/arm/5.4.1/bin/../lib/gcc/arm-none-eabi/5.4.1/armv7-m/crtbegin.o

.stab
 *(.stab)

.stabstr
 *(.stabstr)

.debug
 *(.debug)

.line
 *(.line)

.debug_srcinfo
 *(.debug_srcinfo)

.debug_sfnames
 *(.debug_sfnames)

.debug_aranges  0x00000000      0x8f0
 *(.debug_aranges)
 .debug_aranges
                0x00000000       0x68 .\CortexM3\ARM_GCC_541\Debug\main.o
 .debug_aranges
                0x00000068       0x58 .\CortexM3\ARM_GCC_541\Debug\cyfitter_cfg.o
 .debug_aranges
                0x000000c0       0x18 .\CortexM3\ARM_GCC_541\Debug\cymetadata.o
 .debug_aranges
                0x000000d8       0x48 .\CortexM3\ARM_GCC_541\Debug\Cm3Start.o
 .debug_aranges
                0x00000120       0xf0 .\CortexM3\ARM_GCC_541\Debug\DCMotor.a(UART.o)
 .debug_aranges
                0x00000210       0x80 .\CortexM3\ARM_GCC_541\Debug\DCMotor.a(usr_rx_isr.o)
 .debug_aranges
                0x00000290       0x70 .\CortexM3\ARM_GCC_541\Debug\DCMotor.a(clock_1.o)
 .debug_aranges
                0x00000300       0x78 .\CortexM3\ARM_GCC_541\Debug\DCMotor.a(PWM_1.o)
 .debug_aranges
                0x00000378       0x38 .\CortexM3\ARM_GCC_541\Debug\DCMotor.a(PWM_1_PM.o)
 .debug_aranges
                0x000003b0       0x38 .\CortexM3\ARM_GCC_541\Debug\DCMotor.a(Motor_1.o)
 .debug_aranges
                0x000003e8       0x38 .\CortexM3\ARM_GCC_541\Debug\DCMotor.a(Motor_2.o)
 .debug_aranges
                0x00000420       0x70 .\CortexM3\ARM_GCC_541\Debug\DCMotor.a(UART_IntClock.o)
 .debug_aranges
                0x00000490      0x2a0 .\CortexM3\ARM_GCC_541\Debug\DCMotor.a(CyLib.o)
 .debug_aranges
                0x00000730       0x98 .\CortexM3\ARM_GCC_541\Debug\DCMotor.a(cyPm.o)
 .debug_aranges
                0x000007c8       0x20 .\CortexM3\ARM_GCC_541\Debug\DCMotor.a(CyBootAsmGnu.o)
 .debug_aranges
                0x000007e8       0x88 .\CortexM3\ARM_GCC_541\Debug\DCMotor.a(CyFlash.o)
 .debug_aranges
                0x00000870       0x80 .\CortexM3\ARM_GCC_541\Debug\DCMotor.a(CySpc.o)

.debug_pubnames
 *(.debug_pubnames)

.debug_info     0x00000000     0x4e5c
 *(.debug_info .gnu.linkonce.wi.*)
 .debug_info    0x00000000      0x6b2 .\CortexM3\ARM_GCC_541\Debug\main.o
 .debug_info    0x000006b2      0x4ee .\CortexM3\ARM_GCC_541\Debug\cyfitter_cfg.o
 .debug_info    0x00000ba0      0x135 .\CortexM3\ARM_GCC_541\Debug\cymetadata.o
 .debug_info    0x00000cd5      0x3bb .\CortexM3\ARM_GCC_541\Debug\Cm3Start.o
 .debug_info    0x00001090      0x60c .\CortexM3\ARM_GCC_541\Debug\DCMotor.a(UART.o)
 .debug_info    0x0000169c      0x2d2 .\CortexM3\ARM_GCC_541\Debug\DCMotor.a(usr_rx_isr.o)
 .debug_info    0x0000196e      0x283 .\CortexM3\ARM_GCC_541\Debug\DCMotor.a(clock_1.o)
 .debug_info    0x00001bf1      0x27f .\CortexM3\ARM_GCC_541\Debug\DCMotor.a(PWM_1.o)
 .debug_info    0x00001e70      0x153 .\CortexM3\ARM_GCC_541\Debug\DCMotor.a(PWM_1_PM.o)
 .debug_info    0x00001fc3      0x11f .\CortexM3\ARM_GCC_541\Debug\DCMotor.a(Motor_1.o)
 .debug_info    0x000020e2      0x11f .\CortexM3\ARM_GCC_541\Debug\DCMotor.a(Motor_2.o)
 .debug_info    0x00002201      0x283 .\CortexM3\ARM_GCC_541\Debug\DCMotor.a(UART_IntClock.o)
 .debug_info    0x00002484     0x1374 .\CortexM3\ARM_GCC_541\Debug\DCMotor.a(CyLib.o)
 .debug_info    0x000037f8      0xa2a .\CortexM3\ARM_GCC_541\Debug\DCMotor.a(cyPm.o)
 .debug_info    0x00004222       0x9d .\CortexM3\ARM_GCC_541\Debug\DCMotor.a(CyBootAsmGnu.o)
 .debug_info    0x000042bf      0x64d .\CortexM3\ARM_GCC_541\Debug\DCMotor.a(CyFlash.o)
 .debug_info    0x0000490c      0x550 .\CortexM3\ARM_GCC_541\Debug\DCMotor.a(CySpc.o)

.debug_abbrev   0x00000000     0x1565
 *(.debug_abbrev)
 .debug_abbrev  0x00000000      0x160 .\CortexM3\ARM_GCC_541\Debug\main.o
 .debug_abbrev  0x00000160      0x1fe .\CortexM3\ARM_GCC_541\Debug\cyfitter_cfg.o
 .debug_abbrev  0x0000035e       0x66 .\CortexM3\ARM_GCC_541\Debug\cymetadata.o
 .debug_abbrev  0x000003c4      0x1e8 .\CortexM3\ARM_GCC_541\Debug\Cm3Start.o
 .debug_abbrev  0x000005ac      0x175 .\CortexM3\ARM_GCC_541\Debug\DCMotor.a(UART.o)
 .debug_abbrev  0x00000721      0x173 .\CortexM3\ARM_GCC_541\Debug\DCMotor.a(usr_rx_isr.o)
 .debug_abbrev  0x00000894      0x139 .\CortexM3\ARM_GCC_541\Debug\DCMotor.a(clock_1.o)
 .debug_abbrev  0x000009cd      0x12d .\CortexM3\ARM_GCC_541\Debug\DCMotor.a(PWM_1.o)
 .debug_abbrev  0x00000afa       0xc4 .\CortexM3\ARM_GCC_541\Debug\DCMotor.a(PWM_1_PM.o)
 .debug_abbrev  0x00000bbe       0x90 .\CortexM3\ARM_GCC_541\Debug\DCMotor.a(Motor_1.o)
 .debug_abbrev  0x00000c4e       0x90 .\CortexM3\ARM_GCC_541\Debug\DCMotor.a(Motor_2.o)
 .debug_abbrev  0x00000cde      0x139 .\CortexM3\ARM_GCC_541\Debug\DCMotor.a(UART_IntClock.o)
 .debug_abbrev  0x00000e17      0x254 .\CortexM3\ARM_GCC_541\Debug\DCMotor.a(CyLib.o)
 .debug_abbrev  0x0000106b      0x1ab .\CortexM3\ARM_GCC_541\Debug\DCMotor.a(cyPm.o)
 .debug_abbrev  0x00001216       0x14 .\CortexM3\ARM_GCC_541\Debug\DCMotor.a(CyBootAsmGnu.o)
 .debug_abbrev  0x0000122a      0x1a7 .\CortexM3\ARM_GCC_541\Debug\DCMotor.a(CyFlash.o)
 .debug_abbrev  0x000013d1      0x194 .\CortexM3\ARM_GCC_541\Debug\DCMotor.a(CySpc.o)

.debug_line     0x00000000     0x22a5
 *(.debug_line)
 .debug_line    0x00000000      0x319 .\CortexM3\ARM_GCC_541\Debug\main.o
 .debug_line    0x00000319      0x1da .\CortexM3\ARM_GCC_541\Debug\cyfitter_cfg.o
 .debug_line    0x000004f3      0x141 .\CortexM3\ARM_GCC_541\Debug\cymetadata.o
 .debug_line    0x00000634      0x234 .\CortexM3\ARM_GCC_541\Debug\Cm3Start.o
 .debug_line    0x00000868      0x2bc .\CortexM3\ARM_GCC_541\Debug\DCMotor.a(UART.o)
 .debug_line    0x00000b24      0x137 .\CortexM3\ARM_GCC_541\Debug\DCMotor.a(usr_rx_isr.o)
 .debug_line    0x00000c5b      0x176 .\CortexM3\ARM_GCC_541\Debug\DCMotor.a(clock_1.o)
 .debug_line    0x00000dd1      0x133 .\CortexM3\ARM_GCC_541\Debug\DCMotor.a(PWM_1.o)
 .debug_line    0x00000f04       0xa0 .\CortexM3\ARM_GCC_541\Debug\DCMotor.a(PWM_1_PM.o)
 .debug_line    0x00000fa4       0x94 .\CortexM3\ARM_GCC_541\Debug\DCMotor.a(Motor_1.o)
 .debug_line    0x00001038       0x94 .\CortexM3\ARM_GCC_541\Debug\DCMotor.a(Motor_2.o)
 .debug_line    0x000010cc      0x17c .\CortexM3\ARM_GCC_541\Debug\DCMotor.a(UART_IntClock.o)
 .debug_line    0x00001248      0x816 .\CortexM3\ARM_GCC_541\Debug\DCMotor.a(CyLib.o)
 .debug_line    0x00001a5e      0x367 .\CortexM3\ARM_GCC_541\Debug\DCMotor.a(cyPm.o)
 .debug_line    0x00001dc5       0x66 .\CortexM3\ARM_GCC_541\Debug\DCMotor.a(CyBootAsmGnu.o)
 .debug_line    0x00001e2b      0x21a .\CortexM3\ARM_GCC_541\Debug\DCMotor.a(CyFlash.o)
 .debug_line    0x00002045      0x260 .\CortexM3\ARM_GCC_541\Debug\DCMotor.a(CySpc.o)

.debug_frame    0x00000000     0x1a5c
 *(.debug_frame)
 .debug_frame   0x00000000      0x120 .\CortexM3\ARM_GCC_541\Debug\main.o
 .debug_frame   0x00000120       0xe4 .\CortexM3\ARM_GCC_541\Debug\cyfitter_cfg.o
 .debug_frame   0x00000204       0xb8 .\CortexM3\ARM_GCC_541\Debug\Cm3Start.o
 .debug_frame   0x000002bc      0x250 .\CortexM3\ARM_GCC_541\Debug\DCMotor.a(UART.o)
 .debug_frame   0x0000050c      0x104 .\CortexM3\ARM_GCC_541\Debug\DCMotor.a(usr_rx_isr.o)
 .debug_frame   0x00000610       0xe0 .\CortexM3\ARM_GCC_541\Debug\DCMotor.a(clock_1.o)
 .debug_frame   0x000006f0       0xe8 .\CortexM3\ARM_GCC_541\Debug\DCMotor.a(PWM_1.o)
 .debug_frame   0x000007d8       0x68 .\CortexM3\ARM_GCC_541\Debug\DCMotor.a(PWM_1_PM.o)
 .debug_frame   0x00000840       0x50 .\CortexM3\ARM_GCC_541\Debug\DCMotor.a(Motor_1.o)
 .debug_frame   0x00000890       0x50 .\CortexM3\ARM_GCC_541\Debug\DCMotor.a(Motor_2.o)
 .debug_frame   0x000008e0       0xe0 .\CortexM3\ARM_GCC_541\Debug\DCMotor.a(UART_IntClock.o)
 .debug_frame   0x000009c0      0x738 .\CortexM3\ARM_GCC_541\Debug\DCMotor.a(CyLib.o)
 .debug_frame   0x000010f8      0x1f8 .\CortexM3\ARM_GCC_541\Debug\DCMotor.a(cyPm.o)
 .debug_frame   0x000012f0      0x194 .\CortexM3\ARM_GCC_541\Debug\DCMotor.a(CyFlash.o)
 .debug_frame   0x00001484      0x180 .\CortexM3\ARM_GCC_541\Debug\DCMotor.a(CySpc.o)
 .debug_frame   0x00001604       0x20 c:/program files (x86)/cypress/psoc creator/4.3/psoc creator/import/gnu/arm/5.4.1/bin/../lib/gcc/arm-none-eabi/5.4.1/../../../../arm-none-eabi/lib/armv7-m\libg_nano.a(lib_a-errno.o)
 .debug_frame   0x00001624       0x28 c:/program files (x86)/cypress/psoc creator/4.3/psoc creator/import/gnu/arm/5.4.1/bin/../lib/gcc/arm-none-eabi/5.4.1/../../../../arm-none-eabi/lib/armv7-m\libg_nano.a(lib_a-exit.o)
 .debug_frame   0x0000164c       0x2c c:/program files (x86)/cypress/psoc creator/4.3/psoc creator/import/gnu/arm/5.4.1/bin/../lib/gcc/arm-none-eabi/5.4.1/../../../../arm-none-eabi/lib/armv7-m\libg_nano.a(lib_a-init.o)
 .debug_frame   0x00001678       0x28 c:/program files (x86)/cypress/psoc creator/4.3/psoc creator/import/gnu/arm/5.4.1/bin/../lib/gcc/arm-none-eabi/5.4.1/../../../../arm-none-eabi/lib/armv7-m\libg_nano.a(lib_a-memcpy-stub.o)
 .debug_frame   0x000016a0       0x20 c:/program files (x86)/cypress/psoc creator/4.3/psoc creator/import/gnu/arm/5.4.1/bin/../lib/gcc/arm-none-eabi/5.4.1/../../../../arm-none-eabi/lib/armv7-m\libg_nano.a(lib_a-memset.o)
 .debug_frame   0x000016c0       0x74 c:/program files (x86)/cypress/psoc creator/4.3/psoc creator/import/gnu/arm/5.4.1/bin/../lib/gcc/arm-none-eabi/5.4.1/../../../../arm-none-eabi/lib/armv7-m\libg_nano.a(lib_a-snprintf.o)
 .debug_frame   0x00001734       0x70 c:/program files (x86)/cypress/psoc creator/4.3/psoc creator/import/gnu/arm/5.4.1/bin/../lib/gcc/arm-none-eabi/5.4.1/../../../../arm-none-eabi/lib/armv7-m\libg_nano.a(lib_a-sprintf.o)
 .debug_frame   0x000017a4       0x90 c:/program files (x86)/cypress/psoc creator/4.3/psoc creator/import/gnu/arm/5.4.1/bin/../lib/gcc/arm-none-eabi/5.4.1/../../../../arm-none-eabi/lib/armv7-m\libg_nano.a(lib_a-nano-svfprintf.o)
 .debug_frame   0x00001834       0x60 c:/program files (x86)/cypress/psoc creator/4.3/psoc creator/import/gnu/arm/5.4.1/bin/../lib/gcc/arm-none-eabi/5.4.1/../../../../arm-none-eabi/lib/armv7-m\libg_nano.a(lib_a-nano-vfprintf_i.o)
 .debug_frame   0x00001894       0x28 c:/program files (x86)/cypress/psoc creator/4.3/psoc creator/import/gnu/arm/5.4.1/bin/../lib/gcc/arm-none-eabi/5.4.1/../../../../arm-none-eabi/lib/armv7-m\libg_nano.a(lib_a-memchr-stub.o)
 .debug_frame   0x000018bc       0x28 c:/program files (x86)/cypress/psoc creator/4.3/psoc creator/import/gnu/arm/5.4.1/bin/../lib/gcc/arm-none-eabi/5.4.1/../../../../arm-none-eabi/lib/armv7-m\libg_nano.a(lib_a-memmove.o)
 .debug_frame   0x000018e4       0x38 c:/program files (x86)/cypress/psoc creator/4.3/psoc creator/import/gnu/arm/5.4.1/bin/../lib/gcc/arm-none-eabi/5.4.1/../../../../arm-none-eabi/lib/armv7-m\libg_nano.a(lib_a-nano-freer.o)
 .debug_frame   0x0000191c       0x2c c:/program files (x86)/cypress/psoc creator/4.3/psoc creator/import/gnu/arm/5.4.1/bin/../lib/gcc/arm-none-eabi/5.4.1/../../../../arm-none-eabi/lib/armv7-m\libg_nano.a(lib_a-nano-mallocr.o)
 .debug_frame   0x00001948       0x3c c:/program files (x86)/cypress/psoc creator/4.3/psoc creator/import/gnu/arm/5.4.1/bin/../lib/gcc/arm-none-eabi/5.4.1/../../../../arm-none-eabi/lib/armv7-m\libg_nano.a(lib_a-nano-reallocr.o)
 .debug_frame   0x00001984       0x2c c:/program files (x86)/cypress/psoc creator/4.3/psoc creator/import/gnu/arm/5.4.1/bin/../lib/gcc/arm-none-eabi/5.4.1/../../../../arm-none-eabi/lib/armv7-m\libg_nano.a(lib_a-sbrkr.o)
 .debug_frame   0x000019b0       0x30 c:/program files (x86)/cypress/psoc creator/4.3/psoc creator/import/gnu/arm/5.4.1/bin/../lib/gcc/arm-none-eabi/5.4.1/../../../../arm-none-eabi/lib/armv7-m\libg_nano.a(lib_a-mlock.o)
 .debug_frame   0x000019e0       0x20 c:/program files (x86)/cypress/psoc creator/4.3/psoc creator/import/gnu/arm/5.4.1/bin/../lib/gcc/arm-none-eabi/5.4.1/../../../../arm-none-eabi/lib/armv7-m\libg_nano.a(lib_a-nano-msizer.o)
 .debug_frame   0x00001a00       0x5c c:/program files (x86)/cypress/psoc creator/4.3/psoc creator/import/gnu/arm/5.4.1/bin/../lib/gcc/arm-none-eabi/5.4.1/../../../../arm-none-eabi/lib/armv7-m\libg_nano.a(lib_a-reent.o)

.debug_str      0x00000000     0x1cc0
 *(.debug_str)
 .debug_str     0x00000000      0x379 .\CortexM3\ARM_GCC_541\Debug\main.o
                                0x3c1 (size before relaxing)
 .debug_str     0x00000379      0x17a .\CortexM3\ARM_GCC_541\Debug\cyfitter_cfg.o
                                0x31c (size before relaxing)
 .debug_str     0x000004f3       0x7f .\CortexM3\ARM_GCC_541\Debug\cymetadata.o
                                0x1f1 (size before relaxing)
 .debug_str     0x00000572      0x144 .\CortexM3\ARM_GCC_541\Debug\Cm3Start.o
                                0x317 (size before relaxing)
 .debug_str     0x000006b6      0x281 .\CortexM3\ARM_GCC_541\Debug\DCMotor.a(UART.o)
                                0x482 (size before relaxing)
 .debug_str     0x00000937      0x119 .\CortexM3\ARM_GCC_541\Debug\DCMotor.a(usr_rx_isr.o)
                                0x2f9 (size before relaxing)
 .debug_str     0x00000a50      0x132 .\CortexM3\ARM_GCC_541\Debug\DCMotor.a(clock_1.o)
                                0x2fb (size before relaxing)
 .debug_str     0x00000b82      0x102 .\CortexM3\ARM_GCC_541\Debug\DCMotor.a(PWM_1.o)
                                0x2da (size before relaxing)
 .debug_str     0x00000c84       0x76 .\CortexM3\ARM_GCC_541\Debug\DCMotor.a(PWM_1_PM.o)
                                0x23a (size before relaxing)
 .debug_str     0x00000cfa       0x67 .\CortexM3\ARM_GCC_541\Debug\DCMotor.a(Motor_1.o)
                                0x1f9 (size before relaxing)
 .debug_str     0x00000d61       0x57 .\CortexM3\ARM_GCC_541\Debug\DCMotor.a(Motor_2.o)
                                0x1f9 (size before relaxing)
 .debug_str     0x00000db8      0x138 .\CortexM3\ARM_GCC_541\Debug\DCMotor.a(UART_IntClock.o)
                                0x343 (size before relaxing)
 .debug_str     0x00000ef0      0x804 .\CortexM3\ARM_GCC_541\Debug\DCMotor.a(CyLib.o)
                                0xa54 (size before relaxing)
 .debug_str     0x000016f4      0x365 .\CortexM3\ARM_GCC_541\Debug\DCMotor.a(cyPm.o)
                                0x740 (size before relaxing)
 .debug_str     0x00001a59      0x1bb .\CortexM3\ARM_GCC_541\Debug\DCMotor.a(CyFlash.o)
                                0x3cd (size before relaxing)
 .debug_str     0x00001c14       0xac .\CortexM3\ARM_GCC_541\Debug\DCMotor.a(CySpc.o)
                                0x345 (size before relaxing)

.debug_loc      0x00000000     0x1fa2
 *(.debug_loc)
 .debug_loc     0x00000000       0x42 .\CortexM3\ARM_GCC_541\Debug\main.o
 .debug_loc     0x00000042      0x1d7 .\CortexM3\ARM_GCC_541\Debug\cyfitter_cfg.o
 .debug_loc     0x00000219      0x144 .\CortexM3\ARM_GCC_541\Debug\Cm3Start.o
 .debug_loc     0x0000035d      0x258 .\CortexM3\ARM_GCC_541\Debug\DCMotor.a(UART.o)
 .debug_loc     0x000005b5       0x56 .\CortexM3\ARM_GCC_541\Debug\DCMotor.a(usr_rx_isr.o)
 .debug_loc     0x0000060b      0x12c .\CortexM3\ARM_GCC_541\Debug\DCMotor.a(clock_1.o)
 .debug_loc     0x00000737       0x13 .\CortexM3\ARM_GCC_541\Debug\DCMotor.a(PWM_1.o)
 .debug_loc     0x0000074a       0x42 .\CortexM3\ARM_GCC_541\Debug\DCMotor.a(Motor_1.o)
 .debug_loc     0x0000078c       0x42 .\CortexM3\ARM_GCC_541\Debug\DCMotor.a(Motor_2.o)
 .debug_loc     0x000007ce      0x128 .\CortexM3\ARM_GCC_541\Debug\DCMotor.a(UART_IntClock.o)
 .debug_loc     0x000008f6      0xa11 .\CortexM3\ARM_GCC_541\Debug\DCMotor.a(CyLib.o)
 .debug_loc     0x00001307      0x1e4 .\CortexM3\ARM_GCC_541\Debug\DCMotor.a(cyPm.o)
 .debug_loc     0x000014eb      0x3b2 .\CortexM3\ARM_GCC_541\Debug\DCMotor.a(CyFlash.o)
 .debug_loc     0x0000189d      0x705 .\CortexM3\ARM_GCC_541\Debug\DCMotor.a(CySpc.o)

.debug_macinfo
 *(.debug_macinfo)

.debug_ranges   0x00000000      0x7c8
 *(.debug_ranges)
 .debug_ranges  0x00000000       0x58 .\CortexM3\ARM_GCC_541\Debug\main.o
 .debug_ranges  0x00000058       0x48 .\CortexM3\ARM_GCC_541\Debug\cyfitter_cfg.o
 .debug_ranges  0x000000a0       0x38 .\CortexM3\ARM_GCC_541\Debug\Cm3Start.o
 .debug_ranges  0x000000d8       0xe0 .\CortexM3\ARM_GCC_541\Debug\DCMotor.a(UART.o)
 .debug_ranges  0x000001b8       0x70 .\CortexM3\ARM_GCC_541\Debug\DCMotor.a(usr_rx_isr.o)
 .debug_ranges  0x00000228       0x60 .\CortexM3\ARM_GCC_541\Debug\DCMotor.a(clock_1.o)
 .debug_ranges  0x00000288       0x68 .\CortexM3\ARM_GCC_541\Debug\DCMotor.a(PWM_1.o)
 .debug_ranges  0x000002f0       0x28 .\CortexM3\ARM_GCC_541\Debug\DCMotor.a(PWM_1_PM.o)
 .debug_ranges  0x00000318       0x28 .\CortexM3\ARM_GCC_541\Debug\DCMotor.a(Motor_1.o)
 .debug_ranges  0x00000340       0x28 .\CortexM3\ARM_GCC_541\Debug\DCMotor.a(Motor_2.o)
 .debug_ranges  0x00000368       0x60 .\CortexM3\ARM_GCC_541\Debug\DCMotor.a(UART_IntClock.o)
 .debug_ranges  0x000003c8      0x290 .\CortexM3\ARM_GCC_541\Debug\DCMotor.a(CyLib.o)
 .debug_ranges  0x00000658       0x88 .\CortexM3\ARM_GCC_541\Debug\DCMotor.a(cyPm.o)
 .debug_ranges  0x000006e0       0x78 .\CortexM3\ARM_GCC_541\Debug\DCMotor.a(CyFlash.o)
 .debug_ranges  0x00000758       0x70 .\CortexM3\ARM_GCC_541\Debug\DCMotor.a(CySpc.o)

.comment        0x00000000       0x6e
 .comment       0x00000000       0x6e .\CortexM3\ARM_GCC_541\Debug\main.o
                                 0x6f (size before relaxing)
 .comment       0x0000006e       0x6f .\CortexM3\ARM_GCC_541\Debug\cyfitter_cfg.o
 .comment       0x0000006e       0x6f .\CortexM3\ARM_GCC_541\Debug\cymetadata.o
 .comment       0x0000006e       0x6f .\CortexM3\ARM_GCC_541\Debug\Cm3Start.o
 .comment       0x0000006e       0x6f .\CortexM3\ARM_GCC_541\Debug\DCMotor.a(UART.o)
 .comment       0x0000006e       0x6f .\CortexM3\ARM_GCC_541\Debug\DCMotor.a(usr_rx_isr.o)
 .comment       0x0000006e       0x6f .\CortexM3\ARM_GCC_541\Debug\DCMotor.a(clock_1.o)
 .comment       0x0000006e       0x6f .\CortexM3\ARM_GCC_541\Debug\DCMotor.a(PWM_1.o)
 .comment       0x0000006e       0x6f .\CortexM3\ARM_GCC_541\Debug\DCMotor.a(PWM_1_PM.o)
 .comment       0x0000006e       0x6f .\CortexM3\ARM_GCC_541\Debug\DCMotor.a(Motor_1.o)
 .comment       0x0000006e       0x6f .\CortexM3\ARM_GCC_541\Debug\DCMotor.a(Motor_2.o)
 .comment       0x0000006e       0x6f .\CortexM3\ARM_GCC_541\Debug\DCMotor.a(UART_IntClock.o)
 .comment       0x0000006e       0x6f .\CortexM3\ARM_GCC_541\Debug\DCMotor.a(CyLib.o)
 .comment       0x0000006e       0x6f .\CortexM3\ARM_GCC_541\Debug\DCMotor.a(cyPm.o)
 .comment       0x0000006e       0x6f .\CortexM3\ARM_GCC_541\Debug\DCMotor.a(CyFlash.o)
 .comment       0x0000006e       0x6f .\CortexM3\ARM_GCC_541\Debug\DCMotor.a(CySpc.o)

.debug_weaknames
 *(.debug_weaknames)

.debug_funcnames
 *(.debug_funcnames)

.debug_typenames
 *(.debug_typenames)

.debug_varnames
 *(.debug_varnames)

.note.gnu.arm.ident
 *(.note.gnu.arm.ident)

.ARM.attributes
                0x00000000       0x29
 *(.ARM.attributes)
 .ARM.attributes
                0x00000000       0x1d c:/program files (x86)/cypress/psoc creator/4.3/psoc creator/import/gnu/arm/5.4.1/bin/../lib/gcc/arm-none-eabi/5.4.1/armv7-m/crti.o
 .ARM.attributes
                0x0000001d       0x2d c:/program files (x86)/cypress/psoc creator/4.3/psoc creator/import/gnu/arm/5.4.1/bin/../lib/gcc/arm-none-eabi/5.4.1/armv7-m/crtbegin.o
 .ARM.attributes
                0x0000004a       0x1b c:/program files (x86)/cypress/psoc creator/4.3/psoc creator/import/gnu/arm/5.4.1/bin/../lib/gcc/arm-none-eabi/5.4.1/../../../../arm-none-eabi/lib/armv7-m/crt0.o
 .ARM.attributes
                0x00000065       0x33 .\CortexM3\ARM_GCC_541\Debug\main.o
 .ARM.attributes
                0x00000098       0x33 .\CortexM3\ARM_GCC_541\Debug\cyfitter_cfg.o
 .ARM.attributes
                0x000000cb       0x33 .\CortexM3\ARM_GCC_541\Debug\cymetadata.o
 .ARM.attributes
                0x000000fe       0x33 .\CortexM3\ARM_GCC_541\Debug\Cm3Start.o
 .ARM.attributes
                0x00000131       0x33 .\CortexM3\ARM_GCC_541\Debug\DCMotor.a(UART.o)
 .ARM.attributes
                0x00000164       0x33 .\CortexM3\ARM_GCC_541\Debug\DCMotor.a(usr_rx_isr.o)
 .ARM.attributes
                0x00000197       0x33 .\CortexM3\ARM_GCC_541\Debug\DCMotor.a(clock_1.o)
 .ARM.attributes
                0x000001ca       0x33 .\CortexM3\ARM_GCC_541\Debug\DCMotor.a(PWM_1.o)
 .ARM.attributes
                0x000001fd       0x33 .\CortexM3\ARM_GCC_541\Debug\DCMotor.a(PWM_1_PM.o)
 .ARM.attributes
                0x00000230       0x33 .\CortexM3\ARM_GCC_541\Debug\DCMotor.a(Motor_1.o)
 .ARM.attributes
                0x00000263       0x33 .\CortexM3\ARM_GCC_541\Debug\DCMotor.a(Motor_2.o)
 .ARM.attributes
                0x00000296       0x33 .\CortexM3\ARM_GCC_541\Debug\DCMotor.a(UART_IntClock.o)
 .ARM.attributes
                0x000002c9       0x33 .\CortexM3\ARM_GCC_541\Debug\DCMotor.a(CyLib.o)
 .ARM.attributes
                0x000002fc       0x33 .\CortexM3\ARM_GCC_541\Debug\DCMotor.a(cyPm.o)
 .ARM.attributes
                0x0000032f       0x21 .\CortexM3\ARM_GCC_541\Debug\DCMotor.a(CyBootAsmGnu.o)
 .ARM.attributes
                0x00000350       0x33 .\CortexM3\ARM_GCC_541\Debug\DCMotor.a(CyFlash.o)
 .ARM.attributes
                0x00000383       0x33 .\CortexM3\ARM_GCC_541\Debug\DCMotor.a(CySpc.o)
 .ARM.attributes
                0x000003b6       0x2d c:/program files (x86)/cypress/psoc creator/4.3/psoc creator/import/gnu/arm/5.4.1/bin/../lib/gcc/arm-none-eabi/5.4.1/../../../../arm-none-eabi/lib/armv7-m\libg_nano.a(lib_a-errno.o)
 .ARM.attributes
                0x000003e3       0x2d c:/program files (x86)/cypress/psoc creator/4.3/psoc creator/import/gnu/arm/5.4.1/bin/../lib/gcc/arm-none-eabi/5.4.1/../../../../arm-none-eabi/lib/armv7-m\libg_nano.a(lib_a-exit.o)
 .ARM.attributes
                0x00000410       0x2d c:/program files (x86)/cypress/psoc creator/4.3/psoc creator/import/gnu/arm/5.4.1/bin/../lib/gcc/arm-none-eabi/5.4.1/../../../../arm-none-eabi/lib/armv7-m\libg_nano.a(lib_a-impure.o)
 .ARM.attributes
                0x0000043d       0x2d c:/program files (x86)/cypress/psoc creator/4.3/psoc creator/import/gnu/arm/5.4.1/bin/../lib/gcc/arm-none-eabi/5.4.1/../../../../arm-none-eabi/lib/armv7-m\libg_nano.a(lib_a-init.o)
 .ARM.attributes
                0x0000046a       0x2d c:/program files (x86)/cypress/psoc creator/4.3/psoc creator/import/gnu/arm/5.4.1/bin/../lib/gcc/arm-none-eabi/5.4.1/../../../../arm-none-eabi/lib/armv7-m\libg_nano.a(lib_a-memcpy-stub.o)
 .ARM.attributes
                0x00000497       0x2d c:/program files (x86)/cypress/psoc creator/4.3/psoc creator/import/gnu/arm/5.4.1/bin/../lib/gcc/arm-none-eabi/5.4.1/../../../../arm-none-eabi/lib/armv7-m\libg_nano.a(lib_a-memset.o)
 .ARM.attributes
                0x000004c4       0x2d c:/program files (x86)/cypress/psoc creator/4.3/psoc creator/import/gnu/arm/5.4.1/bin/../lib/gcc/arm-none-eabi/5.4.1/../../../../arm-none-eabi/lib/armv7-m\libg_nano.a(lib_a-snprintf.o)
 .ARM.attributes
                0x000004f1       0x2d c:/program files (x86)/cypress/psoc creator/4.3/psoc creator/import/gnu/arm/5.4.1/bin/../lib/gcc/arm-none-eabi/5.4.1/../../../../arm-none-eabi/lib/armv7-m\libg_nano.a(lib_a-sprintf.o)
 .ARM.attributes
                0x0000051e       0x2d c:/program files (x86)/cypress/psoc creator/4.3/psoc creator/import/gnu/arm/5.4.1/bin/../lib/gcc/arm-none-eabi/5.4.1/../../../../arm-none-eabi/lib/armv7-m\libg_nano.a(lib_a-nano-svfprintf.o)
 .ARM.attributes
                0x0000054b       0x2d c:/program files (x86)/cypress/psoc creator/4.3/psoc creator/import/gnu/arm/5.4.1/bin/../lib/gcc/arm-none-eabi/5.4.1/../../../../arm-none-eabi/lib/armv7-m\libg_nano.a(lib_a-nano-vfprintf_i.o)
 .ARM.attributes
                0x00000578       0x2d c:/program files (x86)/cypress/psoc creator/4.3/psoc creator/import/gnu/arm/5.4.1/bin/../lib/gcc/arm-none-eabi/5.4.1/../../../../arm-none-eabi/lib/armv7-m\libg_nano.a(lib_a-memchr-stub.o)
 .ARM.attributes
                0x000005a5       0x2d c:/program files (x86)/cypress/psoc creator/4.3/psoc creator/import/gnu/arm/5.4.1/bin/../lib/gcc/arm-none-eabi/5.4.1/../../../../arm-none-eabi/lib/armv7-m\libg_nano.a(lib_a-memmove.o)
 .ARM.attributes
                0x000005d2       0x2d c:/program files (x86)/cypress/psoc creator/4.3/psoc creator/import/gnu/arm/5.4.1/bin/../lib/gcc/arm-none-eabi/5.4.1/../../../../arm-none-eabi/lib/armv7-m\libg_nano.a(lib_a-nano-freer.o)
 .ARM.attributes
                0x000005ff       0x2d c:/program files (x86)/cypress/psoc creator/4.3/psoc creator/import/gnu/arm/5.4.1/bin/../lib/gcc/arm-none-eabi/5.4.1/../../../../arm-none-eabi/lib/armv7-m\libg_nano.a(lib_a-nano-mallocr.o)
 .ARM.attributes
                0x0000062c       0x2d c:/program files (x86)/cypress/psoc creator/4.3/psoc creator/import/gnu/arm/5.4.1/bin/../lib/gcc/arm-none-eabi/5.4.1/../../../../arm-none-eabi/lib/armv7-m\libg_nano.a(lib_a-nano-reallocr.o)
 .ARM.attributes
                0x00000659       0x2d c:/program files (x86)/cypress/psoc creator/4.3/psoc creator/import/gnu/arm/5.4.1/bin/../lib/gcc/arm-none-eabi/5.4.1/../../../../arm-none-eabi/lib/armv7-m\libg_nano.a(lib_a-sbrkr.o)
 .ARM.attributes
                0x00000686       0x2d c:/program files (x86)/cypress/psoc creator/4.3/psoc creator/import/gnu/arm/5.4.1/bin/../lib/gcc/arm-none-eabi/5.4.1/../../../../arm-none-eabi/lib/armv7-m\libg_nano.a(lib_a-mlock.o)
 .ARM.attributes
                0x000006b3       0x2d c:/program files (x86)/cypress/psoc creator/4.3/psoc creator/import/gnu/arm/5.4.1/bin/../lib/gcc/arm-none-eabi/5.4.1/../../../../arm-none-eabi/lib/armv7-m\libg_nano.a(lib_a-nano-msizer.o)
 .ARM.attributes
                0x000006e0       0x2d c:/program files (x86)/cypress/psoc creator/4.3/psoc creator/import/gnu/arm/5.4.1/bin/../lib/gcc/arm-none-eabi/5.4.1/../../../../arm-none-eabi/lib/armv7-m\libg_nano.a(lib_a-reent.o)
 .ARM.attributes
                0x0000070d       0x2d c:/program files (x86)/cypress/psoc creator/4.3/psoc creator/import/gnu/arm/5.4.1/bin/../lib/gcc/arm-none-eabi/5.4.1/armv7-m/crtend.o
 .ARM.attributes
                0x0000073a       0x1d c:/program files (x86)/cypress/psoc creator/4.3/psoc creator/import/gnu/arm/5.4.1/bin/../lib/gcc/arm-none-eabi/5.4.1/armv7-m/crtn.o

/DISCARD/
 *(.note.GNU-stack)
OUTPUT(E:\UNI\3 semester\Github\E3PRJ3\Software\SumoBot Microcontroller\DCMotor.cydsn\CortexM3\ARM_GCC_541\Debug\DCMotor.elf elf32-littlearm)
