ARM GAS  C:\Users\asha\AppData\Local\Temp\ccHwapD1.s 			page 1


   1              		.cpu cortex-m0
   2              		.fpu softvfp
   3              		.eabi_attribute 20, 1
   4              		.eabi_attribute 21, 1
   5              		.eabi_attribute 23, 3
   6              		.eabi_attribute 24, 1
   7              		.eabi_attribute 25, 1
   8              		.eabi_attribute 26, 1
   9              		.eabi_attribute 30, 2
  10              		.eabi_attribute 18, 4
  11              		.code	16
  12              		.file	"cyfitter_cfg.c"
  13              		.section	.debug_abbrev,"",%progbits
  14              	.Ldebug_abbrev0:
  15              		.section	.debug_info,"",%progbits
  16              	.Ldebug_info0:
  17              		.section	.debug_line,"",%progbits
  18              	.Ldebug_line0:
  19 0000 5F010000 		.text
  19      0200F000 
  19      00000201 
  19      FB0E0D00 
  19      01010101 
  20              	.Ltext0:
  21              		.cfi_sections	.debug_frame
  22              		.section	.psocinit,"ax",%progbits
  23              		.align	2
  24              		.global	cyfitter_cfg
  25              		.code	16
  26              		.thumb_func
  27              		.type	cyfitter_cfg, %function
  28              	cyfitter_cfg:
  29              	.LFB6:
  30              		.file 1 ".\\Generated_Source\\PSoC4\\cyfitter_cfg.c"
   1:.\Generated_Source\PSoC4/cyfitter_cfg.c **** /*******************************************************************************
   2:.\Generated_Source\PSoC4/cyfitter_cfg.c **** * FILENAME: cyfitter_cfg.c
   3:.\Generated_Source\PSoC4/cyfitter_cfg.c **** * PSoC Creator 2.2 Service Pack 1
   4:.\Generated_Source\PSoC4/cyfitter_cfg.c **** *
   5:.\Generated_Source\PSoC4/cyfitter_cfg.c **** * Description:
   6:.\Generated_Source\PSoC4/cyfitter_cfg.c **** * This file is automatically generated by PSoC Creator with device 
   7:.\Generated_Source\PSoC4/cyfitter_cfg.c **** * initialization code.  Except for the user defined sections in
   8:.\Generated_Source\PSoC4/cyfitter_cfg.c **** * CyClockStartupError(), this file should not be modified.
   9:.\Generated_Source\PSoC4/cyfitter_cfg.c **** *
  10:.\Generated_Source\PSoC4/cyfitter_cfg.c **** ********************************************************************************
  11:.\Generated_Source\PSoC4/cyfitter_cfg.c **** * Copyright 2013, Cypress Semiconductor Corporation.  All rights reserved.
  12:.\Generated_Source\PSoC4/cyfitter_cfg.c **** * You may use this file only in accordance with the license, terms, conditions, 
  13:.\Generated_Source\PSoC4/cyfitter_cfg.c **** * disclaimers, and limitations in the end user license agreement accompanying 
  14:.\Generated_Source\PSoC4/cyfitter_cfg.c **** * the software package with which this file was provided.
  15:.\Generated_Source\PSoC4/cyfitter_cfg.c **** ********************************************************************************/
  16:.\Generated_Source\PSoC4/cyfitter_cfg.c **** 
  17:.\Generated_Source\PSoC4/cyfitter_cfg.c **** #include <string.h>
  18:.\Generated_Source\PSoC4/cyfitter_cfg.c **** #include <cytypes.h>
  19:.\Generated_Source\PSoC4/cyfitter_cfg.c **** #include <cydevice_trm.h>
  20:.\Generated_Source\PSoC4/cyfitter_cfg.c **** #include <cyfitter.h>
  21:.\Generated_Source\PSoC4/cyfitter_cfg.c **** #include <CyLib.h>
  22:.\Generated_Source\PSoC4/cyfitter_cfg.c **** #include <cyfitter_cfg.h>
  23:.\Generated_Source\PSoC4/cyfitter_cfg.c **** 
ARM GAS  C:\Users\asha\AppData\Local\Temp\ccHwapD1.s 			page 2


  24:.\Generated_Source\PSoC4/cyfitter_cfg.c **** /* Clock startup error codes                                                   */
  25:.\Generated_Source\PSoC4/cyfitter_cfg.c **** #define CYCLOCKSTART_NO_ERROR    0u
  26:.\Generated_Source\PSoC4/cyfitter_cfg.c **** #define CYCLOCKSTART_XTAL_ERROR  1u
  27:.\Generated_Source\PSoC4/cyfitter_cfg.c **** #define CYCLOCKSTART_32KHZ_ERROR 2u
  28:.\Generated_Source\PSoC4/cyfitter_cfg.c **** #define CYCLOCKSTART_PLL_ERROR   3u
  29:.\Generated_Source\PSoC4/cyfitter_cfg.c **** 
  30:.\Generated_Source\PSoC4/cyfitter_cfg.c **** #ifdef CY_NEED_CYCLOCKSTARTUPERROR
  31:.\Generated_Source\PSoC4/cyfitter_cfg.c **** /*******************************************************************************
  32:.\Generated_Source\PSoC4/cyfitter_cfg.c **** * Function Name: CyClockStartupError
  33:.\Generated_Source\PSoC4/cyfitter_cfg.c **** ********************************************************************************
  34:.\Generated_Source\PSoC4/cyfitter_cfg.c **** * Summary:
  35:.\Generated_Source\PSoC4/cyfitter_cfg.c **** *  If an error is encountered during clock configuration (crystal startup error,
  36:.\Generated_Source\PSoC4/cyfitter_cfg.c **** *  PLL lock error, etc.), the system will end up here.  Unless reimplemented by
  37:.\Generated_Source\PSoC4/cyfitter_cfg.c **** *  the customer, this function will stop in an infinite loop.
  38:.\Generated_Source\PSoC4/cyfitter_cfg.c **** *
  39:.\Generated_Source\PSoC4/cyfitter_cfg.c **** * Parameters:
  40:.\Generated_Source\PSoC4/cyfitter_cfg.c **** *   void
  41:.\Generated_Source\PSoC4/cyfitter_cfg.c **** *
  42:.\Generated_Source\PSoC4/cyfitter_cfg.c **** * Return:
  43:.\Generated_Source\PSoC4/cyfitter_cfg.c **** *   void
  44:.\Generated_Source\PSoC4/cyfitter_cfg.c **** *
  45:.\Generated_Source\PSoC4/cyfitter_cfg.c **** *******************************************************************************/
  46:.\Generated_Source\PSoC4/cyfitter_cfg.c **** #if defined(__GNUC__) || defined(__ARMCC_VERSION)
  47:.\Generated_Source\PSoC4/cyfitter_cfg.c **** __attribute__ ((unused))
  48:.\Generated_Source\PSoC4/cyfitter_cfg.c **** #endif
  49:.\Generated_Source\PSoC4/cyfitter_cfg.c **** static void CyClockStartupError(uint8 errorCode);
  50:.\Generated_Source\PSoC4/cyfitter_cfg.c **** #if defined(__GNUC__) || defined(__ARMCC_VERSION)
  51:.\Generated_Source\PSoC4/cyfitter_cfg.c **** __attribute__ ((unused))
  52:.\Generated_Source\PSoC4/cyfitter_cfg.c **** #endif
  53:.\Generated_Source\PSoC4/cyfitter_cfg.c **** static void CyClockStartupError(uint8 errorCode)
  54:.\Generated_Source\PSoC4/cyfitter_cfg.c **** {
  55:.\Generated_Source\PSoC4/cyfitter_cfg.c ****     /* To remove the compiler warning if errorCode not used.                */
  56:.\Generated_Source\PSoC4/cyfitter_cfg.c ****     errorCode = errorCode;
  57:.\Generated_Source\PSoC4/cyfitter_cfg.c **** 
  58:.\Generated_Source\PSoC4/cyfitter_cfg.c ****     /* `#START CyClockStartupError` */
  59:.\Generated_Source\PSoC4/cyfitter_cfg.c **** 
  60:.\Generated_Source\PSoC4/cyfitter_cfg.c ****     /* If we have a clock startup error (bad MHz crystal, PLL lock, etc.),  */
  61:.\Generated_Source\PSoC4/cyfitter_cfg.c ****     /* we will end up here to allow the customer to implement something to  */
  62:.\Generated_Source\PSoC4/cyfitter_cfg.c ****     /* deal with the clock condition.                                       */
  63:.\Generated_Source\PSoC4/cyfitter_cfg.c **** 
  64:.\Generated_Source\PSoC4/cyfitter_cfg.c ****     /* `#END` */
  65:.\Generated_Source\PSoC4/cyfitter_cfg.c **** 
  66:.\Generated_Source\PSoC4/cyfitter_cfg.c ****     /* If nothing else, stop here since the clocks have not started         */
  67:.\Generated_Source\PSoC4/cyfitter_cfg.c ****     /* correctly.                                                           */
  68:.\Generated_Source\PSoC4/cyfitter_cfg.c ****     while(1) {}
  69:.\Generated_Source\PSoC4/cyfitter_cfg.c **** }
  70:.\Generated_Source\PSoC4/cyfitter_cfg.c **** #endif
  71:.\Generated_Source\PSoC4/cyfitter_cfg.c **** 
  72:.\Generated_Source\PSoC4/cyfitter_cfg.c **** 
  73:.\Generated_Source\PSoC4/cyfitter_cfg.c **** #if defined(__GNUC__) || defined(__ARMCC_VERSION)
  74:.\Generated_Source\PSoC4/cyfitter_cfg.c **** 	#define CYPACKED __attribute__ ((packed))
  75:.\Generated_Source\PSoC4/cyfitter_cfg.c **** 	#define CYALIGNED __attribute__ ((aligned))
  76:.\Generated_Source\PSoC4/cyfitter_cfg.c **** 	
  77:.\Generated_Source\PSoC4/cyfitter_cfg.c **** 	#if defined(__ARMCC_VERSION)
  78:.\Generated_Source\PSoC4/cyfitter_cfg.c **** 		#define CY_CFG_MEMORY_BARRIER() __memory_changed()
  79:.\Generated_Source\PSoC4/cyfitter_cfg.c **** 	#else
  80:.\Generated_Source\PSoC4/cyfitter_cfg.c **** 		#define CY_CFG_MEMORY_BARRIER() __sync_synchronize()
ARM GAS  C:\Users\asha\AppData\Local\Temp\ccHwapD1.s 			page 3


  81:.\Generated_Source\PSoC4/cyfitter_cfg.c **** 	#endif
  82:.\Generated_Source\PSoC4/cyfitter_cfg.c **** 	
  83:.\Generated_Source\PSoC4/cyfitter_cfg.c **** 
  84:.\Generated_Source\PSoC4/cyfitter_cfg.c **** 	__attribute__ ((unused))
  85:.\Generated_Source\PSoC4/cyfitter_cfg.c **** 	static void CYMEMZERO(void *s, size_t n);
  86:.\Generated_Source\PSoC4/cyfitter_cfg.c **** 	__attribute__ ((unused))
  87:.\Generated_Source\PSoC4/cyfitter_cfg.c **** 	static void CYMEMZERO(void *s, size_t n)
  88:.\Generated_Source\PSoC4/cyfitter_cfg.c **** 	{
  89:.\Generated_Source\PSoC4/cyfitter_cfg.c **** 		(void)memset(s, 0, n);
  90:.\Generated_Source\PSoC4/cyfitter_cfg.c **** 	}
  91:.\Generated_Source\PSoC4/cyfitter_cfg.c **** 	__attribute__ ((unused))
  92:.\Generated_Source\PSoC4/cyfitter_cfg.c **** 	static void CYCONFIGCPY(void *dest, const void *src, size_t n);
  93:.\Generated_Source\PSoC4/cyfitter_cfg.c **** 	__attribute__ ((unused))
  94:.\Generated_Source\PSoC4/cyfitter_cfg.c **** 	static void CYCONFIGCPY(void *dest, const void *src, size_t n)
  95:.\Generated_Source\PSoC4/cyfitter_cfg.c **** 	{
  96:.\Generated_Source\PSoC4/cyfitter_cfg.c **** 		(void)memcpy(dest, src, n);
  97:.\Generated_Source\PSoC4/cyfitter_cfg.c **** 	}
  98:.\Generated_Source\PSoC4/cyfitter_cfg.c **** 	__attribute__ ((unused))
  99:.\Generated_Source\PSoC4/cyfitter_cfg.c **** 	static void CYCONFIGCPYCODE(void *dest, const void *src, size_t n);
 100:.\Generated_Source\PSoC4/cyfitter_cfg.c **** 	__attribute__ ((unused))
 101:.\Generated_Source\PSoC4/cyfitter_cfg.c **** 	static void CYCONFIGCPYCODE(void *dest, const void *src, size_t n)
 102:.\Generated_Source\PSoC4/cyfitter_cfg.c **** 	{
 103:.\Generated_Source\PSoC4/cyfitter_cfg.c **** 		(void)memcpy(dest, src, n);
 104:.\Generated_Source\PSoC4/cyfitter_cfg.c **** 	}
 105:.\Generated_Source\PSoC4/cyfitter_cfg.c **** #else
 106:.\Generated_Source\PSoC4/cyfitter_cfg.c **** 	#error Unsupported toolchain
 107:.\Generated_Source\PSoC4/cyfitter_cfg.c **** #endif
 108:.\Generated_Source\PSoC4/cyfitter_cfg.c **** 
 109:.\Generated_Source\PSoC4/cyfitter_cfg.c **** 
 110:.\Generated_Source\PSoC4/cyfitter_cfg.c **** /*******************************************************************************
 111:.\Generated_Source\PSoC4/cyfitter_cfg.c **** * Function Name: SetIMOBGTrims
 112:.\Generated_Source\PSoC4/cyfitter_cfg.c **** ********************************************************************************
 113:.\Generated_Source\PSoC4/cyfitter_cfg.c **** *
 114:.\Generated_Source\PSoC4/cyfitter_cfg.c **** * Summary:
 115:.\Generated_Source\PSoC4/cyfitter_cfg.c **** *   Performs the configuration of the bandgap trim for the IMO based on the given
 116:.\Generated_Source\PSoC4/cyfitter_cfg.c **** *   expected frequency of the IMO. 
 117:.\Generated_Source\PSoC4/cyfitter_cfg.c **** *
 118:.\Generated_Source\PSoC4/cyfitter_cfg.c **** * Parameters:
 119:.\Generated_Source\PSoC4/cyfitter_cfg.c **** *   imoFreq: Frequency for operation of the IMO.
 120:.\Generated_Source\PSoC4/cyfitter_cfg.c **** *
 121:.\Generated_Source\PSoC4/cyfitter_cfg.c **** * Return:
 122:.\Generated_Source\PSoC4/cyfitter_cfg.c **** *   void
 123:.\Generated_Source\PSoC4/cyfitter_cfg.c **** *
 124:.\Generated_Source\PSoC4/cyfitter_cfg.c **** *******************************************************************************/
 125:.\Generated_Source\PSoC4/cyfitter_cfg.c **** static void SetIMOBGTrims(uint8 imoFreq);
 126:.\Generated_Source\PSoC4/cyfitter_cfg.c **** __attribute__ ((section(".psocinit")))
 127:.\Generated_Source\PSoC4/cyfitter_cfg.c **** static void SetIMOBGTrims(uint8 imoFreq)
 128:.\Generated_Source\PSoC4/cyfitter_cfg.c **** {
 129:.\Generated_Source\PSoC4/cyfitter_cfg.c **** 	typedef struct {
 130:.\Generated_Source\PSoC4/cyfitter_cfg.c **** 		uint8 freq;
 131:.\Generated_Source\PSoC4/cyfitter_cfg.c **** 		uint8 absolute;
 132:.\Generated_Source\PSoC4/cyfitter_cfg.c **** 		uint8 tmpco;
 133:.\Generated_Source\PSoC4/cyfitter_cfg.c **** 	} CYPACKED imo_trim_entry_t;
 134:.\Generated_Source\PSoC4/cyfitter_cfg.c **** 
 135:.\Generated_Source\PSoC4/cyfitter_cfg.c **** 	typedef struct {
 136:.\Generated_Source\PSoC4/cyfitter_cfg.c **** 		imo_trim_entry_t entries[4];
 137:.\Generated_Source\PSoC4/cyfitter_cfg.c **** 	} CYPACKED imo_trim_table_t;
ARM GAS  C:\Users\asha\AppData\Local\Temp\ccHwapD1.s 			page 4


 138:.\Generated_Source\PSoC4/cyfitter_cfg.c **** 
 139:.\Generated_Source\PSoC4/cyfitter_cfg.c **** 	static const imo_trim_table_t *imo_trim_table = (const imo_trim_table_t *)CYREG_SFLASH_IMO_MAXF0;
 140:.\Generated_Source\PSoC4/cyfitter_cfg.c **** 	static const uint32 IMO_TRIM_FREQ_TABLE_ENTRIES = sizeof(imo_trim_table->entries)/sizeof(imo_trim_
 141:.\Generated_Source\PSoC4/cyfitter_cfg.c **** 
 142:.\Generated_Source\PSoC4/cyfitter_cfg.c **** 	int32 imoTrimIndex;
 143:.\Generated_Source\PSoC4/cyfitter_cfg.c **** 	uint8 setAbs;
 144:.\Generated_Source\PSoC4/cyfitter_cfg.c **** 	uint8 setTmpCo;
 145:.\Generated_Source\PSoC4/cyfitter_cfg.c **** 
 146:.\Generated_Source\PSoC4/cyfitter_cfg.c **** 	/* Traverse the SFLASH IMO frequency-dependent bandgap trim table to
 147:.\Generated_Source\PSoC4/cyfitter_cfg.c **** 	 * locate the appropriate value to trim the IMO bandgap based on freq. */
 148:.\Generated_Source\PSoC4/cyfitter_cfg.c **** 	setAbs = CY_GET_REG8((const void *)CYREG_SFLASH_IMO_ABS4);
 149:.\Generated_Source\PSoC4/cyfitter_cfg.c **** 	setTmpCo = CY_GET_REG8((const void *)CYREG_SFLASH_IMO_TMPCO4);
 150:.\Generated_Source\PSoC4/cyfitter_cfg.c **** 	for (imoTrimIndex = ((int32)IMO_TRIM_FREQ_TABLE_ENTRIES)-1;
 151:.\Generated_Source\PSoC4/cyfitter_cfg.c **** 	     (imoTrimIndex >= 0) && (imoFreq <= imo_trim_table->entries[imoTrimIndex].freq);
 152:.\Generated_Source\PSoC4/cyfitter_cfg.c **** 	     imoTrimIndex--)
 153:.\Generated_Source\PSoC4/cyfitter_cfg.c **** 	{
 154:.\Generated_Source\PSoC4/cyfitter_cfg.c **** 		setAbs = imo_trim_table->entries[imoTrimIndex].absolute;
 155:.\Generated_Source\PSoC4/cyfitter_cfg.c **** 		setTmpCo = imo_trim_table->entries[imoTrimIndex].tmpco;
 156:.\Generated_Source\PSoC4/cyfitter_cfg.c **** 	}
 157:.\Generated_Source\PSoC4/cyfitter_cfg.c **** 
 158:.\Generated_Source\PSoC4/cyfitter_cfg.c **** 	CY_SET_REG32((void *)CYREG_PWR_BG_TRIM4, setAbs);
 159:.\Generated_Source\PSoC4/cyfitter_cfg.c **** 	CY_SET_REG32((void *)CYREG_PWR_BG_TRIM5, setTmpCo);
 160:.\Generated_Source\PSoC4/cyfitter_cfg.c **** }
 161:.\Generated_Source\PSoC4/cyfitter_cfg.c **** 
 162:.\Generated_Source\PSoC4/cyfitter_cfg.c **** 
 163:.\Generated_Source\PSoC4/cyfitter_cfg.c **** 
 164:.\Generated_Source\PSoC4/cyfitter_cfg.c **** /*******************************************************************************
 165:.\Generated_Source\PSoC4/cyfitter_cfg.c **** * Function Name: ClockSetup
 166:.\Generated_Source\PSoC4/cyfitter_cfg.c **** ********************************************************************************
 167:.\Generated_Source\PSoC4/cyfitter_cfg.c **** *
 168:.\Generated_Source\PSoC4/cyfitter_cfg.c **** * Summary:
 169:.\Generated_Source\PSoC4/cyfitter_cfg.c **** *   Performs the initialization of all of the clocks in the device based on the
 170:.\Generated_Source\PSoC4/cyfitter_cfg.c **** *   settings in the Clock tab of the DWR.  This includes enabling the requested
 171:.\Generated_Source\PSoC4/cyfitter_cfg.c **** *   clocks and setting the necessary dividers to produce the desired frequency. 
 172:.\Generated_Source\PSoC4/cyfitter_cfg.c **** *
 173:.\Generated_Source\PSoC4/cyfitter_cfg.c **** * Parameters:
 174:.\Generated_Source\PSoC4/cyfitter_cfg.c **** *   void
 175:.\Generated_Source\PSoC4/cyfitter_cfg.c **** *
 176:.\Generated_Source\PSoC4/cyfitter_cfg.c **** * Return:
 177:.\Generated_Source\PSoC4/cyfitter_cfg.c **** *   void
 178:.\Generated_Source\PSoC4/cyfitter_cfg.c **** *
 179:.\Generated_Source\PSoC4/cyfitter_cfg.c **** *******************************************************************************/
 180:.\Generated_Source\PSoC4/cyfitter_cfg.c **** static void ClockSetup(void);
 181:.\Generated_Source\PSoC4/cyfitter_cfg.c **** __attribute__ ((section(".psocinit")))
 182:.\Generated_Source\PSoC4/cyfitter_cfg.c **** static void ClockSetup(void)
 183:.\Generated_Source\PSoC4/cyfitter_cfg.c **** {
 184:.\Generated_Source\PSoC4/cyfitter_cfg.c **** 	/* Enable HALF_EN before trimming for the flash accelerator. */
 185:.\Generated_Source\PSoC4/cyfitter_cfg.c **** 	CY_SET_REG32((void CYXDATA *)(CYREG_CLK_SELECT), (CY_GET_REG32((void *)CYREG_CLK_SELECT) | 0x00040
 186:.\Generated_Source\PSoC4/cyfitter_cfg.c **** 
 187:.\Generated_Source\PSoC4/cyfitter_cfg.c **** 	/* Trim IMO BG based on desired frequency. */
 188:.\Generated_Source\PSoC4/cyfitter_cfg.c **** 	SetIMOBGTrims(48u);
 189:.\Generated_Source\PSoC4/cyfitter_cfg.c **** 
 190:.\Generated_Source\PSoC4/cyfitter_cfg.c **** 	/* Going faster than 24MHz, so update trim value then adjust to new clock speed. */
 191:.\Generated_Source\PSoC4/cyfitter_cfg.c **** 	CY_SET_REG32((void CYXDATA *)(CYREG_CLK_IMO_TRIM1), (CY_GET_REG8((void *)CYREG_SFLASH_IMO_TRIM45))
 192:.\Generated_Source\PSoC4/cyfitter_cfg.c **** 	CyDelayUs(5u);
 193:.\Generated_Source\PSoC4/cyfitter_cfg.c **** 	CY_SET_REG32((void CYXDATA *)(CYREG_CLK_IMO_TRIM2), (53u));
 194:.\Generated_Source\PSoC4/cyfitter_cfg.c **** 
ARM GAS  C:\Users\asha\AppData\Local\Temp\ccHwapD1.s 			page 5


 195:.\Generated_Source\PSoC4/cyfitter_cfg.c **** 	/* CYDEV_CLK_IMO_CONFIG Starting address: CYDEV_CLK_IMO_CONFIG */
 196:.\Generated_Source\PSoC4/cyfitter_cfg.c **** 	CY_SET_XTND_REG32((void CYFAR *)(CYREG_CLK_IMO_CONFIG), 0x80000000u);
 197:.\Generated_Source\PSoC4/cyfitter_cfg.c **** 
 198:.\Generated_Source\PSoC4/cyfitter_cfg.c **** 	/* CYDEV_CLK_ILO_CONFIG Starting address: CYDEV_CLK_ILO_CONFIG */
 199:.\Generated_Source\PSoC4/cyfitter_cfg.c **** 	CY_SET_XTND_REG32((void CYFAR *)(CYREG_CLK_ILO_CONFIG), 0x80000000u);
 200:.\Generated_Source\PSoC4/cyfitter_cfg.c **** 
 201:.\Generated_Source\PSoC4/cyfitter_cfg.c **** 	/* CYDEV_CLK_SELECT Starting address: CYDEV_CLK_SELECT */
 202:.\Generated_Source\PSoC4/cyfitter_cfg.c **** 	CY_SET_XTND_REG32((void CYFAR *)(CYREG_CLK_SELECT), 0x00040000u);
 203:.\Generated_Source\PSoC4/cyfitter_cfg.c **** 
 204:.\Generated_Source\PSoC4/cyfitter_cfg.c **** }
 205:.\Generated_Source\PSoC4/cyfitter_cfg.c **** 
 206:.\Generated_Source\PSoC4/cyfitter_cfg.c **** 
 207:.\Generated_Source\PSoC4/cyfitter_cfg.c **** /* Analog API Functions */
 208:.\Generated_Source\PSoC4/cyfitter_cfg.c **** 
 209:.\Generated_Source\PSoC4/cyfitter_cfg.c **** 
 210:.\Generated_Source\PSoC4/cyfitter_cfg.c **** /*******************************************************************************
 211:.\Generated_Source\PSoC4/cyfitter_cfg.c **** * Function Name: AnalogSetDefault
 212:.\Generated_Source\PSoC4/cyfitter_cfg.c **** ********************************************************************************
 213:.\Generated_Source\PSoC4/cyfitter_cfg.c **** *
 214:.\Generated_Source\PSoC4/cyfitter_cfg.c **** * Summary:
 215:.\Generated_Source\PSoC4/cyfitter_cfg.c **** *  Sets up the analog portions of the chip to default values based on chip
 216:.\Generated_Source\PSoC4/cyfitter_cfg.c **** *  configuration options from the project.
 217:.\Generated_Source\PSoC4/cyfitter_cfg.c **** *
 218:.\Generated_Source\PSoC4/cyfitter_cfg.c **** * Parameters:
 219:.\Generated_Source\PSoC4/cyfitter_cfg.c **** *  void
 220:.\Generated_Source\PSoC4/cyfitter_cfg.c **** *
 221:.\Generated_Source\PSoC4/cyfitter_cfg.c **** * Return:
 222:.\Generated_Source\PSoC4/cyfitter_cfg.c **** *  void
 223:.\Generated_Source\PSoC4/cyfitter_cfg.c **** *
 224:.\Generated_Source\PSoC4/cyfitter_cfg.c **** *******************************************************************************/
 225:.\Generated_Source\PSoC4/cyfitter_cfg.c **** static void AnalogSetDefault(void);
 226:.\Generated_Source\PSoC4/cyfitter_cfg.c **** static void AnalogSetDefault(void)
 227:.\Generated_Source\PSoC4/cyfitter_cfg.c **** {
 228:.\Generated_Source\PSoC4/cyfitter_cfg.c **** }
 229:.\Generated_Source\PSoC4/cyfitter_cfg.c **** 
 230:.\Generated_Source\PSoC4/cyfitter_cfg.c **** #define CY_AMUX_UNUSED CYREG_SAR_MUX_SWITCH_STATUS
 231:.\Generated_Source\PSoC4/cyfitter_cfg.c **** 
 232:.\Generated_Source\PSoC4/cyfitter_cfg.c **** 
 233:.\Generated_Source\PSoC4/cyfitter_cfg.c **** /*******************************************************************************
 234:.\Generated_Source\PSoC4/cyfitter_cfg.c **** * Function Name: cyfitter_cfg
 235:.\Generated_Source\PSoC4/cyfitter_cfg.c **** ********************************************************************************
 236:.\Generated_Source\PSoC4/cyfitter_cfg.c **** * Summary:
 237:.\Generated_Source\PSoC4/cyfitter_cfg.c **** *  This function is called by the start-up code for the selected device. It
 238:.\Generated_Source\PSoC4/cyfitter_cfg.c **** *  performs all of the necessary device configuration based on the design
 239:.\Generated_Source\PSoC4/cyfitter_cfg.c **** *  settings.  This includes settings from the Design Wide Resources (DWR) such
 240:.\Generated_Source\PSoC4/cyfitter_cfg.c **** *  as Clocks and Pins as well as any component configuration that is necessary.
 241:.\Generated_Source\PSoC4/cyfitter_cfg.c **** *
 242:.\Generated_Source\PSoC4/cyfitter_cfg.c **** * Parameters:  
 243:.\Generated_Source\PSoC4/cyfitter_cfg.c **** *   void
 244:.\Generated_Source\PSoC4/cyfitter_cfg.c **** *
 245:.\Generated_Source\PSoC4/cyfitter_cfg.c **** * Return:
 246:.\Generated_Source\PSoC4/cyfitter_cfg.c **** *   void
 247:.\Generated_Source\PSoC4/cyfitter_cfg.c **** *
 248:.\Generated_Source\PSoC4/cyfitter_cfg.c **** *******************************************************************************/
 249:.\Generated_Source\PSoC4/cyfitter_cfg.c **** __attribute__ ((section(".psocinit")))
 250:.\Generated_Source\PSoC4/cyfitter_cfg.c **** void cyfitter_cfg(void)
 251:.\Generated_Source\PSoC4/cyfitter_cfg.c **** {
ARM GAS  C:\Users\asha\AppData\Local\Temp\ccHwapD1.s 			page 6


  31              		.loc 1 251 0
  32              		.cfi_startproc
  33 0000 10B5     		push	{r4, lr}
  34              	.LCFI0:
  35              		.cfi_def_cfa_offset 8
  36              		.cfi_offset 4, -8
  37              		.cfi_offset 14, -4
 252:.\Generated_Source\PSoC4/cyfitter_cfg.c **** 	/* Disable interrupts by default. Let user enable if/when they want. */
 253:.\Generated_Source\PSoC4/cyfitter_cfg.c **** 	CyGlobalIntDisable;
  38              		.loc 1 253 0
  39              	@ 253 ".\Generated_Source\PSoC4\cyfitter_cfg.c" 1
  40 0002 72B6     		CPSID   i
  41              	@ 0 "" 2
  42              		.code	16
  43              	.LBB14:
  44              	.LBB15:
  45              	.LBB16:
  46              	.LBB17:
  47              		.loc 1 89 0
  48 0004 2F4C     		ldr	r4, .L5
  49 0006 0021     		mov	r1, #0
  50 0008 A288     		ldrh	r2, [r4, #4]
  51 000a 2068     		ldr	r0, [r4]
  52 000c FFF7FEFF 		bl	memset
  53 0010 2189     		ldrh	r1, [r4, #8]
  54 0012 E388     		ldrh	r3, [r4, #6]
  55 0014 0804     		lsl	r0, r1, #16
  56 0016 6289     		ldrh	r2, [r4, #10]
  57 0018 1843     		orr	r0, r0, r3
  58 001a 0021     		mov	r1, #0
  59 001c FFF7FEFF 		bl	memset
  60              	.LBE17:
  61              	.LBE16:
  62              	.LBE15:
 254:.\Generated_Source\PSoC4/cyfitter_cfg.c **** 
 255:.\Generated_Source\PSoC4/cyfitter_cfg.c **** 	{
 256:.\Generated_Source\PSoC4/cyfitter_cfg.c **** 
 257:.\Generated_Source\PSoC4/cyfitter_cfg.c **** 		typedef struct {
 258:.\Generated_Source\PSoC4/cyfitter_cfg.c **** 			void CYFAR *address;
 259:.\Generated_Source\PSoC4/cyfitter_cfg.c **** 			uint16 size;
 260:.\Generated_Source\PSoC4/cyfitter_cfg.c **** 		} CYPACKED cfg_memset_t;
 261:.\Generated_Source\PSoC4/cyfitter_cfg.c **** 
 262:.\Generated_Source\PSoC4/cyfitter_cfg.c **** 		static const cfg_memset_t CYCODE cfg_memset_list [] = {
 263:.\Generated_Source\PSoC4/cyfitter_cfg.c **** 			/* address, size */
 264:.\Generated_Source\PSoC4/cyfitter_cfg.c **** 			{(void CYFAR *)(CYDEV_UDB_P0_U0_BASE), 1024u},
 265:.\Generated_Source\PSoC4/cyfitter_cfg.c **** 			{(void CYFAR *)(CYDEV_UDB_DSI0_BASE), 1024u},
 266:.\Generated_Source\PSoC4/cyfitter_cfg.c **** 		};
 267:.\Generated_Source\PSoC4/cyfitter_cfg.c **** 
 268:.\Generated_Source\PSoC4/cyfitter_cfg.c **** 		uint8 CYDATA i;
 269:.\Generated_Source\PSoC4/cyfitter_cfg.c **** 
 270:.\Generated_Source\PSoC4/cyfitter_cfg.c **** 		/* Zero out critical memory blocks before beginning configuration */
 271:.\Generated_Source\PSoC4/cyfitter_cfg.c **** 		for (i = 0u; i < (sizeof(cfg_memset_list)/sizeof(cfg_memset_list[0])); i++)
 272:.\Generated_Source\PSoC4/cyfitter_cfg.c **** 		{
 273:.\Generated_Source\PSoC4/cyfitter_cfg.c **** 			const cfg_memset_t CYCODE * CYDATA ms = &cfg_memset_list[i];
 274:.\Generated_Source\PSoC4/cyfitter_cfg.c **** 			CYMEMZERO(ms->address, (uint32)(ms->size));
 275:.\Generated_Source\PSoC4/cyfitter_cfg.c **** 		}
 276:.\Generated_Source\PSoC4/cyfitter_cfg.c **** 
ARM GAS  C:\Users\asha\AppData\Local\Temp\ccHwapD1.s 			page 7


 277:.\Generated_Source\PSoC4/cyfitter_cfg.c **** 		/* HSIOM Starting address: CYDEV_HSIOM_BASE */
 278:.\Generated_Source\PSoC4/cyfitter_cfg.c **** 		CY_SET_XTND_REG32((void CYFAR *)(CYREG_HSIOM_PORT_SEL3), 0x0000EE00u);
  63              		.loc 1 278 0
  64 0020 294C     		ldr	r4, .L5+4
  65 0022 EE20     		mov	r0, #238
 279:.\Generated_Source\PSoC4/cyfitter_cfg.c **** 
 280:.\Generated_Source\PSoC4/cyfitter_cfg.c **** 		/* IOPINS0_1 Starting address: CYDEV_PRT1_DR */
 281:.\Generated_Source\PSoC4/cyfitter_cfg.c **** 		CY_SET_XTND_REG32((void CYFAR *)(CYREG_PRT1_PC), 0x00000006u);
  66              		.loc 1 281 0
  67 0024 294B     		ldr	r3, .L5+8
  68              		.loc 1 278 0
  69 0026 0102     		lsl	r1, r0, #8
  70              		.loc 1 281 0
  71 0028 0622     		mov	r2, #6
 282:.\Generated_Source\PSoC4/cyfitter_cfg.c **** 
 283:.\Generated_Source\PSoC4/cyfitter_cfg.c **** 		/* IOPINS0_3 Starting address: CYDEV_PRT3_DR */
 284:.\Generated_Source\PSoC4/cyfitter_cfg.c **** 		CY_SET_XTND_REG32((void CYFAR *)(CYREG_PRT3_PC), 0x00000D80u);
  72              		.loc 1 284 0
  73 002a D820     		mov	r0, #216
  74              		.loc 1 278 0
  75 002c 2160     		str	r1, [r4]
  76              		.loc 1 281 0
  77 002e 1A60     		str	r2, [r3]
  78              		.loc 1 284 0
  79 0030 0101     		lsl	r1, r0, #4
  80 0032 274C     		ldr	r4, .L5+12
 285:.\Generated_Source\PSoC4/cyfitter_cfg.c **** 
 286:.\Generated_Source\PSoC4/cyfitter_cfg.c **** 		/* UDB_PA_1 Starting address: CYDEV_UDB_PA1_BASE */
 287:.\Generated_Source\PSoC4/cyfitter_cfg.c **** 		CY_SET_XTND_REG32((void CYFAR *)(CYDEV_UDB_PA1_BASE), 0x00990000u);
  81              		.loc 1 287 0
  82 0034 9922     		mov	r2, #153
  83 0036 2748     		ldr	r0, .L5+16
  84 0038 1304     		lsl	r3, r2, #16
  85              		.loc 1 284 0
  86 003a 2160     		str	r1, [r4]
  87              		.loc 1 287 0
  88 003c 0360     		str	r3, [r0]
 288:.\Generated_Source\PSoC4/cyfitter_cfg.c **** 
 289:.\Generated_Source\PSoC4/cyfitter_cfg.c **** 		/* UDB_PA_3 Starting address: CYDEV_UDB_PA3_BASE */
 290:.\Generated_Source\PSoC4/cyfitter_cfg.c **** 		CY_SET_XTND_REG32((void CYFAR *)(CYDEV_UDB_PA3_BASE), 0x00990000u);
  89              		.loc 1 290 0
  90 003e 2030     		add	r0, r0, #32
  91 0040 0360     		str	r3, [r0]
 291:.\Generated_Source\PSoC4/cyfitter_cfg.c **** 
 292:.\Generated_Source\PSoC4/cyfitter_cfg.c **** 		/* Enable digital routing */
 293:.\Generated_Source\PSoC4/cyfitter_cfg.c **** 		CY_SET_XTND_REG8((void *)CYREG_UDB_UDBIF_BANK_CTL, CY_GET_XTND_REG8((void *)CYREG_UDB_UDBIF_BANK_
  92              		.loc 1 293 0
  93 0042 254B     		ldr	r3, .L5+20
  94 0044 0224     		mov	r4, #2
  95 0046 1978     		ldrb	r1, [r3]
 294:.\Generated_Source\PSoC4/cyfitter_cfg.c **** 
 295:.\Generated_Source\PSoC4/cyfitter_cfg.c **** 		/* Enable UDB array */
 296:.\Generated_Source\PSoC4/cyfitter_cfg.c **** 		CY_SET_XTND_REG8((void *)CYREG_UDB_UDBIF_BANK_CTL, CY_GET_XTND_REG8((void *)CYREG_UDB_UDBIF_BANK_
  96              		.loc 1 296 0
  97 0048 0620     		mov	r0, #6
  98              		.loc 1 293 0
  99 004a 0C43     		orr	r4, r4, r1
ARM GAS  C:\Users\asha\AppData\Local\Temp\ccHwapD1.s 			page 8


 100 004c 1C70     		strb	r4, [r3]
 101              		.loc 1 296 0
 102 004e 1A78     		ldrb	r2, [r3]
 103              	.LBE14:
 104              	.LBB18:
 105              	.LBB20:
 106              		.loc 1 185 0
 107 0050 8024     		mov	r4, #128
 108              	.LBE20:
 109              	.LBE18:
 110              	.LBB26:
 111              		.loc 1 296 0
 112 0052 1043     		orr	r0, r0, r2
 113              	.LBE26:
 114              	.LBB27:
 115              	.LBB19:
 116              		.loc 1 185 0
 117 0054 214A     		ldr	r2, .L5+24
 118              	.LBE19:
 119              	.LBE27:
 120              	.LBB28:
 121              		.loc 1 296 0
 122 0056 1870     		strb	r0, [r3]
 123              	.LBE28:
 124              	.LBB29:
 125              	.LBB25:
 126              		.loc 1 185 0
 127 0058 1168     		ldr	r1, [r2]
 128 005a E302     		lsl	r3, r4, #11
 129 005c 0B43     		orr	r3, r3, r1
 130 005e 1360     		str	r3, [r2]
 131              	.LBB21:
 132              	.LBB22:
 133              		.loc 1 148 0
 134 0060 1F4B     		ldr	r3, .L5+28
 135 0062 1978     		ldrb	r1, [r3]
 136              		.loc 1 149 0
 137 0064 0133     		add	r3, r3, #1
 138 0066 1A78     		ldrb	r2, [r3]
 139              		.loc 1 151 0
 140 0068 0D3B     		sub	r3, r3, #13
 141 006a 587A     		ldrb	r0, [r3, #9]
 142              		.loc 1 150 0
 143 006c 2F28     		cmp	r0, #47
 144 006e 10D9     		bls	.L2
 145              		.loc 1 151 0
 146 0070 9879     		ldrb	r0, [r3, #6]
 147              		.loc 1 154 0
 148 0072 997A     		ldrb	r1, [r3, #10]
 149              	.LVL0:
 150              		.loc 1 155 0
 151 0074 DA7A     		ldrb	r2, [r3, #11]
 152              	.LVL1:
 153              		.loc 1 150 0
 154 0076 2F28     		cmp	r0, #47
 155 0078 0BD9     		bls	.L2
 156              		.loc 1 151 0
ARM GAS  C:\Users\asha\AppData\Local\Temp\ccHwapD1.s 			page 9


 157 007a DC78     		ldrb	r4, [r3, #3]
 158              		.loc 1 154 0
 159 007c D979     		ldrb	r1, [r3, #7]
 160              	.LVL2:
 161              		.loc 1 155 0
 162 007e 1A7A     		ldrb	r2, [r3, #8]
 163              	.LVL3:
 164              		.loc 1 150 0
 165 0080 2F2C     		cmp	r4, #47
 166 0082 06D9     		bls	.L2
 167              		.loc 1 151 0
 168 0084 1878     		ldrb	r0, [r3]
 169              		.loc 1 154 0
 170 0086 1979     		ldrb	r1, [r3, #4]
 171              	.LVL4:
 172              		.loc 1 155 0
 173 0088 5A79     		ldrb	r2, [r3, #5]
 174              	.LVL5:
 175              		.loc 1 150 0
 176 008a 2F28     		cmp	r0, #47
 177 008c 01D9     		bls	.L2
 178              		.loc 1 154 0
 179 008e 5978     		ldrb	r1, [r3, #1]
 180              	.LVL6:
 181              		.loc 1 155 0
 182 0090 9A78     		ldrb	r2, [r3, #2]
 183              	.LVL7:
 184              	.L2:
 185              		.loc 1 158 0
 186 0092 144B     		ldr	r3, .L5+32
 187              	.LBE22:
 188              	.LBE21:
 189              		.loc 1 191 0
 190 0094 1448     		ldr	r0, .L5+36
 191              	.LBB24:
 192              	.LBB23:
 193              		.loc 1 158 0
 194 0096 1960     		str	r1, [r3]
 195              		.loc 1 159 0
 196 0098 0433     		add	r3, r3, #4
 197 009a 1A60     		str	r2, [r3]
 198              	.LBE23:
 199              	.LBE24:
 200              		.loc 1 191 0
 201 009c 0178     		ldrb	r1, [r0]
 202              	.LVL8:
 203 009e 134C     		ldr	r4, .L5+40
 204              		.loc 1 192 0
 205 00a0 0520     		mov	r0, #5
 206              		.loc 1 191 0
 207 00a2 2160     		str	r1, [r4]
 208              		.loc 1 192 0
 209 00a4 FFF7FEFF 		bl	CyDelayUs
 210              	.LVL9:
 211              		.loc 1 193 0
 212 00a8 114B     		ldr	r3, .L5+44
 213 00aa 3522     		mov	r2, #53
ARM GAS  C:\Users\asha\AppData\Local\Temp\ccHwapD1.s 			page 10


 214 00ac 1A60     		str	r2, [r3]
 215              		.loc 1 196 0
 216 00ae 8020     		mov	r0, #128
 217 00b0 104A     		ldr	r2, .L5+48
 218 00b2 0406     		lsl	r4, r0, #24
 219 00b4 1460     		str	r4, [r2]
 220              		.loc 1 202 0
 221 00b6 8021     		mov	r1, #128
 222              		.loc 1 199 0
 223 00b8 043A     		sub	r2, r2, #4
 224 00ba 1460     		str	r4, [r2]
 225              		.loc 1 202 0
 226 00bc CB02     		lsl	r3, r1, #11
 227 00be 043A     		sub	r2, r2, #4
 228 00c0 1360     		str	r3, [r2]
 229              	.LBE25:
 230              	.LBE29:
 297:.\Generated_Source\PSoC4/cyfitter_cfg.c **** 	}
 298:.\Generated_Source\PSoC4/cyfitter_cfg.c **** 
 299:.\Generated_Source\PSoC4/cyfitter_cfg.c **** 	/* Setup clocks based on selections from Clock DWR */
 300:.\Generated_Source\PSoC4/cyfitter_cfg.c **** 	ClockSetup();
 301:.\Generated_Source\PSoC4/cyfitter_cfg.c **** 
 302:.\Generated_Source\PSoC4/cyfitter_cfg.c **** 	/* Perform basic analog initialization to defaults */
 303:.\Generated_Source\PSoC4/cyfitter_cfg.c **** 	AnalogSetDefault();
 304:.\Generated_Source\PSoC4/cyfitter_cfg.c **** 
 305:.\Generated_Source\PSoC4/cyfitter_cfg.c **** }
 231              		.loc 1 305 0
 232              		@ sp needed for prologue
 233 00c2 10BD     		pop	{r4, pc}
 234              	.L6:
 235              		.align	2
 236              	.L5:
 237 00c4 00000000 		.word	.LANCHOR0
 238 00c8 0C000140 		.word	1073807372
 239 00cc 08010440 		.word	1074004232
 240 00d0 08030440 		.word	1074004744
 241 00d4 10500F40 		.word	1074745360
 242 00d8 00700F40 		.word	1074753536
 243 00dc 00010B40 		.word	1074462976
 244 00e0 CCF1FF0F 		.word	268431820
 245 00e4 1CFF0B40 		.word	1074528028
 246 00e8 FDF1FF0F 		.word	268431869
 247 00ec 28FF0B40 		.word	1074528040
 248 00f0 2CFF0B40 		.word	1074528044
 249 00f4 08010B40 		.word	1074462984
 250              		.cfi_endproc
 251              	.LFE6:
 252              		.size	cyfitter_cfg, .-cyfitter_cfg
 253              		.section	.rodata
 254              		.align	2
 255              		.set	.LANCHOR0,. + 0
 256              		.type	cfg_memset_list.1873, %object
 257              		.size	cfg_memset_list.1873, 12
 258              	cfg_memset_list.1873:
 259 0000 00300F40 		.word	1074737152
 260 0004 0004     		.short	1024
 261 0006 00400F40 		.4byte	1074741248
ARM GAS  C:\Users\asha\AppData\Local\Temp\ccHwapD1.s 			page 11


 262 000a 0004     		.short	1024
 263              		.text
 264              	.Letext0:
 265              		.section	.debug_loc,"",%progbits
 266              	.Ldebug_loc0:
 267              	.LLST0:
 268 0000 00000000 		.4byte	.LFB6
 269 0004 02000000 		.4byte	.LCFI0
 270 0008 0100     		.2byte	0x1
 271 000a 5D       		.byte	0x5d
 272 000b 02000000 		.4byte	.LCFI0
 273 000f F8000000 		.4byte	.LFE6
 274 0013 0200     		.2byte	0x2
 275 0015 7D       		.byte	0x7d
 276 0016 08       		.sleb128 8
 277 0017 00000000 		.4byte	0x0
 278 001b 00000000 		.4byte	0x0
 279              	.LLST1:
 280 001f 74000000 		.4byte	.LVL0
 281 0023 9E000000 		.4byte	.LVL8
 282 0027 0100     		.2byte	0x1
 283 0029 51       		.byte	0x51
 284 002a 00000000 		.4byte	0x0
 285 002e 00000000 		.4byte	0x0
 286              	.LLST2:
 287 0032 76000000 		.4byte	.LVL1
 288 0036 A8000000 		.4byte	.LVL9
 289 003a 0100     		.2byte	0x1
 290 003c 52       		.byte	0x52
 291 003d 00000000 		.4byte	0x0
 292 0041 00000000 		.4byte	0x0
 293              		.file 2 "c:\\program files (x86)\\cypress\\psoc creator\\2.2\\psoc creator\\import\\gnu_cs\\arm\\4
 294              		.file 3 "./Generated_Source/PSoC4/cytypes.h"
 295              		.section	.debug_info
 296 0000 02030000 		.4byte	0x302
 297 0004 0200     		.2byte	0x2
 298 0006 00000000 		.4byte	.Ldebug_abbrev0
 299 000a 04       		.byte	0x4
 300 000b 01       		.uleb128 0x1
 301 000c E4010000 		.4byte	.LASF36
 302 0010 01       		.byte	0x1
 303 0011 BC010000 		.4byte	.LASF37
 304 0015 46010000 		.4byte	.LASF38
 305 0019 00000000 		.4byte	0x0
 306 001d 00000000 		.4byte	0x0
 307 0021 70000000 		.4byte	.Ldebug_ranges0+0x70
 308 0025 00000000 		.4byte	.Ldebug_line0
 309 0029 02       		.uleb128 0x2
 310 002a 01       		.byte	0x1
 311 002b 06       		.byte	0x6
 312 002c 30020000 		.4byte	.LASF0
 313 0030 02       		.uleb128 0x2
 314 0031 01       		.byte	0x1
 315 0032 08       		.byte	0x8
 316 0033 DD000000 		.4byte	.LASF1
 317 0037 02       		.uleb128 0x2
 318 0038 02       		.byte	0x2
ARM GAS  C:\Users\asha\AppData\Local\Temp\ccHwapD1.s 			page 12


 319 0039 05       		.byte	0x5
 320 003a 74000000 		.4byte	.LASF2
 321 003e 02       		.uleb128 0x2
 322 003f 02       		.byte	0x2
 323 0040 07       		.byte	0x7
 324 0041 61000000 		.4byte	.LASF3
 325 0045 03       		.uleb128 0x3
 326 0046 04       		.byte	0x4
 327 0047 05       		.byte	0x5
 328 0048 696E7400 		.ascii	"int\000"
 329 004c 02       		.uleb128 0x2
 330 004d 04       		.byte	0x4
 331 004e 07       		.byte	0x7
 332 004f 24010000 		.4byte	.LASF4
 333 0053 02       		.uleb128 0x2
 334 0054 08       		.byte	0x8
 335 0055 05       		.byte	0x5
 336 0056 00000000 		.4byte	.LASF5
 337 005a 02       		.uleb128 0x2
 338 005b 08       		.byte	0x8
 339 005c 07       		.byte	0x7
 340 005d 9F000000 		.4byte	.LASF6
 341 0061 02       		.uleb128 0x2
 342 0062 04       		.byte	0x4
 343 0063 05       		.byte	0x5
 344 0064 18020000 		.4byte	.LASF7
 345 0068 04       		.uleb128 0x4
 346 0069 04       		.byte	0x4
 347 006a 07       		.byte	0x7
 348 006b 05       		.uleb128 0x5
 349 006c 04       		.byte	0x4
 350 006d 02       		.uleb128 0x2
 351 006e 04       		.byte	0x4
 352 006f 07       		.byte	0x7
 353 0070 BB000000 		.4byte	.LASF8
 354 0074 02       		.uleb128 0x2
 355 0075 01       		.byte	0x1
 356 0076 08       		.byte	0x8
 357 0077 F0010000 		.4byte	.LASF9
 358 007b 06       		.uleb128 0x6
 359 007c 17000000 		.4byte	.LASF10
 360 0080 02       		.byte	0x2
 361 0081 D3       		.byte	0xd3
 362 0082 4C000000 		.4byte	0x4c
 363 0086 06       		.uleb128 0x6
 364 0087 03020000 		.4byte	.LASF11
 365 008b 03       		.byte	0x3
 366 008c 4C       		.byte	0x4c
 367 008d 30000000 		.4byte	0x30
 368 0091 06       		.uleb128 0x6
 369 0092 16010000 		.4byte	.LASF12
 370 0096 03       		.byte	0x3
 371 0097 4D       		.byte	0x4d
 372 0098 3E000000 		.4byte	0x3e
 373 009c 06       		.uleb128 0x6
 374 009d 1D010000 		.4byte	.LASF13
 375 00a1 03       		.byte	0x3
ARM GAS  C:\Users\asha\AppData\Local\Temp\ccHwapD1.s 			page 13


 376 00a2 4E       		.byte	0x4e
 377 00a3 6D000000 		.4byte	0x6d
 378 00a7 06       		.uleb128 0x6
 379 00a8 CD000000 		.4byte	.LASF14
 380 00ac 03       		.byte	0x3
 381 00ad 51       		.byte	0x51
 382 00ae 61000000 		.4byte	0x61
 383 00b2 02       		.uleb128 0x2
 384 00b3 04       		.byte	0x4
 385 00b4 04       		.byte	0x4
 386 00b5 8C000000 		.4byte	.LASF15
 387 00b9 02       		.uleb128 0x2
 388 00ba 08       		.byte	0x8
 389 00bb 04       		.byte	0x4
 390 00bc EB000000 		.4byte	.LASF16
 391 00c0 07       		.uleb128 0x7
 392 00c1 7E000000 		.4byte	.LASF27
 393 00c5 01       		.byte	0x1
 394 00c6 7F       		.byte	0x7f
 395 00c7 01       		.byte	0x1
 396 00c8 01       		.byte	0x1
 397 00c9 71010000 		.4byte	0x171
 398 00cd 08       		.uleb128 0x8
 399 00ce F2000000 		.4byte	.LASF29
 400 00d2 01       		.byte	0x1
 401 00d3 7F       		.byte	0x7f
 402 00d4 86000000 		.4byte	0x86
 403 00d8 09       		.uleb128 0x9
 404 00d9 03       		.byte	0x3
 405 00da 01       		.byte	0x1
 406 00db 81       		.byte	0x81
 407 00dc 0B010000 		.4byte	0x10b
 408 00e0 0A       		.uleb128 0xa
 409 00e1 FE010000 		.4byte	.LASF17
 410 00e5 01       		.byte	0x1
 411 00e6 82       		.byte	0x82
 412 00e7 86000000 		.4byte	0x86
 413 00eb 02       		.byte	0x2
 414 00ec 23       		.byte	0x23
 415 00ed 00       		.uleb128 0x0
 416 00ee 0A       		.uleb128 0xa
 417 00ef F5010000 		.4byte	.LASF18
 418 00f3 01       		.byte	0x1
 419 00f4 83       		.byte	0x83
 420 00f5 86000000 		.4byte	0x86
 421 00f9 02       		.byte	0x2
 422 00fa 23       		.byte	0x23
 423 00fb 01       		.uleb128 0x1
 424 00fc 0A       		.uleb128 0xa
 425 00fd 5B000000 		.4byte	.LASF19
 426 0101 01       		.byte	0x1
 427 0102 84       		.byte	0x84
 428 0103 86000000 		.4byte	0x86
 429 0107 02       		.byte	0x2
 430 0108 23       		.byte	0x23
 431 0109 02       		.uleb128 0x2
 432 010a 00       		.byte	0x0
ARM GAS  C:\Users\asha\AppData\Local\Temp\ccHwapD1.s 			page 14


 433 010b 06       		.uleb128 0x6
 434 010c 2F000000 		.4byte	.LASF20
 435 0110 01       		.byte	0x1
 436 0111 85       		.byte	0x85
 437 0112 D8000000 		.4byte	0xd8
 438 0116 09       		.uleb128 0x9
 439 0117 0C       		.byte	0xc
 440 0118 01       		.byte	0x1
 441 0119 87       		.byte	0x87
 442 011a 2D010000 		.4byte	0x12d
 443 011e 0A       		.uleb128 0xa
 444 011f 21020000 		.4byte	.LASF21
 445 0123 01       		.byte	0x1
 446 0124 88       		.byte	0x88
 447 0125 71010000 		.4byte	0x171
 448 0129 02       		.byte	0x2
 449 012a 23       		.byte	0x23
 450 012b 00       		.uleb128 0x0
 451 012c 00       		.byte	0x0
 452 012d 06       		.uleb128 0x6
 453 012e 9E010000 		.4byte	.LASF22
 454 0132 01       		.byte	0x1
 455 0133 89       		.byte	0x89
 456 0134 16010000 		.4byte	0x116
 457 0138 0B       		.uleb128 0xb
 458 0139 09020000 		.4byte	.LASF23
 459 013d 01       		.byte	0x1
 460 013e 8B       		.byte	0x8b
 461 013f 81010000 		.4byte	0x181
 462 0143 0C       		.uleb128 0xc
 463 0144 FA000000 		.4byte	.LASF34
 464 0148 01       		.byte	0x1
 465 0149 8C       		.byte	0x8c
 466 014a 8C010000 		.4byte	0x18c
 467 014e 04       		.byte	0x4
 468 014f 0B       		.uleb128 0xb
 469 0150 92000000 		.4byte	.LASF24
 470 0154 01       		.byte	0x1
 471 0155 8E       		.byte	0x8e
 472 0156 A7000000 		.4byte	0xa7
 473 015a 0B       		.uleb128 0xb
 474 015b 29020000 		.4byte	.LASF25
 475 015f 01       		.byte	0x1
 476 0160 8F       		.byte	0x8f
 477 0161 86000000 		.4byte	0x86
 478 0165 0B       		.uleb128 0xb
 479 0166 0E000000 		.4byte	.LASF26
 480 016a 01       		.byte	0x1
 481 016b 90       		.byte	0x90
 482 016c 86000000 		.4byte	0x86
 483 0170 00       		.byte	0x0
 484 0171 0D       		.uleb128 0xd
 485 0172 0B010000 		.4byte	0x10b
 486 0176 81010000 		.4byte	0x181
 487 017a 0E       		.uleb128 0xe
 488 017b 68000000 		.4byte	0x68
 489 017f 03       		.byte	0x3
ARM GAS  C:\Users\asha\AppData\Local\Temp\ccHwapD1.s 			page 15


 490 0180 00       		.byte	0x0
 491 0181 0F       		.uleb128 0xf
 492 0182 04       		.byte	0x4
 493 0183 87010000 		.4byte	0x187
 494 0187 10       		.uleb128 0x10
 495 0188 2D010000 		.4byte	0x12d
 496 018c 10       		.uleb128 0x10
 497 018d 9C000000 		.4byte	0x9c
 498 0191 07       		.uleb128 0x7
 499 0192 D3000000 		.4byte	.LASF28
 500 0196 01       		.byte	0x1
 501 0197 57       		.byte	0x57
 502 0198 01       		.byte	0x1
 503 0199 01       		.byte	0x1
 504 019a B1010000 		.4byte	0x1b1
 505 019e 11       		.uleb128 0x11
 506 019f 7300     		.ascii	"s\000"
 507 01a1 01       		.byte	0x1
 508 01a2 57       		.byte	0x57
 509 01a3 6B000000 		.4byte	0x6b
 510 01a7 11       		.uleb128 0x11
 511 01a8 6E00     		.ascii	"n\000"
 512 01aa 01       		.byte	0x1
 513 01ab 57       		.byte	0x57
 514 01ac 7B000000 		.4byte	0x7b
 515 01b0 00       		.byte	0x0
 516 01b1 07       		.uleb128 0x7
 517 01b2 50000000 		.4byte	.LASF30
 518 01b6 01       		.byte	0x1
 519 01b7 B6       		.byte	0xb6
 520 01b8 01       		.byte	0x1
 521 01b9 01       		.byte	0x1
 522 01ba E6010000 		.4byte	0x1e6
 523 01be 12       		.uleb128 0x12
 524 01bf 13       		.uleb128 0x13
 525 01c0 CD000000 		.4byte	0xcd
 526 01c4 12       		.uleb128 0x12
 527 01c5 14       		.uleb128 0x14
 528 01c6 4F010000 		.4byte	0x14f
 529 01ca 14       		.uleb128 0x14
 530 01cb 5A010000 		.4byte	0x15a
 531 01cf 14       		.uleb128 0x14
 532 01d0 65010000 		.4byte	0x165
 533 01d4 15       		.uleb128 0x15
 534 01d5 38010000 		.4byte	0x138
 535 01d9 C0F1FF0F 		.4byte	0xffff1c0
 536 01dd 16       		.uleb128 0x16
 537 01de 43010000 		.4byte	0x143
 538 01e2 04       		.byte	0x4
 539 01e3 00       		.byte	0x0
 540 01e4 00       		.byte	0x0
 541 01e5 00       		.byte	0x0
 542 01e6 17       		.uleb128 0x17
 543 01e7 1E000000 		.4byte	.LASF39
 544 01eb 01       		.byte	0x1
 545 01ec E2       		.byte	0xe2
 546 01ed 01       		.byte	0x1
ARM GAS  C:\Users\asha\AppData\Local\Temp\ccHwapD1.s 			page 16


 547 01ee 01       		.byte	0x1
 548 01ef 18       		.uleb128 0x18
 549 01f0 01       		.byte	0x1
 550 01f1 31010000 		.4byte	.LASF40
 551 01f5 01       		.byte	0x1
 552 01f6 FA       		.byte	0xfa
 553 01f7 01       		.byte	0x1
 554 01f8 00000000 		.4byte	.LFB6
 555 01fc F8000000 		.4byte	.LFE6
 556 0200 00000000 		.4byte	.LLST0
 557 0204 E5020000 		.4byte	0x2e5
 558 0208 19       		.uleb128 0x19
 559 0209 00000000 		.4byte	.Ldebug_ranges0+0x0
 560 020d 92020000 		.4byte	0x292
 561 0211 1A       		.uleb128 0x1a
 562 0212 06       		.byte	0x6
 563 0213 01       		.byte	0x1
 564 0214 0101     		.2byte	0x101
 565 0216 39020000 		.4byte	0x239
 566 021a 1B       		.uleb128 0x1b
 567 021b 3E010000 		.4byte	.LASF31
 568 021f 01       		.byte	0x1
 569 0220 0201     		.2byte	0x102
 570 0222 6B000000 		.4byte	0x6b
 571 0226 02       		.byte	0x2
 572 0227 23       		.byte	0x23
 573 0228 00       		.uleb128 0x0
 574 0229 1B       		.uleb128 0x1b
 575 022a B6000000 		.4byte	.LASF32
 576 022e 01       		.byte	0x1
 577 022f 0301     		.2byte	0x103
 578 0231 91000000 		.4byte	0x91
 579 0235 02       		.byte	0x2
 580 0236 23       		.byte	0x23
 581 0237 04       		.uleb128 0x4
 582 0238 00       		.byte	0x0
 583 0239 1C       		.uleb128 0x1c
 584 023a AF010000 		.4byte	.LASF33
 585 023e 01       		.byte	0x1
 586 023f 0401     		.2byte	0x104
 587 0241 11020000 		.4byte	0x211
 588 0245 1D       		.uleb128 0x1d
 589 0246 40000000 		.4byte	.LASF35
 590 024a 01       		.byte	0x1
 591 024b 0601     		.2byte	0x106
 592 024d F5020000 		.4byte	0x2f5
 593 0251 05       		.byte	0x5
 594 0252 03       		.byte	0x3
 595 0253 00000000 		.4byte	cfg_memset_list.1873
 596 0257 1E       		.uleb128 0x1e
 597 0258 6900     		.ascii	"i\000"
 598 025a 01       		.byte	0x1
 599 025b 0C01     		.2byte	0x10c
 600 025d 86000000 		.4byte	0x86
 601 0261 1F       		.uleb128 0x1f
 602 0262 04000000 		.4byte	.LBB15
 603 0266 20000000 		.4byte	.LBE15
ARM GAS  C:\Users\asha\AppData\Local\Temp\ccHwapD1.s 			page 17


 604 026a 1E       		.uleb128 0x1e
 605 026b 6D7300   		.ascii	"ms\000"
 606 026e 01       		.byte	0x1
 607 026f 1101     		.2byte	0x111
 608 0271 FA020000 		.4byte	0x2fa
 609 0275 20       		.uleb128 0x20
 610 0276 91010000 		.4byte	0x191
 611 027a 04000000 		.4byte	.LBB16
 612 027e 20000000 		.4byte	.LBE16
 613 0282 01       		.byte	0x1
 614 0283 1201     		.2byte	0x112
 615 0285 13       		.uleb128 0x13
 616 0286 A7010000 		.4byte	0x1a7
 617 028a 13       		.uleb128 0x13
 618 028b 9E010000 		.4byte	0x19e
 619 028f 00       		.byte	0x0
 620 0290 00       		.byte	0x0
 621 0291 00       		.byte	0x0
 622 0292 21       		.uleb128 0x21
 623 0293 B1010000 		.4byte	0x1b1
 624 0297 50000000 		.4byte	.LBB18
 625 029b 20000000 		.4byte	.Ldebug_ranges0+0x20
 626 029f 01       		.byte	0x1
 627 02a0 2C01     		.2byte	0x12c
 628 02a2 22       		.uleb128 0x22
 629 02a3 C0000000 		.4byte	0xc0
 630 02a7 60000000 		.4byte	.LBB21
 631 02ab 40000000 		.4byte	.Ldebug_ranges0+0x40
 632 02af 01       		.byte	0x1
 633 02b0 BC       		.byte	0xbc
 634 02b1 13       		.uleb128 0x13
 635 02b2 CD000000 		.4byte	0xcd
 636 02b6 23       		.uleb128 0x23
 637 02b7 58000000 		.4byte	.Ldebug_ranges0+0x58
 638 02bb 14       		.uleb128 0x14
 639 02bc 4F010000 		.4byte	0x14f
 640 02c0 24       		.uleb128 0x24
 641 02c1 5A010000 		.4byte	0x15a
 642 02c5 1F000000 		.4byte	.LLST1
 643 02c9 24       		.uleb128 0x24
 644 02ca 65010000 		.4byte	0x165
 645 02ce 32000000 		.4byte	.LLST2
 646 02d2 15       		.uleb128 0x15
 647 02d3 38010000 		.4byte	0x138
 648 02d7 C0F1FF0F 		.4byte	0xffff1c0
 649 02db 16       		.uleb128 0x16
 650 02dc 43010000 		.4byte	0x143
 651 02e0 04       		.byte	0x4
 652 02e1 00       		.byte	0x0
 653 02e2 00       		.byte	0x0
 654 02e3 00       		.byte	0x0
 655 02e4 00       		.byte	0x0
 656 02e5 0D       		.uleb128 0xd
 657 02e6 39020000 		.4byte	0x239
 658 02ea F5020000 		.4byte	0x2f5
 659 02ee 0E       		.uleb128 0xe
 660 02ef 68000000 		.4byte	0x68
ARM GAS  C:\Users\asha\AppData\Local\Temp\ccHwapD1.s 			page 18


 661 02f3 01       		.byte	0x1
 662 02f4 00       		.byte	0x0
 663 02f5 10       		.uleb128 0x10
 664 02f6 E5020000 		.4byte	0x2e5
 665 02fa 0F       		.uleb128 0xf
 666 02fb 04       		.byte	0x4
 667 02fc 00030000 		.4byte	0x300
 668 0300 10       		.uleb128 0x10
 669 0301 39020000 		.4byte	0x239
 670 0305 00       		.byte	0x0
 671              		.section	.debug_abbrev
 672 0000 01       		.uleb128 0x1
 673 0001 11       		.uleb128 0x11
 674 0002 01       		.byte	0x1
 675 0003 25       		.uleb128 0x25
 676 0004 0E       		.uleb128 0xe
 677 0005 13       		.uleb128 0x13
 678 0006 0B       		.uleb128 0xb
 679 0007 03       		.uleb128 0x3
 680 0008 0E       		.uleb128 0xe
 681 0009 1B       		.uleb128 0x1b
 682 000a 0E       		.uleb128 0xe
 683 000b 11       		.uleb128 0x11
 684 000c 01       		.uleb128 0x1
 685 000d 52       		.uleb128 0x52
 686 000e 01       		.uleb128 0x1
 687 000f 55       		.uleb128 0x55
 688 0010 06       		.uleb128 0x6
 689 0011 10       		.uleb128 0x10
 690 0012 06       		.uleb128 0x6
 691 0013 00       		.byte	0x0
 692 0014 00       		.byte	0x0
 693 0015 02       		.uleb128 0x2
 694 0016 24       		.uleb128 0x24
 695 0017 00       		.byte	0x0
 696 0018 0B       		.uleb128 0xb
 697 0019 0B       		.uleb128 0xb
 698 001a 3E       		.uleb128 0x3e
 699 001b 0B       		.uleb128 0xb
 700 001c 03       		.uleb128 0x3
 701 001d 0E       		.uleb128 0xe
 702 001e 00       		.byte	0x0
 703 001f 00       		.byte	0x0
 704 0020 03       		.uleb128 0x3
 705 0021 24       		.uleb128 0x24
 706 0022 00       		.byte	0x0
 707 0023 0B       		.uleb128 0xb
 708 0024 0B       		.uleb128 0xb
 709 0025 3E       		.uleb128 0x3e
 710 0026 0B       		.uleb128 0xb
 711 0027 03       		.uleb128 0x3
 712 0028 08       		.uleb128 0x8
 713 0029 00       		.byte	0x0
 714 002a 00       		.byte	0x0
 715 002b 04       		.uleb128 0x4
 716 002c 24       		.uleb128 0x24
 717 002d 00       		.byte	0x0
ARM GAS  C:\Users\asha\AppData\Local\Temp\ccHwapD1.s 			page 19


 718 002e 0B       		.uleb128 0xb
 719 002f 0B       		.uleb128 0xb
 720 0030 3E       		.uleb128 0x3e
 721 0031 0B       		.uleb128 0xb
 722 0032 00       		.byte	0x0
 723 0033 00       		.byte	0x0
 724 0034 05       		.uleb128 0x5
 725 0035 0F       		.uleb128 0xf
 726 0036 00       		.byte	0x0
 727 0037 0B       		.uleb128 0xb
 728 0038 0B       		.uleb128 0xb
 729 0039 00       		.byte	0x0
 730 003a 00       		.byte	0x0
 731 003b 06       		.uleb128 0x6
 732 003c 16       		.uleb128 0x16
 733 003d 00       		.byte	0x0
 734 003e 03       		.uleb128 0x3
 735 003f 0E       		.uleb128 0xe
 736 0040 3A       		.uleb128 0x3a
 737 0041 0B       		.uleb128 0xb
 738 0042 3B       		.uleb128 0x3b
 739 0043 0B       		.uleb128 0xb
 740 0044 49       		.uleb128 0x49
 741 0045 13       		.uleb128 0x13
 742 0046 00       		.byte	0x0
 743 0047 00       		.byte	0x0
 744 0048 07       		.uleb128 0x7
 745 0049 2E       		.uleb128 0x2e
 746 004a 01       		.byte	0x1
 747 004b 03       		.uleb128 0x3
 748 004c 0E       		.uleb128 0xe
 749 004d 3A       		.uleb128 0x3a
 750 004e 0B       		.uleb128 0xb
 751 004f 3B       		.uleb128 0x3b
 752 0050 0B       		.uleb128 0xb
 753 0051 27       		.uleb128 0x27
 754 0052 0C       		.uleb128 0xc
 755 0053 20       		.uleb128 0x20
 756 0054 0B       		.uleb128 0xb
 757 0055 01       		.uleb128 0x1
 758 0056 13       		.uleb128 0x13
 759 0057 00       		.byte	0x0
 760 0058 00       		.byte	0x0
 761 0059 08       		.uleb128 0x8
 762 005a 05       		.uleb128 0x5
 763 005b 00       		.byte	0x0
 764 005c 03       		.uleb128 0x3
 765 005d 0E       		.uleb128 0xe
 766 005e 3A       		.uleb128 0x3a
 767 005f 0B       		.uleb128 0xb
 768 0060 3B       		.uleb128 0x3b
 769 0061 0B       		.uleb128 0xb
 770 0062 49       		.uleb128 0x49
 771 0063 13       		.uleb128 0x13
 772 0064 00       		.byte	0x0
 773 0065 00       		.byte	0x0
 774 0066 09       		.uleb128 0x9
ARM GAS  C:\Users\asha\AppData\Local\Temp\ccHwapD1.s 			page 20


 775 0067 13       		.uleb128 0x13
 776 0068 01       		.byte	0x1
 777 0069 0B       		.uleb128 0xb
 778 006a 0B       		.uleb128 0xb
 779 006b 3A       		.uleb128 0x3a
 780 006c 0B       		.uleb128 0xb
 781 006d 3B       		.uleb128 0x3b
 782 006e 0B       		.uleb128 0xb
 783 006f 01       		.uleb128 0x1
 784 0070 13       		.uleb128 0x13
 785 0071 00       		.byte	0x0
 786 0072 00       		.byte	0x0
 787 0073 0A       		.uleb128 0xa
 788 0074 0D       		.uleb128 0xd
 789 0075 00       		.byte	0x0
 790 0076 03       		.uleb128 0x3
 791 0077 0E       		.uleb128 0xe
 792 0078 3A       		.uleb128 0x3a
 793 0079 0B       		.uleb128 0xb
 794 007a 3B       		.uleb128 0x3b
 795 007b 0B       		.uleb128 0xb
 796 007c 49       		.uleb128 0x49
 797 007d 13       		.uleb128 0x13
 798 007e 38       		.uleb128 0x38
 799 007f 0A       		.uleb128 0xa
 800 0080 00       		.byte	0x0
 801 0081 00       		.byte	0x0
 802 0082 0B       		.uleb128 0xb
 803 0083 34       		.uleb128 0x34
 804 0084 00       		.byte	0x0
 805 0085 03       		.uleb128 0x3
 806 0086 0E       		.uleb128 0xe
 807 0087 3A       		.uleb128 0x3a
 808 0088 0B       		.uleb128 0xb
 809 0089 3B       		.uleb128 0x3b
 810 008a 0B       		.uleb128 0xb
 811 008b 49       		.uleb128 0x49
 812 008c 13       		.uleb128 0x13
 813 008d 00       		.byte	0x0
 814 008e 00       		.byte	0x0
 815 008f 0C       		.uleb128 0xc
 816 0090 34       		.uleb128 0x34
 817 0091 00       		.byte	0x0
 818 0092 03       		.uleb128 0x3
 819 0093 0E       		.uleb128 0xe
 820 0094 3A       		.uleb128 0x3a
 821 0095 0B       		.uleb128 0xb
 822 0096 3B       		.uleb128 0x3b
 823 0097 0B       		.uleb128 0xb
 824 0098 49       		.uleb128 0x49
 825 0099 13       		.uleb128 0x13
 826 009a 1C       		.uleb128 0x1c
 827 009b 0B       		.uleb128 0xb
 828 009c 00       		.byte	0x0
 829 009d 00       		.byte	0x0
 830 009e 0D       		.uleb128 0xd
 831 009f 01       		.uleb128 0x1
ARM GAS  C:\Users\asha\AppData\Local\Temp\ccHwapD1.s 			page 21


 832 00a0 01       		.byte	0x1
 833 00a1 49       		.uleb128 0x49
 834 00a2 13       		.uleb128 0x13
 835 00a3 01       		.uleb128 0x1
 836 00a4 13       		.uleb128 0x13
 837 00a5 00       		.byte	0x0
 838 00a6 00       		.byte	0x0
 839 00a7 0E       		.uleb128 0xe
 840 00a8 21       		.uleb128 0x21
 841 00a9 00       		.byte	0x0
 842 00aa 49       		.uleb128 0x49
 843 00ab 13       		.uleb128 0x13
 844 00ac 2F       		.uleb128 0x2f
 845 00ad 0B       		.uleb128 0xb
 846 00ae 00       		.byte	0x0
 847 00af 00       		.byte	0x0
 848 00b0 0F       		.uleb128 0xf
 849 00b1 0F       		.uleb128 0xf
 850 00b2 00       		.byte	0x0
 851 00b3 0B       		.uleb128 0xb
 852 00b4 0B       		.uleb128 0xb
 853 00b5 49       		.uleb128 0x49
 854 00b6 13       		.uleb128 0x13
 855 00b7 00       		.byte	0x0
 856 00b8 00       		.byte	0x0
 857 00b9 10       		.uleb128 0x10
 858 00ba 26       		.uleb128 0x26
 859 00bb 00       		.byte	0x0
 860 00bc 49       		.uleb128 0x49
 861 00bd 13       		.uleb128 0x13
 862 00be 00       		.byte	0x0
 863 00bf 00       		.byte	0x0
 864 00c0 11       		.uleb128 0x11
 865 00c1 05       		.uleb128 0x5
 866 00c2 00       		.byte	0x0
 867 00c3 03       		.uleb128 0x3
 868 00c4 08       		.uleb128 0x8
 869 00c5 3A       		.uleb128 0x3a
 870 00c6 0B       		.uleb128 0xb
 871 00c7 3B       		.uleb128 0x3b
 872 00c8 0B       		.uleb128 0xb
 873 00c9 49       		.uleb128 0x49
 874 00ca 13       		.uleb128 0x13
 875 00cb 00       		.byte	0x0
 876 00cc 00       		.byte	0x0
 877 00cd 12       		.uleb128 0x12
 878 00ce 0B       		.uleb128 0xb
 879 00cf 01       		.byte	0x1
 880 00d0 00       		.byte	0x0
 881 00d1 00       		.byte	0x0
 882 00d2 13       		.uleb128 0x13
 883 00d3 05       		.uleb128 0x5
 884 00d4 00       		.byte	0x0
 885 00d5 31       		.uleb128 0x31
 886 00d6 13       		.uleb128 0x13
 887 00d7 00       		.byte	0x0
 888 00d8 00       		.byte	0x0
ARM GAS  C:\Users\asha\AppData\Local\Temp\ccHwapD1.s 			page 22


 889 00d9 14       		.uleb128 0x14
 890 00da 34       		.uleb128 0x34
 891 00db 00       		.byte	0x0
 892 00dc 31       		.uleb128 0x31
 893 00dd 13       		.uleb128 0x13
 894 00de 00       		.byte	0x0
 895 00df 00       		.byte	0x0
 896 00e0 15       		.uleb128 0x15
 897 00e1 34       		.uleb128 0x34
 898 00e2 00       		.byte	0x0
 899 00e3 31       		.uleb128 0x31
 900 00e4 13       		.uleb128 0x13
 901 00e5 1C       		.uleb128 0x1c
 902 00e6 06       		.uleb128 0x6
 903 00e7 00       		.byte	0x0
 904 00e8 00       		.byte	0x0
 905 00e9 16       		.uleb128 0x16
 906 00ea 34       		.uleb128 0x34
 907 00eb 00       		.byte	0x0
 908 00ec 31       		.uleb128 0x31
 909 00ed 13       		.uleb128 0x13
 910 00ee 1C       		.uleb128 0x1c
 911 00ef 0B       		.uleb128 0xb
 912 00f0 00       		.byte	0x0
 913 00f1 00       		.byte	0x0
 914 00f2 17       		.uleb128 0x17
 915 00f3 2E       		.uleb128 0x2e
 916 00f4 00       		.byte	0x0
 917 00f5 03       		.uleb128 0x3
 918 00f6 0E       		.uleb128 0xe
 919 00f7 3A       		.uleb128 0x3a
 920 00f8 0B       		.uleb128 0xb
 921 00f9 3B       		.uleb128 0x3b
 922 00fa 0B       		.uleb128 0xb
 923 00fb 27       		.uleb128 0x27
 924 00fc 0C       		.uleb128 0xc
 925 00fd 20       		.uleb128 0x20
 926 00fe 0B       		.uleb128 0xb
 927 00ff 00       		.byte	0x0
 928 0100 00       		.byte	0x0
 929 0101 18       		.uleb128 0x18
 930 0102 2E       		.uleb128 0x2e
 931 0103 01       		.byte	0x1
 932 0104 3F       		.uleb128 0x3f
 933 0105 0C       		.uleb128 0xc
 934 0106 03       		.uleb128 0x3
 935 0107 0E       		.uleb128 0xe
 936 0108 3A       		.uleb128 0x3a
 937 0109 0B       		.uleb128 0xb
 938 010a 3B       		.uleb128 0x3b
 939 010b 0B       		.uleb128 0xb
 940 010c 27       		.uleb128 0x27
 941 010d 0C       		.uleb128 0xc
 942 010e 11       		.uleb128 0x11
 943 010f 01       		.uleb128 0x1
 944 0110 12       		.uleb128 0x12
 945 0111 01       		.uleb128 0x1
ARM GAS  C:\Users\asha\AppData\Local\Temp\ccHwapD1.s 			page 23


 946 0112 40       		.uleb128 0x40
 947 0113 06       		.uleb128 0x6
 948 0114 01       		.uleb128 0x1
 949 0115 13       		.uleb128 0x13
 950 0116 00       		.byte	0x0
 951 0117 00       		.byte	0x0
 952 0118 19       		.uleb128 0x19
 953 0119 0B       		.uleb128 0xb
 954 011a 01       		.byte	0x1
 955 011b 55       		.uleb128 0x55
 956 011c 06       		.uleb128 0x6
 957 011d 01       		.uleb128 0x1
 958 011e 13       		.uleb128 0x13
 959 011f 00       		.byte	0x0
 960 0120 00       		.byte	0x0
 961 0121 1A       		.uleb128 0x1a
 962 0122 13       		.uleb128 0x13
 963 0123 01       		.byte	0x1
 964 0124 0B       		.uleb128 0xb
 965 0125 0B       		.uleb128 0xb
 966 0126 3A       		.uleb128 0x3a
 967 0127 0B       		.uleb128 0xb
 968 0128 3B       		.uleb128 0x3b
 969 0129 05       		.uleb128 0x5
 970 012a 01       		.uleb128 0x1
 971 012b 13       		.uleb128 0x13
 972 012c 00       		.byte	0x0
 973 012d 00       		.byte	0x0
 974 012e 1B       		.uleb128 0x1b
 975 012f 0D       		.uleb128 0xd
 976 0130 00       		.byte	0x0
 977 0131 03       		.uleb128 0x3
 978 0132 0E       		.uleb128 0xe
 979 0133 3A       		.uleb128 0x3a
 980 0134 0B       		.uleb128 0xb
 981 0135 3B       		.uleb128 0x3b
 982 0136 05       		.uleb128 0x5
 983 0137 49       		.uleb128 0x49
 984 0138 13       		.uleb128 0x13
 985 0139 38       		.uleb128 0x38
 986 013a 0A       		.uleb128 0xa
 987 013b 00       		.byte	0x0
 988 013c 00       		.byte	0x0
 989 013d 1C       		.uleb128 0x1c
 990 013e 16       		.uleb128 0x16
 991 013f 00       		.byte	0x0
 992 0140 03       		.uleb128 0x3
 993 0141 0E       		.uleb128 0xe
 994 0142 3A       		.uleb128 0x3a
 995 0143 0B       		.uleb128 0xb
 996 0144 3B       		.uleb128 0x3b
 997 0145 05       		.uleb128 0x5
 998 0146 49       		.uleb128 0x49
 999 0147 13       		.uleb128 0x13
 1000 0148 00       		.byte	0x0
 1001 0149 00       		.byte	0x0
 1002 014a 1D       		.uleb128 0x1d
ARM GAS  C:\Users\asha\AppData\Local\Temp\ccHwapD1.s 			page 24


 1003 014b 34       		.uleb128 0x34
 1004 014c 00       		.byte	0x0
 1005 014d 03       		.uleb128 0x3
 1006 014e 0E       		.uleb128 0xe
 1007 014f 3A       		.uleb128 0x3a
 1008 0150 0B       		.uleb128 0xb
 1009 0151 3B       		.uleb128 0x3b
 1010 0152 05       		.uleb128 0x5
 1011 0153 49       		.uleb128 0x49
 1012 0154 13       		.uleb128 0x13
 1013 0155 02       		.uleb128 0x2
 1014 0156 0A       		.uleb128 0xa
 1015 0157 00       		.byte	0x0
 1016 0158 00       		.byte	0x0
 1017 0159 1E       		.uleb128 0x1e
 1018 015a 34       		.uleb128 0x34
 1019 015b 00       		.byte	0x0
 1020 015c 03       		.uleb128 0x3
 1021 015d 08       		.uleb128 0x8
 1022 015e 3A       		.uleb128 0x3a
 1023 015f 0B       		.uleb128 0xb
 1024 0160 3B       		.uleb128 0x3b
 1025 0161 05       		.uleb128 0x5
 1026 0162 49       		.uleb128 0x49
 1027 0163 13       		.uleb128 0x13
 1028 0164 00       		.byte	0x0
 1029 0165 00       		.byte	0x0
 1030 0166 1F       		.uleb128 0x1f
 1031 0167 0B       		.uleb128 0xb
 1032 0168 01       		.byte	0x1
 1033 0169 11       		.uleb128 0x11
 1034 016a 01       		.uleb128 0x1
 1035 016b 12       		.uleb128 0x12
 1036 016c 01       		.uleb128 0x1
 1037 016d 00       		.byte	0x0
 1038 016e 00       		.byte	0x0
 1039 016f 20       		.uleb128 0x20
 1040 0170 1D       		.uleb128 0x1d
 1041 0171 01       		.byte	0x1
 1042 0172 31       		.uleb128 0x31
 1043 0173 13       		.uleb128 0x13
 1044 0174 11       		.uleb128 0x11
 1045 0175 01       		.uleb128 0x1
 1046 0176 12       		.uleb128 0x12
 1047 0177 01       		.uleb128 0x1
 1048 0178 58       		.uleb128 0x58
 1049 0179 0B       		.uleb128 0xb
 1050 017a 59       		.uleb128 0x59
 1051 017b 05       		.uleb128 0x5
 1052 017c 00       		.byte	0x0
 1053 017d 00       		.byte	0x0
 1054 017e 21       		.uleb128 0x21
 1055 017f 1D       		.uleb128 0x1d
 1056 0180 01       		.byte	0x1
 1057 0181 31       		.uleb128 0x31
 1058 0182 13       		.uleb128 0x13
 1059 0183 52       		.uleb128 0x52
ARM GAS  C:\Users\asha\AppData\Local\Temp\ccHwapD1.s 			page 25


 1060 0184 01       		.uleb128 0x1
 1061 0185 55       		.uleb128 0x55
 1062 0186 06       		.uleb128 0x6
 1063 0187 58       		.uleb128 0x58
 1064 0188 0B       		.uleb128 0xb
 1065 0189 59       		.uleb128 0x59
 1066 018a 05       		.uleb128 0x5
 1067 018b 00       		.byte	0x0
 1068 018c 00       		.byte	0x0
 1069 018d 22       		.uleb128 0x22
 1070 018e 1D       		.uleb128 0x1d
 1071 018f 01       		.byte	0x1
 1072 0190 31       		.uleb128 0x31
 1073 0191 13       		.uleb128 0x13
 1074 0192 52       		.uleb128 0x52
 1075 0193 01       		.uleb128 0x1
 1076 0194 55       		.uleb128 0x55
 1077 0195 06       		.uleb128 0x6
 1078 0196 58       		.uleb128 0x58
 1079 0197 0B       		.uleb128 0xb
 1080 0198 59       		.uleb128 0x59
 1081 0199 0B       		.uleb128 0xb
 1082 019a 00       		.byte	0x0
 1083 019b 00       		.byte	0x0
 1084 019c 23       		.uleb128 0x23
 1085 019d 0B       		.uleb128 0xb
 1086 019e 01       		.byte	0x1
 1087 019f 55       		.uleb128 0x55
 1088 01a0 06       		.uleb128 0x6
 1089 01a1 00       		.byte	0x0
 1090 01a2 00       		.byte	0x0
 1091 01a3 24       		.uleb128 0x24
 1092 01a4 34       		.uleb128 0x34
 1093 01a5 00       		.byte	0x0
 1094 01a6 31       		.uleb128 0x31
 1095 01a7 13       		.uleb128 0x13
 1096 01a8 02       		.uleb128 0x2
 1097 01a9 06       		.uleb128 0x6
 1098 01aa 00       		.byte	0x0
 1099 01ab 00       		.byte	0x0
 1100 01ac 00       		.byte	0x0
 1101              		.section	.debug_pubnames,"",%progbits
 1102 0000 1F000000 		.4byte	0x1f
 1103 0004 0200     		.2byte	0x2
 1104 0006 00000000 		.4byte	.Ldebug_info0
 1105 000a 06030000 		.4byte	0x306
 1106 000e EF010000 		.4byte	0x1ef
 1107 0012 63796669 		.ascii	"cyfitter_cfg\000"
 1107      74746572 
 1107      5F636667 
 1107      00
 1108 001f 00000000 		.4byte	0x0
 1109              		.section	.debug_aranges,"",%progbits
 1110 0000 1C000000 		.4byte	0x1c
 1111 0004 0200     		.2byte	0x2
 1112 0006 00000000 		.4byte	.Ldebug_info0
 1113 000a 04       		.byte	0x4
ARM GAS  C:\Users\asha\AppData\Local\Temp\ccHwapD1.s 			page 26


 1114 000b 00       		.byte	0x0
 1115 000c 0000     		.2byte	0x0
 1116 000e 0000     		.2byte	0x0
 1117 0010 00000000 		.4byte	.LFB6
 1118 0014 F8000000 		.4byte	.LFE6-.LFB6
 1119 0018 00000000 		.4byte	0x0
 1120 001c 00000000 		.4byte	0x0
 1121              		.section	.debug_ranges,"",%progbits
 1122              	.Ldebug_ranges0:
 1123 0000 04000000 		.4byte	.LBB14
 1124 0004 50000000 		.4byte	.LBE14
 1125 0008 56000000 		.4byte	.LBB28
 1126 000c 58000000 		.4byte	.LBE28
 1127 0010 52000000 		.4byte	.LBB26
 1128 0014 54000000 		.4byte	.LBE26
 1129 0018 00000000 		.4byte	0x0
 1130 001c 00000000 		.4byte	0x0
 1131 0020 50000000 		.4byte	.LBB18
 1132 0024 52000000 		.4byte	.LBE18
 1133 0028 58000000 		.4byte	.LBB29
 1134 002c C2000000 		.4byte	.LBE29
 1135 0030 54000000 		.4byte	.LBB27
 1136 0034 56000000 		.4byte	.LBE27
 1137 0038 00000000 		.4byte	0x0
 1138 003c 00000000 		.4byte	0x0
 1139 0040 60000000 		.4byte	.LBB21
 1140 0044 94000000 		.4byte	.LBE21
 1141 0048 96000000 		.4byte	.LBB24
 1142 004c 9C000000 		.4byte	.LBE24
 1143 0050 00000000 		.4byte	0x0
 1144 0054 00000000 		.4byte	0x0
 1145 0058 60000000 		.4byte	.LBB22
 1146 005c 94000000 		.4byte	.LBE22
 1147 0060 96000000 		.4byte	.LBB23
 1148 0064 9C000000 		.4byte	.LBE23
 1149 0068 00000000 		.4byte	0x0
 1150 006c 00000000 		.4byte	0x0
 1151 0070 00000000 		.4byte	.Ltext0
 1152 0074 00000000 		.4byte	.Letext0
 1153 0078 00000000 		.4byte	.LFB6
 1154 007c F8000000 		.4byte	.LFE6
 1155 0080 00000000 		.4byte	0x0
 1156 0084 00000000 		.4byte	0x0
 1157              		.section	.debug_str,"MS",%progbits,1
 1158              	.LASF5:
 1159 0000 6C6F6E67 		.ascii	"long long int\000"
 1159      206C6F6E 
 1159      6720696E 
 1159      7400
 1160              	.LASF26:
 1161 000e 73657454 		.ascii	"setTmpCo\000"
 1161      6D70436F 
 1161      00
 1162              	.LASF10:
 1163 0017 73697A65 		.ascii	"size_t\000"
 1163      5F7400
 1164              	.LASF39:
ARM GAS  C:\Users\asha\AppData\Local\Temp\ccHwapD1.s 			page 27


 1165 001e 416E616C 		.ascii	"AnalogSetDefault\000"
 1165      6F675365 
 1165      74446566 
 1165      61756C74 
 1165      00
 1166              	.LASF20:
 1167 002f 696D6F5F 		.ascii	"imo_trim_entry_t\000"
 1167      7472696D 
 1167      5F656E74 
 1167      72795F74 
 1167      00
 1168              	.LASF35:
 1169 0040 6366675F 		.ascii	"cfg_memset_list\000"
 1169      6D656D73 
 1169      65745F6C 
 1169      69737400 
 1170              	.LASF30:
 1171 0050 436C6F63 		.ascii	"ClockSetup\000"
 1171      6B536574 
 1171      757000
 1172              	.LASF19:
 1173 005b 746D7063 		.ascii	"tmpco\000"
 1173      6F00
 1174              	.LASF3:
 1175 0061 73686F72 		.ascii	"short unsigned int\000"
 1175      7420756E 
 1175      7369676E 
 1175      65642069 
 1175      6E7400
 1176              	.LASF2:
 1177 0074 73686F72 		.ascii	"short int\000"
 1177      7420696E 
 1177      7400
 1178              	.LASF27:
 1179 007e 53657449 		.ascii	"SetIMOBGTrims\000"
 1179      4D4F4247 
 1179      5472696D 
 1179      7300
 1180              	.LASF15:
 1181 008c 666C6F61 		.ascii	"float\000"
 1181      7400
 1182              	.LASF24:
 1183 0092 696D6F54 		.ascii	"imoTrimIndex\000"
 1183      72696D49 
 1183      6E646578 
 1183      00
 1184              	.LASF6:
 1185 009f 6C6F6E67 		.ascii	"long long unsigned int\000"
 1185      206C6F6E 
 1185      6720756E 
 1185      7369676E 
 1185      65642069 
 1186              	.LASF32:
 1187 00b6 73697A65 		.ascii	"size\000"
 1187      00
 1188              	.LASF8:
 1189 00bb 6C6F6E67 		.ascii	"long unsigned int\000"
ARM GAS  C:\Users\asha\AppData\Local\Temp\ccHwapD1.s 			page 28


 1189      20756E73 
 1189      69676E65 
 1189      6420696E 
 1189      7400
 1190              	.LASF14:
 1191 00cd 696E7433 		.ascii	"int32\000"
 1191      3200
 1192              	.LASF28:
 1193 00d3 43594D45 		.ascii	"CYMEMZERO\000"
 1193      4D5A4552 
 1193      4F00
 1194              	.LASF1:
 1195 00dd 756E7369 		.ascii	"unsigned char\000"
 1195      676E6564 
 1195      20636861 
 1195      7200
 1196              	.LASF16:
 1197 00eb 646F7562 		.ascii	"double\000"
 1197      6C6500
 1198              	.LASF29:
 1199 00f2 696D6F46 		.ascii	"imoFreq\000"
 1199      72657100 
 1200              	.LASF34:
 1201 00fa 494D4F5F 		.ascii	"IMO_TRIM_FREQ_TABLE_ENTRIES\000"
 1201      5452494D 
 1201      5F465245 
 1201      515F5441 
 1201      424C455F 
 1202              	.LASF12:
 1203 0116 75696E74 		.ascii	"uint16\000"
 1203      313600
 1204              	.LASF13:
 1205 011d 75696E74 		.ascii	"uint32\000"
 1205      333200
 1206              	.LASF4:
 1207 0124 756E7369 		.ascii	"unsigned int\000"
 1207      676E6564 
 1207      20696E74 
 1207      00
 1208              	.LASF40:
 1209 0131 63796669 		.ascii	"cyfitter_cfg\000"
 1209      74746572 
 1209      5F636667 
 1209      00
 1210              	.LASF31:
 1211 013e 61646472 		.ascii	"address\000"
 1211      65737300 
 1212              	.LASF38:
 1213 0146 433A5C55 		.ascii	"C:\\Users\\asha\\Documents\\PSoC3 training and proj"
 1213      73657273 
 1213      5C617368 
 1213      615C446F 
 1213      63756D65 
 1214 0175 65637473 		.ascii	"ects\\Q2-13\\Alfonso_FFT\\Alfonso_FFT.cydsn\000"
 1214      5C51322D 
 1214      31335C41 
 1214      6C666F6E 
ARM GAS  C:\Users\asha\AppData\Local\Temp\ccHwapD1.s 			page 29


 1214      736F5F46 
 1215              	.LASF22:
 1216 019e 696D6F5F 		.ascii	"imo_trim_table_t\000"
 1216      7472696D 
 1216      5F746162 
 1216      6C655F74 
 1216      00
 1217              	.LASF33:
 1218 01af 6366675F 		.ascii	"cfg_memset_t\000"
 1218      6D656D73 
 1218      65745F74 
 1218      00
 1219              	.LASF37:
 1220 01bc 2E5C4765 		.ascii	".\\Generated_Source\\PSoC4\\cyfitter_cfg.c\000"
 1220      6E657261 
 1220      7465645F 
 1220      536F7572 
 1220      63655C50 
 1221              	.LASF36:
 1222 01e4 474E5520 		.ascii	"GNU C 4.4.1\000"
 1222      4320342E 
 1222      342E3100 
 1223              	.LASF9:
 1224 01f0 63686172 		.ascii	"char\000"
 1224      00
 1225              	.LASF18:
 1226 01f5 6162736F 		.ascii	"absolute\000"
 1226      6C757465 
 1226      00
 1227              	.LASF17:
 1228 01fe 66726571 		.ascii	"freq\000"
 1228      00
 1229              	.LASF11:
 1230 0203 75696E74 		.ascii	"uint8\000"
 1230      3800
 1231              	.LASF23:
 1232 0209 696D6F5F 		.ascii	"imo_trim_table\000"
 1232      7472696D 
 1232      5F746162 
 1232      6C6500
 1233              	.LASF7:
 1234 0218 6C6F6E67 		.ascii	"long int\000"
 1234      20696E74 
 1234      00
 1235              	.LASF21:
 1236 0221 656E7472 		.ascii	"entries\000"
 1236      69657300 
 1237              	.LASF25:
 1238 0229 73657441 		.ascii	"setAbs\000"
 1238      627300
 1239              	.LASF0:
 1240 0230 7369676E 		.ascii	"signed char\000"
 1240      65642063 
 1240      68617200 
 1241              		.ident	"GCC: (Sourcery G++ Lite 2010q1-188) 4.4.1"
