Archive member included to satisfy reference by file (symbol)

.\CortexM3\ARM_GCC_541\Debug\ADC_TO_FILTERBANK.a(ADC_DelSig_1.o)
                              .\CortexM3\ARM_GCC_541\Debug\main.o (ADC_DelSig_1_Start)
.\CortexM3\ARM_GCC_541\Debug\ADC_TO_FILTERBANK.a(ADC_DelSig_1_INT.o)
                              .\CortexM3\ARM_GCC_541\Debug\ADC_TO_FILTERBANK.a(ADC_DelSig_1.o) (ADC_DelSig_1_ISR1)
.\CortexM3\ARM_GCC_541\Debug\ADC_TO_FILTERBANK.a(Opamp_1.o)
                              .\CortexM3\ARM_GCC_541\Debug\main.o (Opamp_1_Start)
.\CortexM3\ARM_GCC_541\Debug\ADC_TO_FILTERBANK.a(DMA_1_dma.o)
                              .\CortexM3\ARM_GCC_541\Debug\main.o (DMA_1_DmaInitialize)
.\CortexM3\ARM_GCC_541\Debug\ADC_TO_FILTERBANK.a(ADC_DelSig_1_Ext_CP_Clk.o)
                              .\CortexM3\ARM_GCC_541\Debug\ADC_TO_FILTERBANK.a(ADC_DelSig_1.o) (ADC_DelSig_1_Ext_CP_Clk_SetModeRegister)
.\CortexM3\ARM_GCC_541\Debug\ADC_TO_FILTERBANK.a(ADC_DelSig_1_IRQ.o)
                              .\CortexM3\ARM_GCC_541\Debug\main.o (ADC_DelSig_1_IRQ_Disable)
.\CortexM3\ARM_GCC_541\Debug\ADC_TO_FILTERBANK.a(ADC_DelSig_1_theACLK.o)
                              .\CortexM3\ARM_GCC_541\Debug\ADC_TO_FILTERBANK.a(ADC_DelSig_1.o) (ADC_DelSig_1_theACLK_SetModeRegister)
.\CortexM3\ARM_GCC_541\Debug\ADC_TO_FILTERBANK.a(CyDmac.o)
                              .\CortexM3\ARM_GCC_541\Debug\Cm3Start.o (CyDmacConfigure)
.\CortexM3\ARM_GCC_541\Debug\ADC_TO_FILTERBANK.a(CyLib.o)
                              .\CortexM3\ARM_GCC_541\Debug\Cm3Start.o (CyHalt)
.\CortexM3\ARM_GCC_541\Debug\ADC_TO_FILTERBANK.a(cyPm.o)
                              .\CortexM3\ARM_GCC_541\Debug\ADC_TO_FILTERBANK.a(CyLib.o) (CyPmReadStatus)
.\CortexM3\ARM_GCC_541\Debug\ADC_TO_FILTERBANK.a(ISR_DMA_Done.o)
                              .\CortexM3\ARM_GCC_541\Debug\main.o (ISR_DMA_Done_Start)
.\CortexM3\ARM_GCC_541\Debug\ADC_TO_FILTERBANK.a(VDAC8_1.o)
                              .\CortexM3\ARM_GCC_541\Debug\main.o (VDAC8_1_Start)
.\CortexM3\ARM_GCC_541\Debug\ADC_TO_FILTERBANK.a(Opamp_2.o)
                              .\CortexM3\ARM_GCC_541\Debug\main.o (Opamp_2_Start)
.\CortexM3\ARM_GCC_541\Debug\ADC_TO_FILTERBANK.a(ADC_DelSig_1_AMux.o)
                              .\CortexM3\ARM_GCC_541\Debug\ADC_TO_FILTERBANK.a(ADC_DelSig_1.o) (ADC_DelSig_1_AMux_Select)
.\CortexM3\ARM_GCC_541\Debug\ADC_TO_FILTERBANK.a(CyBootAsmGnu.o)
                              .\CortexM3\ARM_GCC_541\Debug\cyfitter_cfg.o (CyDelayCycles)
.\CortexM3\ARM_GCC_541\Debug\ADC_TO_FILTERBANK.a(CyFlash.o)
                              .\CortexM3\ARM_GCC_541\Debug\ADC_TO_FILTERBANK.a(cyPm.o) (CyFlash_SetWaitCycles)
.\CortexM3\ARM_GCC_541\Debug\ADC_TO_FILTERBANK.a(CySpc.o)
                              .\CortexM3\ARM_GCC_541\Debug\ADC_TO_FILTERBANK.a(CyFlash.o) (CySpcStart)
c:/program files (x86)/cypress/psoc creator/4.3/psoc creator/import/gnu/arm/5.4.1/bin/../lib/gcc/arm-none-eabi/5.4.1/armv7-m\libgcc.a(_arm_addsubdf3.o)
                              .\CortexM3\ARM_GCC_541\Debug\main.o (__aeabi_i2d)
c:/program files (x86)/cypress/psoc creator/4.3/psoc creator/import/gnu/arm/5.4.1/bin/../lib/gcc/arm-none-eabi/5.4.1/armv7-m\libgcc.a(_arm_cmpdf2.o)
                              .\CortexM3\ARM_GCC_541\Debug\main.o (__aeabi_dcmplt)
c:/program files (x86)/cypress/psoc creator/4.3/psoc creator/import/gnu/arm/5.4.1/bin/../lib/gcc/arm-none-eabi/5.4.1/armv7-m\libgcc.a(_arm_fixdfsi.o)
                              .\CortexM3\ARM_GCC_541\Debug\main.o (__aeabi_d2iz)
c:/program files (x86)/cypress/psoc creator/4.3/psoc creator/import/gnu/arm/5.4.1/bin/../lib/gcc/arm-none-eabi/5.4.1/armv7-m\libgcc.a(_arm_addsubsf3.o)
                              .\CortexM3\ARM_GCC_541\Debug\ADC_TO_FILTERBANK.a(ADC_DelSig_1.o) (__aeabi_ui2f)
c:/program files (x86)/cypress/psoc creator/4.3/psoc creator/import/gnu/arm/5.4.1/bin/../lib/gcc/arm-none-eabi/5.4.1/armv7-m\libgcc.a(_arm_muldivsf3.o)
                              .\CortexM3\ARM_GCC_541\Debug\ADC_TO_FILTERBANK.a(ADC_DelSig_1.o) (__aeabi_fmul)
c:/program files (x86)/cypress/psoc creator/4.3/psoc creator/import/gnu/arm/5.4.1/bin/../lib/gcc/arm-none-eabi/5.4.1/armv7-m\libgcc.a(_arm_fixunssfsi.o)
                              .\CortexM3\ARM_GCC_541\Debug\ADC_TO_FILTERBANK.a(ADC_DelSig_1.o) (__aeabi_f2uiz)
c:/program files (x86)/cypress/psoc creator/4.3/psoc creator/import/gnu/arm/5.4.1/bin/../lib/gcc/arm-none-eabi/5.4.1/../../../../arm-none-eabi/lib/armv7-m\libg_nano.a(lib_a-errno.o)
                              .\CortexM3\ARM_GCC_541\Debug\Cm3Start.o (__errno)
c:/program files (x86)/cypress/psoc creator/4.3/psoc creator/import/gnu/arm/5.4.1/bin/../lib/gcc/arm-none-eabi/5.4.1/../../../../arm-none-eabi/lib/armv7-m\libg_nano.a(lib_a-exit.o)
                              c:/program files (x86)/cypress/psoc creator/4.3/psoc creator/import/gnu/arm/5.4.1/bin/../lib/gcc/arm-none-eabi/5.4.1/../../../../arm-none-eabi/lib/armv7-m/crt0.o (exit)
[...]
Memory Configuration

Name             Origin             Length             Attributes
rom              0x00000000         0x00040000         xr
ram              0x1fff8000         0x00010000         xrw
*default*        0x00000000         0xffffffff

Linker script and memory map

LOAD c:/program files (x86)/cypress/psoc creator/4.3/psoc creator/import/gnu/arm/5.4.1/bin/../lib/gcc/arm-none-eabi/5.4.1/armv7-m/crti.o
LOAD c:/program files (x86)/cypress/psoc creator/4.3/psoc creator/import/gnu/arm/5.4.1/bin/../lib/gcc/arm-none-eabi/5.4.1/armv7-m/crtbegin.o
LOAD c:/program files (x86)/cypress/psoc creator/4.3/psoc creator/import/gnu/arm/5.4.1/bin/../lib/gcc/arm-none-eabi/5.4.1/../../../../arm-none-eabi/lib/armv7-m/crt0.o
START GROUP
LOAD .\CortexM3\ARM_GCC_541\Debug\main.o
LOAD .\CortexM3\ARM_GCC_541\Debug\fir_filter1.o
LOAD .\CortexM3\ARM_GCC_541\Debug\encoding.o
LOAD .\CortexM3\ARM_GCC_541\Debug\cyfitter_cfg.o
LOAD .\CortexM3\ARM_GCC_541\Debug\cymetadata.o
LOAD .\CortexM3\ARM_GCC_541\Debug\Cm3Start.o
LOAD .\CortexM3\ARM_GCC_541\Debug\ADC_TO_FILTERBANK.a
LOAD C:\Program Files (x86)\Cypress\PSoC Creator\4.3\PSoC Creator\psoc\content\cycomponentlibrary\CyComponentLibrary.cylib\CortexM3\ARM_GCC_541\Debug\CyComponentLibrary.a
END GROUP
START GROUP
LOAD c:/program files (x86)/cypress/psoc creator/4.3/psoc creator/import/gnu/arm/5.4.1/bin/../lib/gcc/arm-none-eabi/5.4.1/armv7-m\libgcc.a
LOAD c:/program files (x86)/cypress/psoc creator/4.3/psoc creator/import/gnu/arm/5.4.1/bin/../lib/gcc/arm-none-eabi/5.4.1/../../../../arm-none-eabi/lib/armv7-m\libg_nano.a
LOAD c:/program files (x86)/cypress/psoc creator/4.3/psoc creator/import/gnu/arm/5.4.1/bin/../lib/gcc/arm-none-eabi/5.4.1/../../../../arm-none-eabi/lib/armv7-m\libc_nano.a
END GROUP
START GROUP
LOAD c:/program files (x86)/cypress/psoc creator/4.3/psoc creator/import/gnu/arm/5.4.1/bin/../lib/gcc/arm-none-eabi/5.4.1/armv7-m\libgcc.a
LOAD c:/program files (x86)/cypress/psoc creator/4.3/psoc creator/import/gnu/arm/5.4.1/bin/../lib/gcc/arm-none-eabi/5.4.1/../../../../arm-none-eabi/lib/armv7-m\libc_nano.a
END GROUP
LOAD c:/program files (x86)/cypress/psoc creator/4.3/psoc creator/import/gnu/arm/5.4.1/bin/../lib/gcc/arm-none-eabi/5.4.1/armv7-m/crtend.o
LOAD c:/program files (x86)/cypress/psoc creator/4.3/psoc creator/import/gnu/arm/5.4.1/bin/../lib/gcc/arm-none-eabi/5.4.1/armv7-m/crtn.o
START GROUP
LOAD c:/program files (x86)/cypress/psoc creator/4.3/psoc creator/import/gnu/arm/5.4.1/bin/../lib/gcc/arm-none-eabi/5.4.1/armv7-m\libgcc.a
LOAD c:/program files (x86)/cypress/psoc creator/4.3/psoc creator/import/gnu/arm/5.4.1/bin/../lib/gcc/arm-none-eabi/5.4.1/../../../../arm-none-eabi/lib/armv7-m\libc.a
LOAD c:/program files (x86)/cypress/psoc creator/4.3/psoc creator/import/gnu/arm/5.4.1/bin/../lib/gcc/arm-none-eabi/5.4.1/../../../../arm-none-eabi/lib/armv7-m\libnosys.a
END GROUP
                0x00000000                CY_APPL_ORIGIN = 0x0
                0x00000100                CY_FLASH_ROW_SIZE = 0x100
                0x00000020                CY_ECC_ROW_SIZE = 0x20
                0x00000000                CY_EE_IN_BTLDR = 0x0
                0x00000000                CY_APPL_LOADABLE = 0x0
                0x00000800                CY_EE_SIZE = 0x800
                0x00000001                CY_APPL_NUM = 0x1
                0x00000001                CY_APPL_MAX = 0x1
                0x00000040                CY_METADATA_SIZE = 0x40
                0x00000000                CY_APPL_LOADABLE = 0x0
                0x00000000                CY_CHECKSUM_EXCLUDE_SIZE = ALIGN (0x0, CY_FLASH_ROW_SIZE)
                [!provide]                PROVIDE (__cy_heap_start, _end)
                0x00000001                PROVIDE (__cy_region_num, ((__cy_regions_end - __cy_regions) / 0x10))
                0x20008000                PROVIDE (__cy_stack, (ORIGIN (ram) + LENGTH (ram)))
                [!provide]                PROVIDE (__cy_heap_end, (__cy_stack - 0x800))

.cybootloader   0x00000000        0x0
 *(.cybootloader)
                0x00000000                appl1_start = CY_APPL_ORIGIN?CY_APPL_ORIGIN:ALIGN (CY_FLASH_ROW_SIZE)
                0x0001ff00                appl2_start = (appl1_start + ALIGN ((((LENGTH (rom) - appl1_start) - (0x2 * CY_FLASH_ROW_SIZE)) / 0x2), CY_FLASH_ROW_SIZE))
                0x00000000                appl_start = (CY_APPL_NUM == 0x1)?appl1_start:appl2_start
                0x00000000                ecc_offset = ((appl_start / CY_FLASH_ROW_SIZE) * CY_ECC_ROW_SIZE)
                0x00000000                ee_offset = (CY_APPL_LOADABLE && ! (CY_EE_IN_BTLDR))?((CY_EE_SIZE / CY_APPL_MAX) * (CY_APPL_NUM - 0x1)):0x0
                0x00000800                ee_size = (CY_APPL_LOADABLE && ! (CY_EE_IN_BTLDR))?(CY_EE_SIZE / CY_APPL_MAX):CY_EE_SIZE
                [!provide]                PROVIDE (CY_ECC_OFFSET, ecc_offset)

.text           0x00000000     0x1246
 CREATE_OBJECT_SYMBOLS
                0x00000000                PROVIDE (__cy_interrupt_vector, RomVectors)
 *(.romvectors)
 .romvectors    0x00000000       0x10 .\CortexM3\ARM_GCC_541\Debug\Cm3Start.o
                0x00000000                RomVectors
                0x00000001                ASSERT ((. != __cy_interrupt_vector), No interrupt vector)
                0x00000001                ASSERT (CY_APPL_ORIGIN?(SIZEOF (.cybootloader) <= CY_APPL_ORIGIN):0x1, Wrong image location)
                0x00000010                PROVIDE (__cy_reset, Reset)
 *(.text.Reset)
 .text.Reset    0x00000010       0x18 .\CortexM3\ARM_GCC_541\Debug\Cm3Start.o
                0x00000010                Reset
                0x00000001                ASSERT ((. != __cy_reset), No reset code)
 *(.dma_init)
                0x00000001                ASSERT ((((appl_start + .) <= 0x10000) || 0x1), DMA Init must be within the first 64k of flash)
 *(.text .text.* .gnu.linkonce.t.*)
 .text          0x00000028       0x5c c:/program files (x86)/cypress/psoc creator/4.3/psoc creator/import/gnu/arm/5.4.1/bin/../lib/gcc/arm-none-eabi/5.4.1/armv7-m/crtbegin.o
 .text.Init     0x00000084       0x74 .\CortexM3\ARM_GCC_541\Debug\main.o
                0x00000084                Init
 .text.main     0x000000f8        0x8 .\CortexM3\ARM_GCC_541\Debug\main.o
                0x000000f8                main
 .text.CyClockStartupError
                0x00000100        0x4 .\CortexM3\ARM_GCC_541\Debug\cyfitter_cfg.o
 .text.cfg_write_bytes32
                0x00000104       0x34 .\CortexM3\ARM_GCC_541\Debug\cyfitter_cfg.o
 .text.AnalogSetDefault
                0x00000138       0x58 .\CortexM3\ARM_GCC_541\Debug\cyfitter_cfg.o
 .text.CYMEMZERO
                0x00000190        0xc .\CortexM3\ARM_GCC_541\Debug\cyfitter_cfg.o
 .text.CYCONFIGCPY
                0x0000019c        0x8 .\CortexM3\ARM_GCC_541\Debug\cyfitter_cfg.o
 .text.ClockSetup
                0x000001a4       0xe4 .\CortexM3\ARM_GCC_541\Debug\cyfitter_cfg.o
 .text.ADC_DelSig_1_AMux_Set
                0x00000288       0x1c .\CortexM3\ARM_GCC_541\Debug\cyfitter_cfg.o
                0x00000288                ADC_DelSig_1_AMux_Set
 .text.ADC_DelSig_1_AMux_Unset
                0x000002a4       0x1c .\CortexM3\ARM_GCC_541\Debug\cyfitter_cfg.o
                0x000002a4                ADC_DelSig_1_AMux_Unset
 .text.cyfitter_cfg
                0x000002c0      0x108 .\CortexM3\ARM_GCC_541\Debug\cyfitter_cfg.o
                0x000002c0                cyfitter_cfg
 .text.IntDefaultHandler
                0x000003c8       0x10 .\CortexM3\ARM_GCC_541\Debug\Cm3Start.o
                0x000003c8                IntDefaultHandler
 .text.Start_c  0x000003d8       0x4c .\CortexM3\ARM_GCC_541\Debug\Cm3Start.o
                0x000003d8                Start_c
 .text.initialize_psoc
                0x00000424       0x6c .\CortexM3\ARM_GCC_541\Debug\Cm3Start.o
                0x00000424                initialize_psoc
 .text.ADC_DelSig_1_GainCompensation
                0x00000490       0xe0 .\CortexM3\ARM_GCC_541\Debug\ADC_TO_FILTERBANK.a(ADC_DelSig_1.o)
 .text.ADC_DelSig_1_SetDSMRef0Reg
                0x00000570       0x4c .\CortexM3\ARM_GCC_541\Debug\ADC_TO_FILTERBANK.a(ADC_DelSig_1.o)
 .text.ADC_DelSig_1_InitConfig
                0x000005bc      0x32c .\CortexM3\ARM_GCC_541\Debug\ADC_TO_FILTERBANK.a(ADC_DelSig_1.o)
 .text.ADC_DelSig_1_Init
                0x000008e8      0x108 .\CortexM3\ARM_GCC_541\Debug\ADC_TO_FILTERBANK.a(ADC_DelSig_1.o)
                0x000008e8                ADC_DelSig_1_Init
 .text.ADC_DelSig_1_Enable
                0x000009f0       0xd8 .\CortexM3\ARM_GCC_541\Debug\ADC_TO_FILTERBANK.a(ADC_DelSig_1.o)
                0x000009f0                ADC_DelSig_1_Enable
 .text.ADC_DelSig_1_Start
                0x00000ac8       0x28 .\CortexM3\ARM_GCC_541\Debug\ADC_TO_FILTERBANK.a(ADC_DelSig_1.o)
                0x00000ac8                ADC_DelSig_1_Start
 .text.ADC_DelSig_1_StartConvert
                0x00000af0       0x10 .\CortexM3\ARM_GCC_541\Debug\ADC_TO_FILTERBANK.a(ADC_DelSig_1.o)
                0x00000af0                ADC_DelSig_1_StartConvert
 .text.ADC_DelSig_1_ISR1
                0x00000b00        0x4 .\CortexM3\ARM_GCC_541\Debug\ADC_TO_FILTERBANK.a(ADC_DelSig_1_INT.o)
                0x00000b00                ADC_DelSig_1_ISR1
 .text.ADC_DelSig_1_ISR2
                0x00000b04        0x4 .\CortexM3\ARM_GCC_541\Debug\ADC_TO_FILTERBANK.a(ADC_DelSig_1_INT.o)
                0x00000b04                ADC_DelSig_1_ISR2
 .text.ADC_DelSig_1_ISR3
                0x00000b08        0x4 .\CortexM3\ARM_GCC_541\Debug\ADC_TO_FILTERBANK.a(ADC_DelSig_1_INT.o)
                0x00000b08                ADC_DelSig_1_ISR3
 .text.ADC_DelSig_1_ISR4
                0x00000b0c        0x4 .\CortexM3\ARM_GCC_541\Debug\ADC_TO_FILTERBANK.a(ADC_DelSig_1_INT.o)
                0x00000b0c                ADC_DelSig_1_ISR4
 .text.Opamp_1_Enable
                0x00000b10       0x28 .\CortexM3\ARM_GCC_541\Debug\ADC_TO_FILTERBANK.a(Opamp_1.o)
                0x00000b10                Opamp_1_Enable
 .text.Opamp_1_SetPower
                0x00000b38       0x1c .\CortexM3\ARM_GCC_541\Debug\ADC_TO_FILTERBANK.a(Opamp_1.o)
                0x00000b38                Opamp_1_SetPower
 .text.Opamp_1_Init
                0x00000b54        0xc .\CortexM3\ARM_GCC_541\Debug\ADC_TO_FILTERBANK.a(Opamp_1.o)
                0x00000b54                Opamp_1_Init
 .text.Opamp_1_Start
                0x00000b60       0x1c .\CortexM3\ARM_GCC_541\Debug\ADC_TO_FILTERBANK.a(Opamp_1.o)
                0x00000b60                Opamp_1_Start
 .text.DMA_1_DmaInitialize
                0x00000b7c       0x3c .\CortexM3\ARM_GCC_541\Debug\ADC_TO_FILTERBANK.a(DMA_1_dma.o)
                0x00000b7c                DMA_1_DmaInitialize
 .text.ADC_DelSig_1_Ext_CP_Clk_GetDividerRegister
                0x00000bb8        0xc .\CortexM3\ARM_GCC_541\Debug\ADC_TO_FILTERBANK.a(ADC_DelSig_1_Ext_CP_Clk.o)
                0x00000bb8                ADC_DelSig_1_Ext_CP_Clk_GetDividerRegister
 .text.ADC_DelSig_1_Ext_CP_Clk_SetModeRegister
                0x00000bc4       0x14 .\CortexM3\ARM_GCC_541\Debug\ADC_TO_FILTERBANK.a(ADC_DelSig_1_Ext_CP_Clk.o)
                0x00000bc4                ADC_DelSig_1_Ext_CP_Clk_SetModeRegister
 .text.ADC_DelSig_1_Ext_CP_Clk_GetSourceRegister
                0x00000bd8       0x10 .\CortexM3\ARM_GCC_541\Debug\ADC_TO_FILTERBANK.a(ADC_DelSig_1_Ext_CP_Clk.o)
                0x00000bd8                ADC_DelSig_1_Ext_CP_Clk_GetSourceRegister
 .text.ADC_DelSig_1_Ext_CP_Clk_SetDividerRegister
                0x00000be8       0xd8 .\CortexM3\ARM_GCC_541\Debug\ADC_TO_FILTERBANK.a(ADC_DelSig_1_Ext_CP_Clk.o)
                0x00000be8                ADC_DelSig_1_Ext_CP_Clk_SetDividerRegister
 .text.ADC_DelSig_1_IRQ_Disable
                0x00000cc0       0x10 .\CortexM3\ARM_GCC_541\Debug\ADC_TO_FILTERBANK.a(ADC_DelSig_1_IRQ.o)
                0x00000cc0                ADC_DelSig_1_IRQ_Disable
 .text.ADC_DelSig_1_theACLK_GetDividerRegister
                0x00000cd0        0xc .\CortexM3\ARM_GCC_541\Debug\ADC_TO_FILTERBANK.a(ADC_DelSig_1_theACLK.o)
                0x00000cd0                ADC_DelSig_1_theACLK_GetDividerRegister
 .text.ADC_DelSig_1_theACLK_SetModeRegister
                0x00000cdc       0x14 .\CortexM3\ARM_GCC_541\Debug\ADC_TO_FILTERBANK.a(ADC_DelSig_1_theACLK.o)
                0x00000cdc                ADC_DelSig_1_theACLK_SetModeRegister
 .text.ADC_DelSig_1_theACLK_GetSourceRegister
                0x00000cf0       0x10 .\CortexM3\ARM_GCC_541\Debug\ADC_TO_FILTERBANK.a(ADC_DelSig_1_theACLK.o)
                0x00000cf0                ADC_DelSig_1_theACLK_GetSourceRegister
 .text.ADC_DelSig_1_theACLK_SetDividerRegister
                0x00000d00       0xd8 .\CortexM3\ARM_GCC_541\Debug\ADC_TO_FILTERBANK.a(ADC_DelSig_1_theACLK.o)
                0x00000d00                ADC_DelSig_1_theACLK_SetDividerRegister
 .text.CyDmacConfigure
                0x00000dd8       0x34 .\CortexM3\ARM_GCC_541\Debug\ADC_TO_FILTERBANK.a(CyDmac.o)
                0x00000dd8                CyDmacConfigure
 .text.CyDmaChEnable
                0x00000e0c       0x38 .\CortexM3\ARM_GCC_541\Debug\ADC_TO_FILTERBANK.a(CyDmac.o)
                0x00000e0c                CyDmaChEnable
 .text.CyDmaChPriority
                0x00000e44       0x24 .\CortexM3\ARM_GCC_541\Debug\ADC_TO_FILTERBANK.a(CyDmac.o)
                0x00000e44                CyDmaChPriority
 .text.CyDmaChSetExtendedAddress
                0x00000e68       0x34 .\CortexM3\ARM_GCC_541\Debug\ADC_TO_FILTERBANK.a(CyDmac.o)
                0x00000e68                CyDmaChSetExtendedAddress
 .text.CyDmaChSetInitialTd
                0x00000e9c       0x18 .\CortexM3\ARM_GCC_541\Debug\ADC_TO_FILTERBANK.a(CyDmac.o)
                0x00000e9c                CyDmaChSetInitialTd
 .text.CyDmaChSetConfiguration
                0x00000eb4       0x44 .\CortexM3\ARM_GCC_541\Debug\ADC_TO_FILTERBANK.a(CyDmac.o)
                0x00000eb4                CyDmaChSetConfiguration
 .text.CyDmaTdAllocate
                0x00000ef8       0x34 .\CortexM3\ARM_GCC_541\Debug\ADC_TO_FILTERBANK.a(CyDmac.o)
                0x00000ef8                CyDmaTdAllocate
 .text.CyDmaTdSetConfiguration
                0x00000f2c       0x28 .\CortexM3\ARM_GCC_541\Debug\ADC_TO_FILTERBANK.a(CyDmac.o)
                0x00000f2c                CyDmaTdSetConfiguration
 .text.CyDmaTdSetAddress
                0x00000f54       0x1c .\CortexM3\ARM_GCC_541\Debug\ADC_TO_FILTERBANK.a(CyDmac.o)
                0x00000f54                CyDmaTdSetAddress
 .text.CyHalt   0x00000f70        0x4 .\CortexM3\ARM_GCC_541\Debug\ADC_TO_FILTERBANK.a(CyLib.o)
                0x00000f70                CyHalt
 .text.CyDelayUs
                0x00000f74       0x14 .\CortexM3\ARM_GCC_541\Debug\ADC_TO_FILTERBANK.a(CyLib.o)
                0x00000f74                CyDelayUs
 .text.CyIntSetVector
                0x00000f88       0x28 .\CortexM3\ARM_GCC_541\Debug\ADC_TO_FILTERBANK.a(CyLib.o)
                0x00000f88                CyIntSetVector
 .text.CyIntSetPriority
                0x00000fb0       0x30 .\CortexM3\ARM_GCC_541\Debug\ADC_TO_FILTERBANK.a(CyLib.o)
                0x00000fb0                CyIntSetPriority
 .text.ISR_DMA_Done_Interrupt
                0x00000fe0        0x4 .\CortexM3\ARM_GCC_541\Debug\ADC_TO_FILTERBANK.a(ISR_DMA_Done.o)
                0x00000fe0                ISR_DMA_Done_Interrupt
 .text.ISR_DMA_Done_SetVector
                0x00000fe4        0xc .\CortexM3\ARM_GCC_541\Debug\ADC_TO_FILTERBANK.a(ISR_DMA_Done.o)
                0x00000fe4                ISR_DMA_Done_SetVector
 .text.ISR_DMA_Done_SetPriority
                0x00000ff0       0x10 .\CortexM3\ARM_GCC_541\Debug\ADC_TO_FILTERBANK.a(ISR_DMA_Done.o)
                0x00000ff0                ISR_DMA_Done_SetPriority
 .text.ISR_DMA_Done_Enable
                0x00001000        0xc .\CortexM3\ARM_GCC_541\Debug\ADC_TO_FILTERBANK.a(ISR_DMA_Done.o)
                0x00001000                ISR_DMA_Done_Enable
 .text.ISR_DMA_Done_Disable
                0x0000100c        0xc .\CortexM3\ARM_GCC_541\Debug\ADC_TO_FILTERBANK.a(ISR_DMA_Done.o)
                0x0000100c                ISR_DMA_Done_Disable
 .text.ISR_DMA_Done_Start
                0x00001018       0x1c .\CortexM3\ARM_GCC_541\Debug\ADC_TO_FILTERBANK.a(ISR_DMA_Done.o)
                0x00001018                ISR_DMA_Done_Start
 .text.VDAC8_1_Enable
                0x00001034       0x1c .\CortexM3\ARM_GCC_541\Debug\ADC_TO_FILTERBANK.a(VDAC8_1.o)
                0x00001034                VDAC8_1_Enable
 .text.VDAC8_1_SetSpeed
                0x00001050       0x1c .\CortexM3\ARM_GCC_541\Debug\ADC_TO_FILTERBANK.a(VDAC8_1.o)
                0x00001050                VDAC8_1_SetSpeed
 .text.VDAC8_1_SetValue
                0x0000106c        0xc .\CortexM3\ARM_GCC_541\Debug\ADC_TO_FILTERBANK.a(VDAC8_1.o)
                0x0000106c                VDAC8_1_SetValue
 .text.VDAC8_1_DacTrim
                0x00001078       0x24 .\CortexM3\ARM_GCC_541\Debug\ADC_TO_FILTERBANK.a(VDAC8_1.o)
                0x00001078                VDAC8_1_DacTrim
 .text.VDAC8_1_SetRange
                0x0000109c       0x20 .\CortexM3\ARM_GCC_541\Debug\ADC_TO_FILTERBANK.a(VDAC8_1.o)
                0x0000109c                VDAC8_1_SetRange
 .text.VDAC8_1_Init
                0x000010bc       0x20 .\CortexM3\ARM_GCC_541\Debug\ADC_TO_FILTERBANK.a(VDAC8_1.o)
                0x000010bc                VDAC8_1_Init
 .text.VDAC8_1_Start
                0x000010dc       0x24 .\CortexM3\ARM_GCC_541\Debug\ADC_TO_FILTERBANK.a(VDAC8_1.o)
                0x000010dc                VDAC8_1_Start
 .text.Opamp_2_Enable
                0x00001100       0x28 .\CortexM3\ARM_GCC_541\Debug\ADC_TO_FILTERBANK.a(Opamp_2.o)
                0x00001100                Opamp_2_Enable
 .text.Opamp_2_SetPower
                0x00001128       0x1c .\CortexM3\ARM_GCC_541\Debug\ADC_TO_FILTERBANK.a(Opamp_2.o)
                0x00001128                Opamp_2_SetPower
 .text.Opamp_2_Init
                0x00001144        0xc .\CortexM3\ARM_GCC_541\Debug\ADC_TO_FILTERBANK.a(Opamp_2.o)
                0x00001144                Opamp_2_Init
 .text.Opamp_2_Start
                0x00001150       0x1c .\CortexM3\ARM_GCC_541\Debug\ADC_TO_FILTERBANK.a(Opamp_2.o)
                0x00001150                Opamp_2_Start
 .text.ADC_DelSig_1_AMux_Start
                0x0000116c       0x20 .\CortexM3\ARM_GCC_541\Debug\ADC_TO_FILTERBANK.a(ADC_DelSig_1_AMux.o)
                0x0000116c                ADC_DelSig_1_AMux_Start
 .text.ADC_DelSig_1_AMux_Select
                0x0000118c       0x18 .\CortexM3\ARM_GCC_541\Debug\ADC_TO_FILTERBANK.a(ADC_DelSig_1_AMux.o)
                0x0000118c                ADC_DelSig_1_AMux_Select
 *fill*         0x000011a4        0x4 
 .text          0x000011a8       0x20 .\CortexM3\ARM_GCC_541\Debug\ADC_TO_FILTERBANK.a(CyBootAsmGnu.o)
                0x000011a8                CyDelayCycles
                0x000011b8                CyEnterCriticalSection
                0x000011c0                CyExitCriticalSection
 .text.__errno  0x000011c8        0xc c:/program files (x86)/cypress/psoc creator/4.3/psoc creator/import/gnu/arm/5.4.1/bin/../lib/gcc/arm-none-eabi/5.4.1/../../../../arm-none-eabi/lib/armv7-m\libg_nano.a(lib_a-errno.o)
                0x000011c8                __errno
 .text.__libc_init_array
                0x000011d4       0x4c c:/program files (x86)/cypress/psoc creator/4.3/psoc creator/import/gnu/arm/5.4.1/bin/../lib/gcc/arm-none-eabi/5.4.1/../../../../arm-none-eabi/lib/armv7-m\libg_nano.a(lib_a-init.o)
                0x000011d4                __libc_init_array
 .text.memcpy   0x00001220       0x16 c:/program files (x86)/cypress/psoc creator/4.3/psoc creator/import/gnu/arm/5.4.1/bin/../lib/gcc/arm-none-eabi/5.4.1/../../../../arm-none-eabi/lib/armv7-m\libg_nano.a(lib_a-memcpy-stub.o)
                0x00001220                memcpy
 .text.memset   0x00001236       0x10 c:/program files (x86)/cypress/psoc creator/4.3/psoc creator/import/gnu/arm/5.4.1/bin/../lib/gcc/arm-none-eabi/5.4.1/../../../../arm-none-eabi/lib/armv7-m\libg_nano.a(lib_a-memset.o)
                0x00001236                memset
 *(.plt)
 *(.gnu.warning)
 *(.glue_7t)
 .glue_7t       0x00001246        0x0 linker stubs
 *(.glue_7)
 .glue_7        0x00001246        0x0 linker stubs
 *(.vfp11_veneer)
 .vfp11_veneer  0x00001246        0x0 linker stubs
 *(.bootloader)
 *(.ARM.extab* .gnu.linkonce.armextab.*)
 *(.gcc_except_table)

.v4_bx          0x00001248        0x0
 .v4_bx         0x00001248        0x0 linker stubs

.iplt           0x00001248        0x0
 .iplt          0x00001248        0x0 c:/program files (x86)/cypress/psoc creator/4.3/psoc creator/import/gnu/arm/5.4.1/bin/../lib/gcc/arm-none-eabi/5.4.1/armv7-m/crtbegin.o

.eh_frame_hdr
 *(.eh_frame_hdr)

.eh_frame       0x00001248        0x4
 *(.eh_frame)
 .eh_frame      0x00001248        0x0 c:/program files (x86)/cypress/psoc creator/4.3/psoc creator/import/gnu/arm/5.4.1/bin/../lib/gcc/arm-none-eabi/5.4.1/armv7-m/crtbegin.o
 .eh_frame      0x00001248        0x4 c:/program files (x86)/cypress/psoc creator/4.3/psoc creator/import/gnu/arm/5.4.1/bin/../lib/gcc/arm-none-eabi/5.4.1/armv7-m/crtend.o
                [!provide]                PROVIDE (__exidx_start, .)

.ARM.exidx
 *(.ARM.exidx* .gnu.linkonce.armexidx.*)
                0x0000124c                __exidx_end = .

.rodata         0x0000124c       0x7c
 *(.rodata .rodata.* .gnu.linkonce.r.*)
 .rodata        0x0000124c       0x42 .\CortexM3\ARM_GCC_541\Debug\cyfitter_cfg.o
                0x0000124c                ADC_DelSig_1_AMux__addrTable
                0x00001254                ADC_DelSig_1_AMux__maskTable
 .rodata.str1.1
                0x0000128e        0x2 c:/program files (x86)/cypress/psoc creator/4.3/psoc creator/import/gnu/arm/5.4.1/bin/../lib/gcc/arm-none-eabi/5.4.1/../../../../arm-none-eabi/lib/armv7-m\libg_nano.a(lib_a-impure.o)
                0x00001290                . = ALIGN (0x4)
 *(.init)
 .init          0x00001290        0x4 c:/program files (x86)/cypress/psoc creator/4.3/psoc creator/import/gnu/arm/5.4.1/bin/../lib/gcc/arm-none-eabi/5.4.1/armv7-m/crti.o
                0x00001290                _init
 .init          0x00001294        0x8 c:/program files (x86)/cypress/psoc creator/4.3/psoc creator/import/gnu/arm/5.4.1/bin/../lib/gcc/arm-none-eabi/5.4.1/armv7-m/crtn.o
                0x0000129c                . = ALIGN (0x4)
                0x0000129c                __preinit_array_start = .
 *(.preinit_array)
                0x0000129c                __preinit_array_end = .
                0x0000129c                . = ALIGN (0x4)
                0x0000129c                __init_array_start = .
 *(SORT(.init_array.*))
 *(.init_array)
 .init_array    0x0000129c        0x4 c:/program files (x86)/cypress/psoc creator/4.3/psoc creator/import/gnu/arm/5.4.1/bin/../lib/gcc/arm-none-eabi/5.4.1/armv7-m/crtbegin.o
 .init_array    0x000012a0        0x4 .\CortexM3\ARM_GCC_541\Debug\Cm3Start.o
                0x000012a4                __init_array_end = .
                0x000012a4                . = ALIGN (0x4)
 *(.fini)
 .fini          0x000012a4        0x4 c:/program files (x86)/cypress/psoc creator/4.3/psoc creator/import/gnu/arm/5.4.1/bin/../lib/gcc/arm-none-eabi/5.4.1/armv7-m/crti.o
                0x000012a4                _fini
 .fini          0x000012a8        0x8 c:/program files (x86)/cypress/psoc creator/4.3/psoc creator/import/gnu/arm/5.4.1/bin/../lib/gcc/arm-none-eabi/5.4.1/armv7-m/crtn.o
                0x000012b0                . = ALIGN (0x4)
                0x000012b0                __fini_array_start = .
 *(.fini_array)
 .fini_array    0x000012b0        0x4 c:/program files (x86)/cypress/psoc creator/4.3/psoc creator/import/gnu/arm/5.4.1/bin/../lib/gcc/arm-none-eabi/5.4.1/armv7-m/crtbegin.o
 *(SORT(.fini_array.*))
                0x000012b4                __fini_array_end = .
                0x000012b4                . = ALIGN (0x4)
 *crtbegin.o(.ctors)
 *(EXCLUDE_FILE(*crtend.o) .ctors)
 *(SORT(.ctors.*))
 *crtend.o(.ctors)
                0x000012b4                . = ALIGN (0x4)
 *crtbegin.o(.dtors)
 *(EXCLUDE_FILE(*crtend.o) .dtors)
 *(SORT(.dtors.*))
 *crtend.o(.dtors)
                0x000012b4                . = ALIGN (0x4)
                0x000012b4                __cy_regions = .
                0x000012b4        0x4 LONG 0x12c8 __cy_region_init_ram
                0x000012b8        0x4 LONG 0x1fff80c8 __cy_region_start_data
                0x000012bc        0x4 LONG 0x88 __cy_region_init_size_ram
                0x000012c0        0x4 LONG 0xe0 __cy_region_zero_size_ram
                0x000012c4                __cy_regions_end = .
                0x000012c8                . = ALIGN (0x8)
 *fill*         0x000012c4        0x4 
                0x000012c8                _etext = .

.cy_checksum_exclude
                0x000012c8        0x0
 *(.cy_checksum_exclude)

.ramvectors     0x1fff8000       0xc0
                0x1fff8000                __cy_region_start_ram = .
 *(.ramvectors)
 .ramvectors    0x1fff8000       0xc0 .\CortexM3\ARM_GCC_541\Debug\Cm3Start.o
                0x1fff8000                CyRamVectors

.noinit         0x1fff80c0        0x1
 *(.noinit)
 .noinit        0x1fff80c0        0x1 .\CortexM3\ARM_GCC_541\Debug\ADC_TO_FILTERBANK.a(CyLib.o)
                0x1fff80c0                CyResetStatus

.data           0x1fff80c8       0x88 load address 0x000012c8
                0x1fff80c8                __cy_region_start_data = .
 *(.jcr)
 .jcr           0x1fff80c8        0x0 c:/program files (x86)/cypress/psoc creator/4.3/psoc creator/import/gnu/arm/5.4.1/bin/../lib/gcc/arm-none-eabi/5.4.1/armv7-m/crtbegin.o
 .jcr           0x1fff80c8        0x4 c:/program files (x86)/cypress/psoc creator/4.3/psoc creator/import/gnu/arm/5.4.1/bin/../lib/gcc/arm-none-eabi/5.4.1/armv7-m/crtend.o
 *(.got.plt)
 *(.got)
 *(.shdata)
 *(.data .data.* .gnu.linkonce.d.*)
 .data          0x1fff80cc        0x1 .\CortexM3\ARM_GCC_541\Debug\ADC_TO_FILTERBANK.a(ADC_DelSig_1.o)
                0x1fff80cc                ADC_DelSig_1_Config
 .data          0x1fff80cd        0x1 .\CortexM3\ARM_GCC_541\Debug\ADC_TO_FILTERBANK.a(DMA_1_dma.o)
                0x1fff80cd                DMA_1_DmaHandle
 *fill*         0x1fff80ce        0x2 
 .data          0x1fff80d0        0x8 .\CortexM3\ARM_GCC_541\Debug\ADC_TO_FILTERBANK.a(CyDmac.o)
 .data          0x1fff80d8       0x10 .\CortexM3\ARM_GCC_541\Debug\ADC_TO_FILTERBANK.a(CyLib.o)
                0x1fff80d8                cydelay_32k_ms
                0x1fff80dc                cydelay_freq_khz
                0x1fff80e0                cydelay_freq_mhz
                0x1fff80e4                cydelay_freq_hz
 .data          0x1fff80e8        0x1 .\CortexM3\ARM_GCC_541\Debug\ADC_TO_FILTERBANK.a(ADC_DelSig_1_AMux.o)
 *fill*         0x1fff80e9        0x3 
 .data.impure_data
                0x1fff80ec       0x60 c:/program files (x86)/cypress/psoc creator/4.3/psoc creator/import/gnu/arm/5.4.1/bin/../lib/gcc/arm-none-eabi/5.4.1/../../../../arm-none-eabi/lib/armv7-m\libg_nano.a(lib_a-impure.o)
 .data._impure_ptr
                0x1fff814c        0x4 c:/program files (x86)/cypress/psoc creator/4.3/psoc creator/import/gnu/arm/5.4.1/bin/../lib/gcc/arm-none-eabi/5.4.1/../../../../arm-none-eabi/lib/armv7-m\libg_nano.a(lib_a-impure.o)
                0x1fff814c                _impure_ptr
                0x1fff8150                . = ALIGN (0x8)
 *(.ram)
                0x1fff8150                _edata = .

.igot.plt       0x1fff8150        0x0 load address 0x00001350
 .igot.plt      0x1fff8150        0x0 c:/program files (x86)/cypress/psoc creator/4.3/psoc creator/import/gnu/arm/5.4.1/bin/../lib/gcc/arm-none-eabi/5.4.1/armv7-m/crtbegin.o

.bss            0x1fff8150       0xe0 load address 0x00001350
                0x1fff8150                PROVIDE (__bss_start__, .)
 *(.shbss)
 *(.bss .bss.* .gnu.linkonce.b.*)
 .bss           0x1fff8150       0x1c c:/program files (x86)/cypress/psoc creator/4.3/psoc creator/import/gnu/arm/5.4.1/bin/../lib/gcc/arm-none-eabi/5.4.1/armv7-m/crtbegin.o
 .bss           0x1fff816c       0xa0 .\CortexM3\ARM_GCC_541\Debug\main.o
 .bss           0x1fff820c       0x18 .\CortexM3\ARM_GCC_541\Debug\ADC_TO_FILTERBANK.a(ADC_DelSig_1.o)
                0x1fff821c                ADC_DelSig_1_stopConversion
                0x1fff821d                ADC_DelSig_1_convDone
                0x1fff821e                ADC_DelSig_1_initVar
                0x1fff821f                ADC_DelSig_1_started
                0x1fff8220                ADC_DelSig_1_Offset
 .bss           0x1fff8224        0x1 .\CortexM3\ARM_GCC_541\Debug\ADC_TO_FILTERBANK.a(Opamp_1.o)
                0x1fff8224                Opamp_1_initVar
 .bss           0x1fff8225        0x1 .\CortexM3\ARM_GCC_541\Debug\ADC_TO_FILTERBANK.a(VDAC8_1.o)
                0x1fff8225                VDAC8_1_initVar
 .bss           0x1fff8226        0x1 .\CortexM3\ARM_GCC_541\Debug\ADC_TO_FILTERBANK.a(Opamp_2.o)
                0x1fff8226                Opamp_2_initVar
 *(COMMON)
 *fill*         0x1fff8227        0x1 
 COMMON         0x1fff8228        0x2 .\CortexM3\ARM_GCC_541\Debug\main.o
                0x1fff8228                DMA_TD
                0x1fff8229                DMA_Chan
 *fill*         0x1fff822a        0x2 
 COMMON         0x1fff822c        0x4 .\CortexM3\ARM_GCC_541\Debug\ADC_TO_FILTERBANK.a(ADC_DelSig_1.o)
                0x1fff822c                ADC_DelSig_1_CountsPerVolt
                0x1fff8230                . = ALIGN (0x8)
 *(.ram.b)
                0x1fff8230                _end = .
                0x1fff8230                __end = .
                0x1fff8230                PROVIDE (end, .)
                0x1fff8230                PROVIDE (__bss_end__, .)
                0x000012c8                __cy_region_init_ram = LOADADDR (.data)
                0x00000088                __cy_region_init_size_ram = (_edata - ADDR (.data))
                0x000000e0                __cy_region_zero_size_ram = (_end - _edata)

.heap           0x1fff8230       0x80 load address 0x00001350
                0x1fff8230                . = _end
                0x1fff82b0                . = (. + 0x80)
 *fill*         0x1fff8230       0x80 
                0x1fff82b0                __cy_heap_limit = .

.stack          0x20007800      0x800
                0x20007800                __cy_stack_limit = .
                0x20008000                . = (. + 0x800)
 *fill*         0x20007800      0x800 
                0x00000001                ASSERT ((__cy_stack_limit >= __cy_heap_limit), region RAM overflowed with stack)
                0x00000000                cy_checksum_exclude_size = (CY_APPL_LOADABLE == 0x1)?SIZEOF (.cy_checksum_exclude):0x0
                0x00000001                ASSERT ((cy_checksum_exclude_size <= CY_CHECKSUM_EXCLUDE_SIZE), CY_BOOT: Section .cy_checksum_exclude size exceedes specified limit.)

.cyloadermeta
 *(.cyloadermeta)

.cyloadablemeta
 *(.cyloadablemeta)

.cyconfigecc    0x80000000       0xa4
 *(.cyconfigecc)
 .cyconfigecc   0x80000000       0xa4 .\CortexM3\ARM_GCC_541\Debug\cymetadata.o
                0x80000000                cy_meta_configecc

.cycustnvl      0x90000000        0x4
 *(.cycustnvl)
 .cycustnvl     0x90000000        0x4 .\CortexM3\ARM_GCC_541\Debug\cymetadata.o
                0x90000000                cy_meta_custnvl

.cywolatch      0x90100000        0x4
 *(.cywolatch)
 .cywolatch     0x90100000        0x4 .\CortexM3\ARM_GCC_541\Debug\cymetadata.o
                0x90100000                cy_meta_wonvl

.cyeeprom       0x90200000        0x0
 *(.cyeeprom)
                0x00000001                ASSERT ((. <= ((0x90200000 + ee_offset) + ee_size)), .cyeeprom data will not fit in EEPROM)

.cyflashprotect
                0x90400000      0x100
 *(.cyflashprotect)
 .cyflashprotect
                0x90400000      0x100 .\CortexM3\ARM_GCC_541\Debug\cymetadata.o
                0x90400000                cy_meta_flashprotect

.cymeta         0x90500000        0xc
 *(.cymeta)
 .cymeta        0x90500000        0xc .\CortexM3\ARM_GCC_541\Debug\cymetadata.o
                0x90500000                cy_metadata

.rel.dyn        0x00001350        0x0 load address 0x9050000c
 .rel.iplt      0x00001350        0x0 c:/program files (x86)/cypress/psoc creator/4.3/psoc creator/import/gnu/arm/5.4.1/bin/../lib/gcc/arm-none-eabi/5.4.1/armv7-m/crtbegin.o

.stab
 *(.stab)

.stabstr
 *(.stabstr)

.debug
 *(.debug)

.line
 *(.line)

.debug_srcinfo
 *(.debug_srcinfo)

.debug_sfnames
 *(.debug_sfnames)

.debug_aranges  0x00000000      0xab8
 *(.debug_aranges)
 .debug_aranges
                0x00000000       0x40 .\CortexM3\ARM_GCC_541\Debug\main.o
 .debug_aranges
                0x00000040       0x38 .\CortexM3\ARM_GCC_541\Debug\fir_filter1.o
 .debug_aranges
                0x00000078       0x68 .\CortexM3\ARM_GCC_541\Debug\cyfitter_cfg.o
 .debug_aranges
                0x000000e0       0x18 .\CortexM3\ARM_GCC_541\Debug\cymetadata.o
 .debug_aranges
                0x000000f8       0x48 .\CortexM3\ARM_GCC_541\Debug\Cm3Start.o
 .debug_aranges
                0x00000140       0xe8 .\CortexM3\ARM_GCC_541\Debug\ADC_TO_FILTERBANK.a(ADC_DelSig_1.o)
 .debug_aranges
                0x00000228       0x38 .\CortexM3\ARM_GCC_541\Debug\ADC_TO_FILTERBANK.a(ADC_DelSig_1_INT.o)
 .debug_aranges
                0x00000260       0x40 .\CortexM3\ARM_GCC_541\Debug\ADC_TO_FILTERBANK.a(Opamp_1.o)
 .debug_aranges
                0x000002a0       0x28 .\CortexM3\ARM_GCC_541\Debug\ADC_TO_FILTERBANK.a(DMA_1_dma.o)
 .debug_aranges
                0x000002c8       0x70 .\CortexM3\ARM_GCC_541\Debug\ADC_TO_FILTERBANK.a(ADC_DelSig_1_Ext_CP_Clk.o)
 .debug_aranges
                0x00000338       0x80 .\CortexM3\ARM_GCC_541\Debug\ADC_TO_FILTERBANK.a(ADC_DelSig_1_IRQ.o)
 .debug_aranges
                0x000003b8       0x80 .\CortexM3\ARM_GCC_541\Debug\ADC_TO_FILTERBANK.a(ADC_DelSig_1_theACLK.o)
 .debug_aranges
                0x00000438       0xd8 .\CortexM3\ARM_GCC_541\Debug\ADC_TO_FILTERBANK.a(CyDmac.o)
 .debug_aranges
                0x00000510      0x2a0 .\CortexM3\ARM_GCC_541\Debug\ADC_TO_FILTERBANK.a(CyLib.o)
 .debug_aranges
                0x000007b0       0x98 .\CortexM3\ARM_GCC_541\Debug\ADC_TO_FILTERBANK.a(cyPm.o)
 .debug_aranges
                0x00000848       0x80 .\CortexM3\ARM_GCC_541\Debug\ADC_TO_FILTERBANK.a(ISR_DMA_Done.o)
 .debug_aranges
                0x000008c8       0x58 .\CortexM3\ARM_GCC_541\Debug\ADC_TO_FILTERBANK.a(VDAC8_1.o)
 .debug_aranges
                0x00000920       0x40 .\CortexM3\ARM_GCC_541\Debug\ADC_TO_FILTERBANK.a(Opamp_2.o)
 .debug_aranges
                0x00000960       0x30 .\CortexM3\ARM_GCC_541\Debug\ADC_TO_FILTERBANK.a(ADC_DelSig_1_AMux.o)
 .debug_aranges
                0x00000990       0x20 .\CortexM3\ARM_GCC_541\Debug\ADC_TO_FILTERBANK.a(CyBootAsmGnu.o)
 .debug_aranges
                0x000009b0       0x88 .\CortexM3\ARM_GCC_541\Debug\ADC_TO_FILTERBANK.a(CyFlash.o)
 .debug_aranges
                0x00000a38       0x80 .\CortexM3\ARM_GCC_541\Debug\ADC_TO_FILTERBANK.a(CySpc.o)

.debug_pubnames
 *(.debug_pubnames)

.debug_info     0x00000000     0x6452
 *(.debug_info .gnu.linkonce.wi.*)
 .debug_info    0x00000000      0x487 .\CortexM3\ARM_GCC_541\Debug\main.o
 .debug_info    0x00000487      0x289 .\CortexM3\ARM_GCC_541\Debug\fir_filter1.o
 .debug_info    0x00000710      0x5d1 .\CortexM3\ARM_GCC_541\Debug\cyfitter_cfg.o
 .debug_info    0x00000ce1      0x134 .\CortexM3\ARM_GCC_541\Debug\cymetadata.o
 .debug_info    0x00000e15      0x3cf .\CortexM3\ARM_GCC_541\Debug\Cm3Start.o
 .debug_info    0x000011e4      0xbef .\CortexM3\ARM_GCC_541\Debug\ADC_TO_FILTERBANK.a(ADC_DelSig_1.o)
 .debug_info    0x00001dd3       0xd3 .\CortexM3\ARM_GCC_541\Debug\ADC_TO_FILTERBANK.a(ADC_DelSig_1_INT.o)
 .debug_info    0x00001ea6      0x151 .\CortexM3\ARM_GCC_541\Debug\ADC_TO_FILTERBANK.a(Opamp_1.o)
 .debug_info    0x00001ff7      0x1a8 .\CortexM3\ARM_GCC_541\Debug\ADC_TO_FILTERBANK.a(DMA_1_dma.o)
 .debug_info    0x0000219f      0x283 .\CortexM3\ARM_GCC_541\Debug\ADC_TO_FILTERBANK.a(ADC_DelSig_1_Ext_CP_Clk.o)
 .debug_info    0x00002422      0x2d2 .\CortexM3\ARM_GCC_541\Debug\ADC_TO_FILTERBANK.a(ADC_DelSig_1_IRQ.o)
 .debug_info    0x000026f4      0x2c4 .\CortexM3\ARM_GCC_541\Debug\ADC_TO_FILTERBANK.a(ADC_DelSig_1_theACLK.o)
 .debug_info    0x000029b8      0x94e .\CortexM3\ARM_GCC_541\Debug\ADC_TO_FILTERBANK.a(CyDmac.o)
 .debug_info    0x00003306     0x1374 .\CortexM3\ARM_GCC_541\Debug\ADC_TO_FILTERBANK.a(CyLib.o)
 .debug_info    0x0000467a      0xa2a .\CortexM3\ARM_GCC_541\Debug\ADC_TO_FILTERBANK.a(cyPm.o)
 .debug_info    0x000050a4      0x2d2 .\CortexM3\ARM_GCC_541\Debug\ADC_TO_FILTERBANK.a(ISR_DMA_Done.o)
 .debug_info    0x00005376      0x1e0 .\CortexM3\ARM_GCC_541\Debug\ADC_TO_FILTERBANK.a(VDAC8_1.o)
 .debug_info    0x00005556      0x151 .\CortexM3\ARM_GCC_541\Debug\ADC_TO_FILTERBANK.a(Opamp_2.o)
 .debug_info    0x000056a7      0x165 .\CortexM3\ARM_GCC_541\Debug\ADC_TO_FILTERBANK.a(ADC_DelSig_1_AMux.o)
 .debug_info    0x0000580c       0xa9 .\CortexM3\ARM_GCC_541\Debug\ADC_TO_FILTERBANK.a(CyBootAsmGnu.o)
 .debug_info    0x000058b5      0x64d .\CortexM3\ARM_GCC_541\Debug\ADC_TO_FILTERBANK.a(CyFlash.o)
 .debug_info    0x00005f02      0x550 .\CortexM3\ARM_GCC_541\Debug\ADC_TO_FILTERBANK.a(CySpc.o)

.debug_abbrev   0x00000000     0x1b49
 *(.debug_abbrev)
 .debug_abbrev  0x00000000      0x16f .\CortexM3\ARM_GCC_541\Debug\main.o
 .debug_abbrev  0x0000016f      0x131 .\CortexM3\ARM_GCC_541\Debug\fir_filter1.o
 .debug_abbrev  0x000002a0      0x21e .\CortexM3\ARM_GCC_541\Debug\cyfitter_cfg.o
 .debug_abbrev  0x000004be       0x5d .\CortexM3\ARM_GCC_541\Debug\cymetadata.o
 .debug_abbrev  0x0000051b      0x1e8 .\CortexM3\ARM_GCC_541\Debug\Cm3Start.o
 .debug_abbrev  0x00000703      0x1eb .\CortexM3\ARM_GCC_541\Debug\ADC_TO_FILTERBANK.a(ADC_DelSig_1.o)
 .debug_abbrev  0x000008ee       0x42 .\CortexM3\ARM_GCC_541\Debug\ADC_TO_FILTERBANK.a(ADC_DelSig_1_INT.o)
 .debug_abbrev  0x00000930       0xb2 .\CortexM3\ARM_GCC_541\Debug\ADC_TO_FILTERBANK.a(Opamp_1.o)
 .debug_abbrev  0x000009e2       0xcd .\CortexM3\ARM_GCC_541\Debug\ADC_TO_FILTERBANK.a(DMA_1_dma.o)
 .debug_abbrev  0x00000aaf      0x139 .\CortexM3\ARM_GCC_541\Debug\ADC_TO_FILTERBANK.a(ADC_DelSig_1_Ext_CP_Clk.o)
 .debug_abbrev  0x00000be8      0x173 .\CortexM3\ARM_GCC_541\Debug\ADC_TO_FILTERBANK.a(ADC_DelSig_1_IRQ.o)
 .debug_abbrev  0x00000d5b      0x121 .\CortexM3\ARM_GCC_541\Debug\ADC_TO_FILTERBANK.a(ADC_DelSig_1_theACLK.o)
 .debug_abbrev  0x00000e7c      0x1b2 .\CortexM3\ARM_GCC_541\Debug\ADC_TO_FILTERBANK.a(CyDmac.o)
 .debug_abbrev  0x0000102e      0x254 .\CortexM3\ARM_GCC_541\Debug\ADC_TO_FILTERBANK.a(CyLib.o)
 .debug_abbrev  0x00001282      0x1ab .\CortexM3\ARM_GCC_541\Debug\ADC_TO_FILTERBANK.a(cyPm.o)
 .debug_abbrev  0x0000142d      0x173 .\CortexM3\ARM_GCC_541\Debug\ADC_TO_FILTERBANK.a(ISR_DMA_Done.o)
 .debug_abbrev  0x000015a0       0xf7 .\CortexM3\ARM_GCC_541\Debug\ADC_TO_FILTERBANK.a(VDAC8_1.o)
 .debug_abbrev  0x00001697       0xb2 .\CortexM3\ARM_GCC_541\Debug\ADC_TO_FILTERBANK.a(Opamp_2.o)
 .debug_abbrev  0x00001749       0xb1 .\CortexM3\ARM_GCC_541\Debug\ADC_TO_FILTERBANK.a(ADC_DelSig_1_AMux.o)
 .debug_abbrev  0x000017fa       0x14 .\CortexM3\ARM_GCC_541\Debug\ADC_TO_FILTERBANK.a(CyBootAsmGnu.o)
 .debug_abbrev  0x0000180e      0x1a7 .\CortexM3\ARM_GCC_541\Debug\ADC_TO_FILTERBANK.a(CyFlash.o)
 .debug_abbrev  0x000019b5      0x194 .\CortexM3\ARM_GCC_541\Debug\ADC_TO_FILTERBANK.a(CySpc.o)

.debug_line     0x00000000     0x2b07
 *(.debug_line)
 .debug_line    0x00000000      0x271 .\CortexM3\ARM_GCC_541\Debug\main.o
 .debug_line    0x00000271      0x244 .\CortexM3\ARM_GCC_541\Debug\fir_filter1.o
 .debug_line    0x000004b5        0x0 .\CortexM3\ARM_GCC_541\Debug\encoding.o
 .debug_line    0x000004b5      0x207 .\CortexM3\ARM_GCC_541\Debug\cyfitter_cfg.o
 .debug_line    0x000006bc      0x141 .\CortexM3\ARM_GCC_541\Debug\cymetadata.o
 .debug_line    0x000007fd      0x241 .\CortexM3\ARM_GCC_541\Debug\Cm3Start.o
 .debug_line    0x00000a3e      0x3ee .\CortexM3\ARM_GCC_541\Debug\ADC_TO_FILTERBANK.a(ADC_DelSig_1.o)
 .debug_line    0x00000e2c       0x89 .\CortexM3\ARM_GCC_541\Debug\ADC_TO_FILTERBANK.a(ADC_DelSig_1_INT.o)
 .debug_line    0x00000eb5       0xaa .\CortexM3\ARM_GCC_541\Debug\ADC_TO_FILTERBANK.a(Opamp_1.o)
 .debug_line    0x00000f5f       0x82 .\CortexM3\ARM_GCC_541\Debug\ADC_TO_FILTERBANK.a(DMA_1_dma.o)
 .debug_line    0x00000fe1      0x186 .\CortexM3\ARM_GCC_541\Debug\ADC_TO_FILTERBANK.a(ADC_DelSig_1_Ext_CP_Clk.o)
 .debug_line    0x00001167      0x13d .\CortexM3\ARM_GCC_541\Debug\ADC_TO_FILTERBANK.a(ADC_DelSig_1_IRQ.o)
 .debug_line    0x000012a4      0x1a6 .\CortexM3\ARM_GCC_541\Debug\ADC_TO_FILTERBANK.a(ADC_DelSig_1_theACLK.o)
 .debug_line    0x0000144a      0x2e4 .\CortexM3\ARM_GCC_541\Debug\ADC_TO_FILTERBANK.a(CyDmac.o)
 .debug_line    0x0000172e      0x816 .\CortexM3\ARM_GCC_541\Debug\ADC_TO_FILTERBANK.a(CyLib.o)
 .debug_line    0x00001f44      0x367 .\CortexM3\ARM_GCC_541\Debug\ADC_TO_FILTERBANK.a(cyPm.o)
 .debug_line    0x000022ab      0x139 .\CortexM3\ARM_GCC_541\Debug\ADC_TO_FILTERBANK.a(ISR_DMA_Done.o)
 .debug_line    0x000023e4       0xe4 .\CortexM3\ARM_GCC_541\Debug\ADC_TO_FILTERBANK.a(VDAC8_1.o)
 .debug_line    0x000024c8       0xaa .\CortexM3\ARM_GCC_541\Debug\ADC_TO_FILTERBANK.a(Opamp_2.o)
 .debug_line    0x00002572       0xb5 .\CortexM3\ARM_GCC_541\Debug\ADC_TO_FILTERBANK.a(ADC_DelSig_1_AMux.o)
 .debug_line    0x00002627       0x66 .\CortexM3\ARM_GCC_541\Debug\ADC_TO_FILTERBANK.a(CyBootAsmGnu.o)
 .debug_line    0x0000268d      0x21a .\CortexM3\ARM_GCC_541\Debug\ADC_TO_FILTERBANK.a(CyFlash.o)
 .debug_line    0x000028a7      0x260 .\CortexM3\ARM_GCC_541\Debug\ADC_TO_FILTERBANK.a(CySpc.o)

.debug_frame    0x00000000     0x1b4c
 *(.debug_frame)
 .debug_frame   0x00000000       0xc8 .\CortexM3\ARM_GCC_541\Debug\main.o
 .debug_frame   0x000000c8       0x90 .\CortexM3\ARM_GCC_541\Debug\fir_filter1.o
 .debug_frame   0x00000158      0x104 .\CortexM3\ARM_GCC_541\Debug\cyfitter_cfg.o
 .debug_frame   0x0000025c       0xb8 .\CortexM3\ARM_GCC_541\Debug\Cm3Start.o
 .debug_frame   0x00000314      0x284 .\CortexM3\ARM_GCC_541\Debug\ADC_TO_FILTERBANK.a(ADC_DelSig_1.o)
 .debug_frame   0x00000598       0x50 .\CortexM3\ARM_GCC_541\Debug\ADC_TO_FILTERBANK.a(ADC_DelSig_1_INT.o)
 .debug_frame   0x000005e8       0x78 .\CortexM3\ARM_GCC_541\Debug\ADC_TO_FILTERBANK.a(Opamp_1.o)
 .debug_frame   0x00000660       0x54 .\CortexM3\ARM_GCC_541\Debug\ADC_TO_FILTERBANK.a(DMA_1_dma.o)
 .debug_frame   0x000006b4       0xe0 .\CortexM3\ARM_GCC_541\Debug\ADC_TO_FILTERBANK.a(ADC_DelSig_1_Ext_CP_Clk.o)
 .debug_frame   0x00000794      0x104 .\CortexM3\ARM_GCC_541\Debug\ADC_TO_FILTERBANK.a(ADC_DelSig_1_IRQ.o)
 .debug_frame   0x00000898      0x100 .\CortexM3\ARM_GCC_541\Debug\ADC_TO_FILTERBANK.a(ADC_DelSig_1_theACLK.o)
 .debug_frame   0x00000998      0x1f8 .\CortexM3\ARM_GCC_541\Debug\ADC_TO_FILTERBANK.a(CyDmac.o)
 .debug_frame   0x00000b90      0x738 .\CortexM3\ARM_GCC_541\Debug\ADC_TO_FILTERBANK.a(CyLib.o)
 .debug_frame   0x000012c8      0x1f8 .\CortexM3\ARM_GCC_541\Debug\ADC_TO_FILTERBANK.a(cyPm.o)
 .debug_frame   0x000014c0      0x104 .\CortexM3\ARM_GCC_541\Debug\ADC_TO_FILTERBANK.a(ISR_DMA_Done.o)
 .debug_frame   0x000015c4       0xb4 .\CortexM3\ARM_GCC_541\Debug\ADC_TO_FILTERBANK.a(VDAC8_1.o)
 .debug_frame   0x00001678       0x78 .\CortexM3\ARM_GCC_541\Debug\ADC_TO_FILTERBANK.a(Opamp_2.o)
 .debug_frame   0x000016f0       0x64 .\CortexM3\ARM_GCC_541\Debug\ADC_TO_FILTERBANK.a(ADC_DelSig_1_AMux.o)
 .debug_frame   0x00001754      0x194 .\CortexM3\ARM_GCC_541\Debug\ADC_TO_FILTERBANK.a(CyFlash.o)
 .debug_frame   0x000018e8      0x180 .\CortexM3\ARM_GCC_541\Debug\ADC_TO_FILTERBANK.a(CySpc.o)
 .debug_frame   0x00001a68       0x20 c:/program files (x86)/cypress/psoc creator/4.3/psoc creator/import/gnu/arm/5.4.1/bin/../lib/gcc/arm-none-eabi/5.4.1/../../../../arm-none-eabi/lib/armv7-m\libg_nano.a(lib_a-errno.o)
 .debug_frame   0x00001a88       0x28 c:/program files (x86)/cypress/psoc creator/4.3/psoc creator/import/gnu/arm/5.4.1/bin/../lib/gcc/arm-none-eabi/5.4.1/../../../../arm-none-eabi/lib/armv7-m\libg_nano.a(lib_a-exit.o)
 .debug_frame   0x00001ab0       0x2c c:/program files (x86)/cypress/psoc creator/4.3/psoc creator/import/gnu/arm/5.4.1/bin/../lib/gcc/arm-none-eabi/5.4.1/../../../../arm-none-eabi/lib/armv7-m\libg_nano.a(lib_a-init.o)
 .debug_frame   0x00001adc       0x28 c:/program files (x86)/cypress/psoc creator/4.3/psoc creator/import/gnu/arm/5.4.1/bin/../lib/gcc/arm-none-eabi/5.4.1/../../../../arm-none-eabi/lib/armv7-m\libg_nano.a(lib_a-memcpy-stub.o)
 .debug_frame   0x00001b04       0x28 c:/program files (x86)/cypress/psoc creator/4.3/psoc creator/import/gnu/arm/5.4.1/bin/../lib/gcc/arm-none-eabi/5.4.1/../../../../arm-none-eabi/lib/armv7-m\libg_nano.a(lib_a-memmove.o)
 .debug_frame   0x00001b2c       0x20 c:/program files (x86)/cypress/psoc creator/4.3/psoc creator/import/gnu/arm/5.4.1/bin/../lib/gcc/arm-none-eabi/5.4.1/../../../../arm-none-eabi/lib/armv7-m\libg_nano.a(lib_a-memset.o)

.debug_str      0x00000000     0x261a
 *(.debug_str)
 .debug_str     0x00000000      0x352 .\CortexM3\ARM_GCC_541\Debug\main.o
                                0x3ad (size before relaxing)
 .debug_str     0x00000352       0x46 .\CortexM3\ARM_GCC_541\Debug\fir_filter1.o
                                0x262 (size before relaxing)
 .debug_str     0x00000398        0xb .\CortexM3\ARM_GCC_541\Debug\encoding.o
                                 0xf4 (size before relaxing)
 .debug_str     0x000003a3      0x1d6 .\CortexM3\ARM_GCC_541\Debug\cyfitter_cfg.o
                                0x39e (size before relaxing)
 .debug_str     0x00000579       0x7f .\CortexM3\ARM_GCC_541\Debug\cymetadata.o
                                0x1fd (size before relaxing)
 .debug_str     0x000005f8      0x14e .\CortexM3\ARM_GCC_541\Debug\Cm3Start.o
                                0x333 (size before relaxing)
 .debug_str     0x00000746      0x521 .\CortexM3\ARM_GCC_541\Debug\ADC_TO_FILTERBANK.a(ADC_DelSig_1.o)
                                0x753 (size before relaxing)
 .debug_str     0x00000c67       0x72 .\CortexM3\ARM_GCC_541\Debug\ADC_TO_FILTERBANK.a(ADC_DelSig_1_INT.o)
                                0x206 (size before relaxing)
 .debug_str     0x00000cd9       0x71 .\CortexM3\ARM_GCC_541\Debug\ADC_TO_FILTERBANK.a(Opamp_1.o)
                                0x21e (size before relaxing)
 .debug_str     0x00000d4a       0xd0 .\CortexM3\ARM_GCC_541\Debug\ADC_TO_FILTERBANK.a(DMA_1_dma.o)
                                0x285 (size before relaxing)
 .debug_str     0x00000e1a      0x1cd .\CortexM3\ARM_GCC_541\Debug\ADC_TO_FILTERBANK.a(ADC_DelSig_1_Ext_CP_Clk.o)
                                0x3c7 (size before relaxing)
 .debug_str     0x00000fe7      0x17f .\CortexM3\ARM_GCC_541\Debug\ADC_TO_FILTERBANK.a(ADC_DelSig_1_IRQ.o)
                                0x359 (size before relaxing)
 .debug_str     0x00001166      0x1bb .\CortexM3\ARM_GCC_541\Debug\ADC_TO_FILTERBANK.a(ADC_DelSig_1_theACLK.o)
                                0x3f8 (size before relaxing)
 .debug_str     0x00001321      0x2a1 .\CortexM3\ARM_GCC_541\Debug\ADC_TO_FILTERBANK.a(CyDmac.o)
                                0x563 (size before relaxing)
 .debug_str     0x000015c2      0x7c0 .\CortexM3\ARM_GCC_541\Debug\ADC_TO_FILTERBANK.a(CyLib.o)
                                0xa60 (size before relaxing)
 .debug_str     0x00001d82      0x365 .\CortexM3\ARM_GCC_541\Debug\ADC_TO_FILTERBANK.a(cyPm.o)
                                0x74c (size before relaxing)
 .debug_str     0x000020e7      0x135 .\CortexM3\ARM_GCC_541\Debug\ADC_TO_FILTERBANK.a(ISR_DMA_Done.o)
                                0x321 (size before relaxing)
 .debug_str     0x0000221c       0xa9 .\CortexM3\ARM_GCC_541\Debug\ADC_TO_FILTERBANK.a(VDAC8_1.o)
                                0x24c (size before relaxing)
 .debug_str     0x000022c5       0x6b .\CortexM3\ARM_GCC_541\Debug\ADC_TO_FILTERBANK.a(Opamp_2.o)
                                0x21e (size before relaxing)
 .debug_str     0x00002330       0x83 .\CortexM3\ARM_GCC_541\Debug\ADC_TO_FILTERBANK.a(ADC_DelSig_1_AMux.o)
                                0x257 (size before relaxing)
 .debug_str     0x000023b3      0x1bb .\CortexM3\ARM_GCC_541\Debug\ADC_TO_FILTERBANK.a(CyFlash.o)
                                0x3d9 (size before relaxing)
 .debug_str     0x0000256e       0xac .\CortexM3\ARM_GCC_541\Debug\ADC_TO_FILTERBANK.a(CySpc.o)
                                0x351 (size before relaxing)

.debug_loc      0x00000000     0x3350
 *(.debug_loc)
 .debug_loc     0x00000000      0x13a .\CortexM3\ARM_GCC_541\Debug\main.o
 .debug_loc     0x0000013a      0x12e .\CortexM3\ARM_GCC_541\Debug\fir_filter1.o
 .debug_loc     0x00000268      0x219 .\CortexM3\ARM_GCC_541\Debug\cyfitter_cfg.o
 .debug_loc     0x00000481      0x144 .\CortexM3\ARM_GCC_541\Debug\Cm3Start.o
 .debug_loc     0x000005c5      0x681 .\CortexM3\ARM_GCC_541\Debug\ADC_TO_FILTERBANK.a(ADC_DelSig_1.o)
 .debug_loc     0x00000c46       0x21 .\CortexM3\ARM_GCC_541\Debug\ADC_TO_FILTERBANK.a(Opamp_1.o)
 .debug_loc     0x00000c67       0x84 .\CortexM3\ARM_GCC_541\Debug\ADC_TO_FILTERBANK.a(DMA_1_dma.o)
 .debug_loc     0x00000ceb      0x12c .\CortexM3\ARM_GCC_541\Debug\ADC_TO_FILTERBANK.a(ADC_DelSig_1_Ext_CP_Clk.o)
 .debug_loc     0x00000e17       0x56 .\CortexM3\ARM_GCC_541\Debug\ADC_TO_FILTERBANK.a(ADC_DelSig_1_IRQ.o)
 .debug_loc     0x00000e6d      0x14d .\CortexM3\ARM_GCC_541\Debug\ADC_TO_FILTERBANK.a(ADC_DelSig_1_theACLK.o)
 .debug_loc     0x00000fba      0xb8e .\CortexM3\ARM_GCC_541\Debug\ADC_TO_FILTERBANK.a(CyDmac.o)
 .debug_loc     0x00001b48      0xa11 .\CortexM3\ARM_GCC_541\Debug\ADC_TO_FILTERBANK.a(CyLib.o)
 .debug_loc     0x00002559      0x1e4 .\CortexM3\ARM_GCC_541\Debug\ADC_TO_FILTERBANK.a(cyPm.o)
 .debug_loc     0x0000273d       0x56 .\CortexM3\ARM_GCC_541\Debug\ADC_TO_FILTERBANK.a(ISR_DMA_Done.o)
 .debug_loc     0x00002793       0x79 .\CortexM3\ARM_GCC_541\Debug\ADC_TO_FILTERBANK.a(VDAC8_1.o)
 .debug_loc     0x0000280c       0x21 .\CortexM3\ARM_GCC_541\Debug\ADC_TO_FILTERBANK.a(Opamp_2.o)
 .debug_loc     0x0000282d       0x6c .\CortexM3\ARM_GCC_541\Debug\ADC_TO_FILTERBANK.a(ADC_DelSig_1_AMux.o)
 .debug_loc     0x00002899      0x3b2 .\CortexM3\ARM_GCC_541\Debug\ADC_TO_FILTERBANK.a(CyFlash.o)
 .debug_loc     0x00002c4b      0x705 .\CortexM3\ARM_GCC_541\Debug\ADC_TO_FILTERBANK.a(CySpc.o)

.debug_macinfo
 *(.debug_macinfo)

.debug_ranges   0x00000000      0x940
 *(.debug_ranges)
 .debug_ranges  0x00000000       0x30 .\CortexM3\ARM_GCC_541\Debug\main.o
 .debug_ranges  0x00000030       0x28 .\CortexM3\ARM_GCC_541\Debug\fir_filter1.o
 .debug_ranges  0x00000058       0x58 .\CortexM3\ARM_GCC_541\Debug\cyfitter_cfg.o
 .debug_ranges  0x000000b0       0x38 .\CortexM3\ARM_GCC_541\Debug\Cm3Start.o
 .debug_ranges  0x000000e8       0xd8 .\CortexM3\ARM_GCC_541\Debug\ADC_TO_FILTERBANK.a(ADC_DelSig_1.o)
 .debug_ranges  0x000001c0       0x28 .\CortexM3\ARM_GCC_541\Debug\ADC_TO_FILTERBANK.a(ADC_DelSig_1_INT.o)
 .debug_ranges  0x000001e8       0x30 .\CortexM3\ARM_GCC_541\Debug\ADC_TO_FILTERBANK.a(Opamp_1.o)
 .debug_ranges  0x00000218       0x18 .\CortexM3\ARM_GCC_541\Debug\ADC_TO_FILTERBANK.a(DMA_1_dma.o)
 .debug_ranges  0x00000230       0x60 .\CortexM3\ARM_GCC_541\Debug\ADC_TO_FILTERBANK.a(ADC_DelSig_1_Ext_CP_Clk.o)
 .debug_ranges  0x00000290       0x70 .\CortexM3\ARM_GCC_541\Debug\ADC_TO_FILTERBANK.a(ADC_DelSig_1_IRQ.o)
 .debug_ranges  0x00000300       0x70 .\CortexM3\ARM_GCC_541\Debug\ADC_TO_FILTERBANK.a(ADC_DelSig_1_theACLK.o)
 .debug_ranges  0x00000370       0xc8 .\CortexM3\ARM_GCC_541\Debug\ADC_TO_FILTERBANK.a(CyDmac.o)
 .debug_ranges  0x00000438      0x290 .\CortexM3\ARM_GCC_541\Debug\ADC_TO_FILTERBANK.a(CyLib.o)
 .debug_ranges  0x000006c8       0x88 .\CortexM3\ARM_GCC_541\Debug\ADC_TO_FILTERBANK.a(cyPm.o)
 .debug_ranges  0x00000750       0x70 .\CortexM3\ARM_GCC_541\Debug\ADC_TO_FILTERBANK.a(ISR_DMA_Done.o)
 .debug_ranges  0x000007c0       0x48 .\CortexM3\ARM_GCC_541\Debug\ADC_TO_FILTERBANK.a(VDAC8_1.o)
 .debug_ranges  0x00000808       0x30 .\CortexM3\ARM_GCC_541\Debug\ADC_TO_FILTERBANK.a(Opamp_2.o)
 .debug_ranges  0x00000838       0x20 .\CortexM3\ARM_GCC_541\Debug\ADC_TO_FILTERBANK.a(ADC_DelSig_1_AMux.o)
 .debug_ranges  0x00000858       0x78 .\CortexM3\ARM_GCC_541\Debug\ADC_TO_FILTERBANK.a(CyFlash.o)
 .debug_ranges  0x000008d0       0x70 .\CortexM3\ARM_GCC_541\Debug\ADC_TO_FILTERBANK.a(CySpc.o)

.comment        0x00000000       0x6e
 .comment       0x00000000       0x6e .\CortexM3\ARM_GCC_541\Debug\main.o
                                 0x6f (size before relaxing)
 .comment       0x0000006e       0x6f .\CortexM3\ARM_GCC_541\Debug\fir_filter1.o
 .comment       0x0000006e       0x6f .\CortexM3\ARM_GCC_541\Debug\encoding.o
 .comment       0x0000006e       0x6f .\CortexM3\ARM_GCC_541\Debug\cyfitter_cfg.o
 .comment       0x0000006e       0x6f .\CortexM3\ARM_GCC_541\Debug\cymetadata.o
 .comment       0x0000006e       0x6f .\CortexM3\ARM_GCC_541\Debug\Cm3Start.o
 .comment       0x0000006e       0x6f .\CortexM3\ARM_GCC_541\Debug\ADC_TO_FILTERBANK.a(ADC_DelSig_1.o)
 .comment       0x0000006e       0x6f .\CortexM3\ARM_GCC_541\Debug\ADC_TO_FILTERBANK.a(ADC_DelSig_1_INT.o)
 .comment       0x0000006e       0x6f .\CortexM3\ARM_GCC_541\Debug\ADC_TO_FILTERBANK.a(Opamp_1.o)
 .comment       0x0000006e       0x6f .\CortexM3\ARM_GCC_541\Debug\ADC_TO_FILTERBANK.a(DMA_1_dma.o)
 .comment       0x0000006e       0x6f .\CortexM3\ARM_GCC_541\Debug\ADC_TO_FILTERBANK.a(ADC_DelSig_1_Ext_CP_Clk.o)
 .comment       0x0000006e       0x6f .\CortexM3\ARM_GCC_541\Debug\ADC_TO_FILTERBANK.a(ADC_DelSig_1_IRQ.o)
 .comment       0x0000006e       0x6f .\CortexM3\ARM_GCC_541\Debug\ADC_TO_FILTERBANK.a(ADC_DelSig_1_theACLK.o)
 .comment       0x0000006e       0x6f .\CortexM3\ARM_GCC_541\Debug\ADC_TO_FILTERBANK.a(CyDmac.o)
 .comment       0x0000006e       0x6f .\CortexM3\ARM_GCC_541\Debug\ADC_TO_FILTERBANK.a(CyLib.o)
 .comment       0x0000006e       0x6f .\CortexM3\ARM_GCC_541\Debug\ADC_TO_FILTERBANK.a(cyPm.o)
 .comment       0x0000006e       0x6f .\CortexM3\ARM_GCC_541\Debug\ADC_TO_FILTERBANK.a(ISR_DMA_Done.o)
 .comment       0x0000006e       0x6f .\CortexM3\ARM_GCC_541\Debug\ADC_TO_FILTERBANK.a(VDAC8_1.o)
 .comment       0x0000006e       0x6f .\CortexM3\ARM_GCC_541\Debug\ADC_TO_FILTERBANK.a(Opamp_2.o)
 .comment       0x0000006e       0x6f .\CortexM3\ARM_GCC_541\Debug\ADC_TO_FILTERBANK.a(ADC_DelSig_1_AMux.o)
 .comment       0x0000006e       0x6f .\CortexM3\ARM_GCC_541\Debug\ADC_TO_FILTERBANK.a(CyFlash.o)
 .comment       0x0000006e       0x6f .\CortexM3\ARM_GCC_541\Debug\ADC_TO_FILTERBANK.a(CySpc.o)

.debug_weaknames
 *(.debug_weaknames)

.debug_funcnames
 *(.debug_funcnames)

.debug_typenames
 *(.debug_typenames)

.debug_varnames
 *(.debug_varnames)

.note.gnu.arm.ident
 *(.note.gnu.arm.ident)

.ARM.attributes
                0x00000000       0x29
 *(.ARM.attributes)
 .ARM.attributes
                0x00000000       0x1d c:/program files (x86)/cypress/psoc creator/4.3/psoc creator/import/gnu/arm/5.4.1/bin/../lib/gcc/arm-none-eabi/5.4.1/armv7-m/crti.o
 .ARM.attributes
                0x0000001d       0x2d c:/program files (x86)/cypress/psoc creator/4.3/psoc creator/import/gnu/arm/5.4.1/bin/../lib/gcc/arm-none-eabi/5.4.1/armv7-m/crtbegin.o
 .ARM.attributes
                0x0000004a       0x1b c:/program files (x86)/cypress/psoc creator/4.3/psoc creator/import/gnu/arm/5.4.1/bin/../lib/gcc/arm-none-eabi/5.4.1/../../../../arm-none-eabi/lib/armv7-m/crt0.o
 .ARM.attributes
                0x00000065       0x33 .\CortexM3\ARM_GCC_541\Debug\main.o
 .ARM.attributes
                0x00000098       0x33 .\CortexM3\ARM_GCC_541\Debug\fir_filter1.o
 .ARM.attributes
                0x000000cb       0x33 .\CortexM3\ARM_GCC_541\Debug\encoding.o
 .ARM.attributes
                0x000000fe       0x33 .\CortexM3\ARM_GCC_541\Debug\cyfitter_cfg.o
 .ARM.attributes
                0x00000131       0x33 .\CortexM3\ARM_GCC_541\Debug\cymetadata.o
 .ARM.attributes
                0x00000164       0x33 .\CortexM3\ARM_GCC_541\Debug\Cm3Start.o
 .ARM.attributes
                0x00000197       0x33 .\CortexM3\ARM_GCC_541\Debug\ADC_TO_FILTERBANK.a(ADC_DelSig_1.o)
 .ARM.attributes
                0x000001ca       0x33 .\CortexM3\ARM_GCC_541\Debug\ADC_TO_FILTERBANK.a(ADC_DelSig_1_INT.o)
 .ARM.attributes
                0x000001fd       0x33 .\CortexM3\ARM_GCC_541\Debug\ADC_TO_FILTERBANK.a(Opamp_1.o)
 .ARM.attributes
                0x00000230       0x33 .\CortexM3\ARM_GCC_541\Debug\ADC_TO_FILTERBANK.a(DMA_1_dma.o)
 .ARM.attributes
                0x00000263       0x33 .\CortexM3\ARM_GCC_541\Debug\ADC_TO_FILTERBANK.a(ADC_DelSig_1_Ext_CP_Clk.o)
 .ARM.attributes
                0x00000296       0x33 .\CortexM3\ARM_GCC_541\Debug\ADC_TO_FILTERBANK.a(ADC_DelSig_1_IRQ.o)
 .ARM.attributes
                0x000002c9       0x33 .\CortexM3\ARM_GCC_541\Debug\ADC_TO_FILTERBANK.a(ADC_DelSig_1_theACLK.o)
 .ARM.attributes
                0x000002fc       0x33 .\CortexM3\ARM_GCC_541\Debug\ADC_TO_FILTERBANK.a(CyDmac.o)
 .ARM.attributes
                0x0000032f       0x33 .\CortexM3\ARM_GCC_541\Debug\ADC_TO_FILTERBANK.a(CyLib.o)
 .ARM.attributes
                0x00000362       0x33 .\CortexM3\ARM_GCC_541\Debug\ADC_TO_FILTERBANK.a(cyPm.o)
 .ARM.attributes
                0x00000395       0x33 .\CortexM3\ARM_GCC_541\Debug\ADC_TO_FILTERBANK.a(ISR_DMA_Done.o)
 .ARM.attributes
                0x000003c8       0x33 .\CortexM3\ARM_GCC_541\Debug\ADC_TO_FILTERBANK.a(VDAC8_1.o)
 .ARM.attributes
                0x000003fb       0x33 .\CortexM3\ARM_GCC_541\Debug\ADC_TO_FILTERBANK.a(Opamp_2.o)
 .ARM.attributes
                0x0000042e       0x33 .\CortexM3\ARM_GCC_541\Debug\ADC_TO_FILTERBANK.a(ADC_DelSig_1_AMux.o)
 .ARM.attributes
                0x00000461       0x21 .\CortexM3\ARM_GCC_541\Debug\ADC_TO_FILTERBANK.a(CyBootAsmGnu.o)
 .ARM.attributes
                0x00000482       0x33 .\CortexM3\ARM_GCC_541\Debug\ADC_TO_FILTERBANK.a(CyFlash.o)
 .ARM.attributes
                0x000004b5       0x33 .\CortexM3\ARM_GCC_541\Debug\ADC_TO_FILTERBANK.a(CySpc.o)
 .ARM.attributes
                0x000004e8       0x1d c:/program files (x86)/cypress/psoc creator/4.3/psoc creator/import/gnu/arm/5.4.1/bin/../lib/gcc/arm-none-eabi/5.4.1/armv7-m\libgcc.a(_arm_addsubdf3.o)
 .ARM.attributes
                0x00000505       0x1d c:/program files (x86)/cypress/psoc creator/4.3/psoc creator/import/gnu/arm/5.4.1/bin/../lib/gcc/arm-none-eabi/5.4.1/armv7-m\libgcc.a(_arm_cmpdf2.o)
 .ARM.attributes
                0x00000522       0x1d c:/program files (x86)/cypress/psoc creator/4.3/psoc creator/import/gnu/arm/5.4.1/bin/../lib/gcc/arm-none-eabi/5.4.1/armv7-m\libgcc.a(_arm_fixdfsi.o)
 .ARM.attributes
                0x0000053f       0x1d c:/program files (x86)/cypress/psoc creator/4.3/psoc creator/import/gnu/arm/5.4.1/bin/../lib/gcc/arm-none-eabi/5.4.1/armv7-m\libgcc.a(_arm_addsubsf3.o)
 .ARM.attributes
                0x0000055c       0x1d c:/program files (x86)/cypress/psoc creator/4.3/psoc creator/import/gnu/arm/5.4.1/bin/../lib/gcc/arm-none-eabi/5.4.1/armv7-m\libgcc.a(_arm_muldivsf3.o)
 .ARM.attributes
                0x00000579       0x1d c:/program files (x86)/cypress/psoc creator/4.3/psoc creator/import/gnu/arm/5.4.1/bin/../lib/gcc/arm-none-eabi/5.4.1/armv7-m\libgcc.a(_arm_fixunssfsi.o)
 .ARM.attributes
                0x00000596       0x2d c:/program files (x86)/cypress/psoc creator/4.3/psoc creator/import/gnu/arm/5.4.1/bin/../lib/gcc/arm-none-eabi/5.4.1/../../../../arm-none-eabi/lib/armv7-m\libg_nano.a(lib_a-errno.o)
 .ARM.attributes
                0x000005c3       0x2d c:/program files (x86)/cypress/psoc creator/4.3/psoc creator/import/gnu/arm/5.4.1/bin/../lib/gcc/arm-none-eabi/5.4.1/../../../../arm-none-eabi/lib/armv7-m\libg_nano.a(lib_a-exit.o)
 .ARM.attributes
                0x000005f0       0x2d c:/program files (x86)/cypress/psoc creator/4.3/psoc creator/import/gnu/arm/5.4.1/bin/../lib/gcc/arm-none-eabi/5.4.1/../../../../arm-none-eabi/lib/armv7-m\libg_nano.a(lib_a-impure.o)
 .ARM.attributes
                0x0000061d       0x2d c:/program files (x86)/cypress/psoc creator/4.3/psoc creator/import/gnu/arm/5.4.1/bin/../lib/gcc/arm-none-eabi/5.4.1/../../../../arm-none-eabi/lib/armv7-m\libg_nano.a(lib_a-init.o)
 .ARM.attributes
                0x0000064a       0x2d c:/program files (x86)/cypress/psoc creator/4.3/psoc creator/import/gnu/arm/5.4.1/bin/../lib/gcc/arm-none-eabi/5.4.1/../../../../arm-none-eabi/lib/armv7-m\libg_nano.a(lib_a-memcpy-stub.o)
 .ARM.attributes
                0x00000677       0x2d c:/program files (x86)/cypress/psoc creator/4.3/psoc creator/import/gnu/arm/5.4.1/bin/../lib/gcc/arm-none-eabi/5.4.1/../../../../arm-none-eabi/lib/armv7-m\libg_nano.a(lib_a-memmove.o)
 .ARM.attributes
                0x000006a4       0x2d c:/program files (x86)/cypress/psoc creator/4.3/psoc creator/import/gnu/arm/5.4.1/bin/../lib/gcc/arm-none-eabi/5.4.1/../../../../arm-none-eabi/lib/armv7-m\libg_nano.a(lib_a-memset.o)
 .ARM.attributes
                0x000006d1       0x2d c:/program files (x86)/cypress/psoc creator/4.3/psoc creator/import/gnu/arm/5.4.1/bin/../lib/gcc/arm-none-eabi/5.4.1/armv7-m/crtend.o
 .ARM.attributes
                0x000006fe       0x1d c:/program files (x86)/cypress/psoc creator/4.3/psoc creator/import/gnu/arm/5.4.1/bin/../lib/gcc/arm-none-eabi/5.4.1/armv7-m/crtn.o

/DISCARD/
 *(.note.GNU-stack)
OUTPUT(C:\PRJ3 git\E3PRJ3\Software\Styringsenhed\ADC\ADC_TO_FIRFILTERBANK\ADC_TO_FILTERBANK.cydsn\CortexM3\ARM_GCC_541\Debug\ADC_TO_FILTERBANK.elf elf32-littlearm)
